Component: ARM Compiler 6.14 Tool: armlink [5db06800]

==============================================================================

Section Cross References

    main.o(.text.main) refers to misc.o(.text.NVIC_PriorityGroupConfig) for NVIC_PriorityGroupConfig
    main.o(.text.main) refers to board.o(.text._Z11sysTickInitv) for sysTickInit()
    main.o(.text.main) refers to main.o(.bss.StartTask_Handler) for StartTask_Handler
    main.o(.text.main) refers to start_task.o(.text._Z10Start_TaskPv) for Start_Task(void*)
    main.o(.text.main) refers to main.o(.rodata.str1.1) for .L.str
    main.o(.text.main) refers to tasks.o(.text.xTaskCreate) for xTaskCreate
    main.o(.text.main) refers to tasks.o(.text.vTaskStartScheduler) for vTaskStartScheduler
    main.o(.ARM.exidx.text.main) refers to main.o(.text.main) for [Anonymous Symbol]
    board.o(.text._Z11sysTickInitv) refers to stm32f4xx_rcc.o(.text.RCC_GetClocksFreq) for RCC_GetClocksFreq
    board.o(.text._Z11sysTickInitv) refers to board.o(.text._ZL14SysTick_Configj) for _ZL14SysTick_Configj
    board.o(.text._Z11sysTickInitv) refers to misc.o(.text.SysTick_CLKSourceConfig) for SysTick_CLKSourceConfig
    board.o(.ARM.exidx.text._Z11sysTickInitv) refers to board.o(.text._Z11sysTickInitv) for [Anonymous Symbol]
    board.o(.text._ZL14SysTick_Configj) refers to board.o(.text._ZL18__NVIC_SetPriority4IRQnj) for _ZL18__NVIC_SetPriority4IRQnj
    board.o(.ARM.exidx.text._ZL14SysTick_Configj) refers to board.o(.text._ZL14SysTick_Configj) for [Anonymous Symbol]
    board.o(.text._Z12getSysTimeUsv) refers to board.o(.bss.sysTickUptime) for sysTickUptime
    board.o(.ARM.exidx.text._Z12getSysTimeUsv) refers to board.o(.text._Z12getSysTimeUsv) for [Anonymous Symbol]
    board.o(.text._Z7delayUsj) refers to board.o(.text._Z12getSysTimeUsv) for getSysTimeUs()
    board.o(.text._Z7delayUsj) refers to iwdg.o(.text._Z8iwdgFeedv) for iwdgFeed()
    board.o(.ARM.exidx.text._Z7delayUsj) refers to board.o(.text._Z7delayUsj) for [Anonymous Symbol]
    board.o(.text._Z7delayMsj) refers to board.o(.text._Z7delayUsj) for delayUs(unsigned)
    board.o(.ARM.exidx.text._Z7delayMsj) refers to board.o(.text._Z7delayMsj) for [Anonymous Symbol]
    board.o(.text.delayUsTask) refers to tasks.o(.text.xTaskGetSchedulerState) for xTaskGetSchedulerState
    board.o(.text.delayUsTask) refers to tasks.o(.text.vTaskDelay) for vTaskDelay
    board.o(.text.delayUsTask) refers to board.o(.text._Z7delayUsj) for delayUs(unsigned)
    board.o(.ARM.exidx.text.delayUsTask) refers to board.o(.text.delayUsTask) for [Anonymous Symbol]
    board.o(.text._Z12boardALLInitv) refers to can.o(.text._Z7canInitP11CAN_TypeDef) for canInit(CAN_TypeDef*)
    board.o(.text._Z12boardALLInitv) refers to iwdg.o(.text._Z8iwdgInitht) for iwdgInit(unsigned char, unsigned short)
    board.o(.text._Z12boardALLInitv) refers to board.o(.bss.Init_OK) for Init_OK
    board.o(.ARM.exidx.text._Z12boardALLInitv) refers to board.o(.text._Z12boardALLInitv) for [Anonymous Symbol]
    board.o(.ARM.exidx.text._ZL18__NVIC_SetPriority4IRQnj) refers to board.o(.text._ZL18__NVIC_SetPriority4IRQnj) for [Anonymous Symbol]
    cycle.o(.text._ZN5Cycle9getCycleTEv) refers to board.o(.text._Z12getSysTimeUsv) for getSysTimeUs()
    cycle.o(.ARM.exidx.text._ZN5Cycle9getCycleTEv) refers to cycle.o(.text._ZN5Cycle9getCycleTEv) for [Anonymous Symbol]
    stm32f4xx_it.o(.ARM.exidx.text.NMI_Handler) refers to stm32f4xx_it.o(.text.NMI_Handler) for [Anonymous Symbol]
    stm32f4xx_it.o(.ARM.exidx.text.HardFault_Handler) refers to stm32f4xx_it.o(.text.HardFault_Handler) for [Anonymous Symbol]
    stm32f4xx_it.o(.ARM.exidx.text.MemManage_Handler) refers to stm32f4xx_it.o(.text.MemManage_Handler) for [Anonymous Symbol]
    stm32f4xx_it.o(.ARM.exidx.text.BusFault_Handler) refers to stm32f4xx_it.o(.text.BusFault_Handler) for [Anonymous Symbol]
    stm32f4xx_it.o(.ARM.exidx.text.UsageFault_Handler) refers to stm32f4xx_it.o(.text.UsageFault_Handler) for [Anonymous Symbol]
    stm32f4xx_it.o(.ARM.exidx.text.DebugMon_Handler) refers to stm32f4xx_it.o(.text.DebugMon_Handler) for [Anonymous Symbol]
    stm32f4xx_it.o(.text.SysTick_Handler) refers to tasks.o(.text.xTaskGetSchedulerState) for xTaskGetSchedulerState
    stm32f4xx_it.o(.text.SysTick_Handler) refers to port.o(.text.xPortSysTickHandler) for xPortSysTickHandler
    stm32f4xx_it.o(.text.SysTick_Handler) refers to board.o(.bss.sysTickUptime) for sysTickUptime
    stm32f4xx_it.o(.text.SysTick_Handler) refers to stm32f4xx_it.o(.bss.SysTick_Handler.upTimeCnt) for SysTick_Handler.upTimeCnt
    stm32f4xx_it.o(.text.SysTick_Handler) refers to board.o(.bss.sysTickUptimeUs) for sysTickUptimeUs
    stm32f4xx_it.o(.ARM.exidx.text.SysTick_Handler) refers to stm32f4xx_it.o(.text.SysTick_Handler) for [Anonymous Symbol]
    start_task.o(.text._Z10Start_TaskPv) refers to port.o(.text.vPortEnterCritical) for vPortEnterCritical
[...]
    Removing stm32f4xx_i2c.o(.text.I2C_DMALastTransferCmd), (48 bytes).
    Removing stm32f4xx_i2c.o(.ARM.exidx.text.I2C_DMALastTransferCmd), (8 bytes).
    Removing stm32f4xx_i2c.o(.text.I2C_ReadRegister), (36 bytes).
    Removing stm32f4xx_i2c.o(.ARM.exidx.text.I2C_ReadRegister), (8 bytes).
    Removing stm32f4xx_i2c.o(.text.I2C_ITConfig), (60 bytes).
    Removing stm32f4xx_i2c.o(.ARM.exidx.text.I2C_ITConfig), (8 bytes).
    Removing stm32f4xx_i2c.o(.text.I2C_CheckEvent), (84 bytes).
    Removing stm32f4xx_i2c.o(.ARM.exidx.text.I2C_CheckEvent), (8 bytes).
    Removing stm32f4xx_i2c.o(.text.I2C_GetLastEvent), (48 bytes).
    Removing stm32f4xx_i2c.o(.ARM.exidx.text.I2C_GetLastEvent), (8 bytes).
    Removing stm32f4xx_i2c.o(.text.I2C_GetFlagStatus), (100 bytes).
    Removing stm32f4xx_i2c.o(.ARM.exidx.text.I2C_GetFlagStatus), (8 bytes).
    Removing stm32f4xx_i2c.o(.text.I2C_ClearFlag), (30 bytes).
    Removing stm32f4xx_i2c.o(.ARM.exidx.text.I2C_ClearFlag), (8 bytes).
    Removing stm32f4xx_i2c.o(.text.I2C_GetITStatus), (82 bytes).
    Removing stm32f4xx_i2c.o(.ARM.exidx.text.I2C_GetITStatus), (8 bytes).
    Removing stm32f4xx_i2c.o(.text.I2C_ClearITPendingBit), (30 bytes).
    Removing stm32f4xx_i2c.o(.ARM.exidx.text.I2C_ClearITPendingBit), (8 bytes).
    Removing stm32f4xx_iwdg.o(.text), (0 bytes).
    Removing stm32f4xx_iwdg.o(.ARM.exidx.text.IWDG_WriteAccessCmd), (8 bytes).
    Removing stm32f4xx_iwdg.o(.ARM.exidx.text.IWDG_SetPrescaler), (8 bytes).
    Removing stm32f4xx_iwdg.o(.ARM.exidx.text.IWDG_SetReload), (8 bytes).
    Removing stm32f4xx_iwdg.o(.ARM.exidx.text.IWDG_ReloadCounter), (8 bytes).
    Removing stm32f4xx_iwdg.o(.ARM.exidx.text.IWDG_Enable), (8 bytes).
    Removing stm32f4xx_iwdg.o(.text.IWDG_GetFlagStatus), (58 bytes).
    Removing stm32f4xx_iwdg.o(.ARM.exidx.text.IWDG_GetFlagStatus), (8 bytes).
    Removing stm32f4xx_rcc.o(.text), (0 bytes).
    Removing stm32f4xx_rcc.o(.text.RCC_DeInit), (126 bytes).
    Removing stm32f4xx_rcc.o(.ARM.exidx.text.RCC_DeInit), (8 bytes).
    Removing stm32f4xx_rcc.o(.text.RCC_HSEConfig), (30 bytes).
    Removing stm32f4xx_rcc.o(.ARM.exidx.text.RCC_HSEConfig), (8 bytes).
    Removing stm32f4xx_rcc.o(.text.RCC_WaitForHSEStartUp), (110 bytes).
    Removing stm32f4xx_rcc.o(.ARM.exidx.text.RCC_WaitForHSEStartUp), (8 bytes).
    Removing stm32f4xx_rcc.o(.text.RCC_GetFlagStatus), (134 bytes).
    Removing stm32f4xx_rcc.o(.ARM.exidx.text.RCC_GetFlagStatus), (8 bytes).
    Removing stm32f4xx_rcc.o(.text.RCC_AdjustHSICalibrationValue), (52 bytes).
    Removing stm32f4xx_rcc.o(.ARM.exidx.text.RCC_AdjustHSICalibrationValue), (8 bytes).
    Removing stm32f4xx_rcc.o(.text.RCC_HSICmd), (24 bytes).
    Removing stm32f4xx_rcc.o(.ARM.exidx.text.RCC_HSICmd), (8 bytes).
    Removing stm32f4xx_rcc.o(.text.RCC_LSEConfig), (78 bytes).
    Removing stm32f4xx_rcc.o(.ARM.exidx.text.RCC_LSEConfig), (8 bytes).
    Removing stm32f4xx_rcc.o(.text.RCC_LSICmd), (26 bytes).
    Removing stm32f4xx_rcc.o(.ARM.exidx.text.RCC_LSICmd), (8 bytes).
    Removing stm32f4xx_rcc.o(.text.RCC_PLLConfig), (62 bytes).
    Removing stm32f4xx_rcc.o(.ARM.exidx.text.RCC_PLLConfig), (8 bytes).
    Removing stm32f4xx_rcc.o(.text.RCC_PLLCmd), (24 bytes).
    Removing stm32f4xx_rcc.o(.ARM.exidx.text.RCC_PLLCmd), (8 bytes).
    Removing stm32f4xx_rcc.o(.text.RCC_PLLI2SConfig), (30 bytes).
    Removing stm32f4xx_rcc.o(.ARM.exidx.text.RCC_PLLI2SConfig), (8 bytes).
    Removing stm32f4xx_rcc.o(.text.RCC_PLLI2SCmd), (24 bytes).
    Removing stm32f4xx_rcc.o(.ARM.exidx.text.RCC_PLLI2SCmd), (8 bytes).
    Removing stm32f4xx_rcc.o(.text.RCC_PLLSAIConfig), (38 bytes).
    Removing stm32f4xx_rcc.o(.ARM.exidx.text.RCC_PLLSAIConfig), (8 bytes).
    Removing stm32f4xx_rcc.o(.text.RCC_PLLSAICmd), (24 bytes).
    Removing stm32f4xx_rcc.o(.ARM.exidx.text.RCC_PLLSAICmd), (8 bytes).
    Removing stm32f4xx_rcc.o(.text.RCC_ClockSecuritySystemCmd), (24 bytes).
    Removing stm32f4xx_rcc.o(.ARM.exidx.text.RCC_ClockSecuritySystemCmd), (8 bytes).
    Removing stm32f4xx_rcc.o(.text.RCC_MCO1Config), (50 bytes).
    Removing stm32f4xx_rcc.o(.ARM.exidx.text.RCC_MCO1Config), (8 bytes).
    Removing stm32f4xx_rcc.o(.text.RCC_MCO2Config), (50 bytes).
    Removing stm32f4xx_rcc.o(.ARM.exidx.text.RCC_MCO2Config), (8 bytes).
    Removing stm32f4xx_rcc.o(.text.RCC_SYSCLKConfig), (44 bytes).
    Removing stm32f4xx_rcc.o(.ARM.exidx.text.RCC_SYSCLKConfig), (8 bytes).
    Removing stm32f4xx_rcc.o(.text.RCC_GetSYSCLKSource), (16 bytes).
    Removing stm32f4xx_rcc.o(.ARM.exidx.text.RCC_GetSYSCLKSource), (8 bytes).
    Removing stm32f4xx_rcc.o(.text.RCC_HCLKConfig), (44 bytes).
    Removing stm32f4xx_rcc.o(.ARM.exidx.text.RCC_HCLKConfig), (8 bytes).
    Removing stm32f4xx_rcc.o(.text.RCC_PCLK1Config), (44 bytes).
    Removing stm32f4xx_rcc.o(.ARM.exidx.text.RCC_PCLK1Config), (8 bytes).
    Removing stm32f4xx_rcc.o(.text.RCC_PCLK2Config), (46 bytes).
    Removing stm32f4xx_rcc.o(.ARM.exidx.text.RCC_PCLK2Config), (8 bytes).
    Removing stm32f4xx_rcc.o(.ARM.exidx.text.RCC_GetClocksFreq), (8 bytes).
    Removing stm32f4xx_rcc.o(.text.RCC_RTCCLKConfig), (90 bytes).
    Removing stm32f4xx_rcc.o(.ARM.exidx.text.RCC_RTCCLKConfig), (8 bytes).
    Removing stm32f4xx_rcc.o(.text.RCC_RTCCLKCmd), (26 bytes).
    Removing stm32f4xx_rcc.o(.ARM.exidx.text.RCC_RTCCLKCmd), (8 bytes).
    Removing stm32f4xx_rcc.o(.text.RCC_BackupResetCmd), (26 bytes).
    Removing stm32f4xx_rcc.o(.ARM.exidx.text.RCC_BackupResetCmd), (8 bytes).
    Removing stm32f4xx_rcc.o(.text.RCC_I2SCLKConfig), (20 bytes).
    Removing stm32f4xx_rcc.o(.ARM.exidx.text.RCC_I2SCLKConfig), (8 bytes).
    Removing stm32f4xx_rcc.o(.text.RCC_SAIBlockACLKConfig), (44 bytes).
    Removing stm32f4xx_rcc.o(.ARM.exidx.text.RCC_SAIBlockACLKConfig), (8 bytes).
    Removing stm32f4xx_rcc.o(.text.RCC_SAIBlockBCLKConfig), (44 bytes).
    Removing stm32f4xx_rcc.o(.ARM.exidx.text.RCC_SAIBlockBCLKConfig), (8 bytes).
    Removing stm32f4xx_rcc.o(.text.RCC_SAIPLLI2SClkDivConfig), (46 bytes).
    Removing stm32f4xx_rcc.o(.ARM.exidx.text.RCC_SAIPLLI2SClkDivConfig), (8 bytes).
    Removing stm32f4xx_rcc.o(.text.RCC_SAIPLLSAIClkDivConfig), (52 bytes).
    Removing stm32f4xx_rcc.o(.ARM.exidx.text.RCC_SAIPLLSAIClkDivConfig), (8 bytes).
    Removing stm32f4xx_rcc.o(.text.RCC_LTDCCLKDivConfig), (44 bytes).
    Removing stm32f4xx_rcc.o(.ARM.exidx.text.RCC_LTDCCLKDivConfig), (8 bytes).
    Removing stm32f4xx_rcc.o(.text.RCC_TIMCLKPresConfig), (20 bytes).
    Removing stm32f4xx_rcc.o(.ARM.exidx.text.RCC_TIMCLKPresConfig), (8 bytes).
    Removing stm32f4xx_rcc.o(.ARM.exidx.text.RCC_AHB1PeriphClockCmd), (8 bytes).
    Removing stm32f4xx_rcc.o(.text.RCC_AHB2PeriphClockCmd), (62 bytes).
    Removing stm32f4xx_rcc.o(.ARM.exidx.text.RCC_AHB2PeriphClockCmd), (8 bytes).
    Removing stm32f4xx_rcc.o(.text.RCC_AHB3PeriphClockCmd), (62 bytes).
    Removing stm32f4xx_rcc.o(.ARM.exidx.text.RCC_AHB3PeriphClockCmd), (8 bytes).
    Removing stm32f4xx_rcc.o(.ARM.exidx.text.RCC_APB1PeriphClockCmd), (8 bytes).
    Removing stm32f4xx_rcc.o(.ARM.exidx.text.RCC_APB2PeriphClockCmd), (8 bytes).
    Removing stm32f4xx_rcc.o(.text.RCC_AHB1PeriphResetCmd), (62 bytes).
    Removing stm32f4xx_rcc.o(.ARM.exidx.text.RCC_AHB1PeriphResetCmd), (8 bytes).
    Removing stm32f4xx_rcc.o(.text.RCC_AHB2PeriphResetCmd), (62 bytes).
    Removing stm32f4xx_rcc.o(.ARM.exidx.text.RCC_AHB2PeriphResetCmd), (8 bytes).
    Removing stm32f4xx_rcc.o(.text.RCC_AHB3PeriphResetCmd), (62 bytes).
    Removing stm32f4xx_rcc.o(.ARM.exidx.text.RCC_AHB3PeriphResetCmd), (8 bytes).
    Removing stm32f4xx_rcc.o(.ARM.exidx.text.RCC_APB1PeriphResetCmd), (8 bytes).
    Removing stm32f4xx_rcc.o(.ARM.exidx.text.RCC_APB2PeriphResetCmd), (8 bytes).
    Removing stm32f4xx_rcc.o(.text.RCC_AHB1PeriphClockLPModeCmd), (62 bytes).
    Removing stm32f4xx_rcc.o(.ARM.exidx.text.RCC_AHB1PeriphClockLPModeCmd), (8 bytes).
    Removing stm32f4xx_rcc.o(.text.RCC_AHB2PeriphClockLPModeCmd), (62 bytes).
    Removing stm32f4xx_rcc.o(.ARM.exidx.text.RCC_AHB2PeriphClockLPModeCmd), (8 bytes).
    Removing stm32f4xx_rcc.o(.text.RCC_AHB3PeriphClockLPModeCmd), (62 bytes).
    Removing stm32f4xx_rcc.o(.ARM.exidx.text.RCC_AHB3PeriphClockLPModeCmd), (8 bytes).
    Removing stm32f4xx_rcc.o(.text.RCC_APB1PeriphClockLPModeCmd), (62 bytes).
    Removing stm32f4xx_rcc.o(.ARM.exidx.text.RCC_APB1PeriphClockLPModeCmd), (8 bytes).
    Removing stm32f4xx_rcc.o(.text.RCC_APB2PeriphClockLPModeCmd), (62 bytes).
    Removing stm32f4xx_rcc.o(.ARM.exidx.text.RCC_APB2PeriphClockLPModeCmd), (8 bytes).
    Removing stm32f4xx_rcc.o(.text.RCC_LSEModeConfig), (58 bytes).
    Removing stm32f4xx_rcc.o(.ARM.exidx.text.RCC_LSEModeConfig), (8 bytes).
    Removing stm32f4xx_rcc.o(.text.RCC_ITConfig), (70 bytes).
    Removing stm32f4xx_rcc.o(.ARM.exidx.text.RCC_ITConfig), (8 bytes).
    Removing stm32f4xx_rcc.o(.text.RCC_ClearFlag), (18 bytes).
    Removing stm32f4xx_rcc.o(.ARM.exidx.text.RCC_ClearFlag), (8 bytes).
    Removing stm32f4xx_rcc.o(.text.RCC_GetITStatus), (58 bytes).
    Removing stm32f4xx_rcc.o(.ARM.exidx.text.RCC_GetITStatus), (8 bytes).
    Removing stm32f4xx_rcc.o(.text.RCC_ClearITPendingBit), (26 bytes).
    Removing stm32f4xx_rcc.o(.ARM.exidx.text.RCC_ClearITPendingBit), (8 bytes).
    Removing stm32f4xx_sdio.o(.text), (0 bytes).
    Removing stm32f4xx_sdio.o(.text.SDIO_DeInit), (28 bytes).
    Removing stm32f4xx_sdio.o(.ARM.exidx.text.SDIO_DeInit), (8 bytes).
    Removing stm32f4xx_sdio.o(.text.SDIO_Init), (78 bytes).
    Removing stm32f4xx_sdio.o(.ARM.exidx.text.SDIO_Init), (8 bytes).
    Removing stm32f4xx_sdio.o(.text.SDIO_StructInit), (34 bytes).
    Removing stm32f4xx_sdio.o(.ARM.exidx.text.SDIO_StructInit), (8 bytes).
    Removing stm32f4xx_sdio.o(.text.SDIO_ClockCmd), (26 bytes).
    Removing stm32f4xx_sdio.o(.ARM.exidx.text.SDIO_ClockCmd), (8 bytes).
    Removing stm32f4xx_sdio.o(.text.SDIO_SetPowerState), (20 bytes).
    Removing stm32f4xx_sdio.o(.ARM.exidx.text.SDIO_SetPowerState), (8 bytes).
    Removing stm32f4xx_sdio.o(.text.SDIO_GetPowerState), (16 bytes).
    Removing stm32f4xx_sdio.o(.ARM.exidx.text.SDIO_GetPowerState), (8 bytes).
    Removing stm32f4xx_sdio.o(.text.SDIO_SendCommand), (78 bytes).
    Removing stm32f4xx_sdio.o(.ARM.exidx.text.SDIO_SendCommand), (8 bytes).
    Removing stm32f4xx_sdio.o(.text.SDIO_CmdStructInit), (30 bytes).
    Removing stm32f4xx_sdio.o(.ARM.exidx.text.SDIO_CmdStructInit), (8 bytes).
    Removing stm32f4xx_sdio.o(.text.SDIO_GetCommandResponse), (14 bytes).
    Removing stm32f4xx_sdio.o(.ARM.exidx.text.SDIO_GetCommandResponse), (8 bytes).
    Removing stm32f4xx_sdio.o(.text.SDIO_GetResponse), (30 bytes).
    Removing stm32f4xx_sdio.o(.ARM.exidx.text.SDIO_GetResponse), (8 bytes).
    Removing stm32f4xx_sdio.o(.text.SDIO_DataConfig), (90 bytes).
    Removing stm32f4xx_sdio.o(.ARM.exidx.text.SDIO_DataConfig), (8 bytes).
    Removing stm32f4xx_sdio.o(.text.SDIO_DataStructInit), (38 bytes).
    Removing stm32f4xx_sdio.o(.ARM.exidx.text.SDIO_DataStructInit), (8 bytes).
    Removing stm32f4xx_sdio.o(.text.SDIO_GetDataCounter), (12 bytes).
    Removing stm32f4xx_sdio.o(.ARM.exidx.text.SDIO_GetDataCounter), (8 bytes).
    Removing stm32f4xx_sdio.o(.text.SDIO_ReadData), (12 bytes).
    Removing stm32f4xx_sdio.o(.ARM.exidx.text.SDIO_ReadData), (8 bytes).
    Removing stm32f4xx_sdio.o(.text.SDIO_WriteData), (20 bytes).
    Removing stm32f4xx_sdio.o(.ARM.exidx.text.SDIO_WriteData), (8 bytes).
    Removing stm32f4xx_sdio.o(.text.SDIO_GetFIFOCount), (12 bytes).
    Removing stm32f4xx_sdio.o(.ARM.exidx.text.SDIO_GetFIFOCount), (8 bytes).
    Removing stm32f4xx_sdio.o(.text.SDIO_StartSDIOReadWait), (26 bytes).
    Removing stm32f4xx_sdio.o(.ARM.exidx.text.SDIO_StartSDIOReadWait), (8 bytes).
    Removing stm32f4xx_sdio.o(.text.SDIO_StopSDIOReadWait), (26 bytes).
    Removing stm32f4xx_sdio.o(.ARM.exidx.text.SDIO_StopSDIOReadWait), (8 bytes).
    Removing stm32f4xx_sdio.o(.text.SDIO_SetSDIOReadWaitMode), (20 bytes).
    Removing stm32f4xx_sdio.o(.ARM.exidx.text.SDIO_SetSDIOReadWaitMode), (8 bytes).
    Removing stm32f4xx_sdio.o(.text.SDIO_SetSDIOOperation), (26 bytes).
    Removing stm32f4xx_sdio.o(.ARM.exidx.text.SDIO_SetSDIOOperation), (8 bytes).
    Removing stm32f4xx_sdio.o(.text.SDIO_SendSDIOSuspendCmd), (26 bytes).
    Removing stm32f4xx_sdio.o(.ARM.exidx.text.SDIO_SendSDIOSuspendCmd), (8 bytes).
    Removing stm32f4xx_sdio.o(.text.SDIO_CommandCompletionCmd), (26 bytes).
    Removing stm32f4xx_sdio.o(.ARM.exidx.text.SDIO_CommandCompletionCmd), (8 bytes).
    Removing stm32f4xx_sdio.o(.text.SDIO_CEATAITCmd), (32 bytes).
    Removing stm32f4xx_sdio.o(.ARM.exidx.text.SDIO_CEATAITCmd), (8 bytes).
    Removing stm32f4xx_sdio.o(.text.SDIO_SendCEATACmd), (26 bytes).
    Removing stm32f4xx_sdio.o(.ARM.exidx.text.SDIO_SendCEATACmd), (8 bytes).
    Removing stm32f4xx_sdio.o(.text.SDIO_DMACmd), (26 bytes).
    Removing stm32f4xx_sdio.o(.ARM.exidx.text.SDIO_DMACmd), (8 bytes).
    Removing stm32f4xx_sdio.o(.text.SDIO_ITConfig), (62 bytes).
    Removing stm32f4xx_sdio.o(.ARM.exidx.text.SDIO_ITConfig), (8 bytes).
    Removing stm32f4xx_sdio.o(.text.SDIO_GetFlagStatus), (52 bytes).
    Removing stm32f4xx_sdio.o(.ARM.exidx.text.SDIO_GetFlagStatus), (8 bytes).
    Removing stm32f4xx_sdio.o(.text.SDIO_ClearFlag), (20 bytes).
    Removing stm32f4xx_sdio.o(.ARM.exidx.text.SDIO_ClearFlag), (8 bytes).
    Removing stm32f4xx_sdio.o(.text.SDIO_GetITStatus), (52 bytes).
    Removing stm32f4xx_sdio.o(.ARM.exidx.text.SDIO_GetITStatus), (8 bytes).
    Removing stm32f4xx_sdio.o(.text.SDIO_ClearITPendingBit), (20 bytes).
    Removing stm32f4xx_sdio.o(.ARM.exidx.text.SDIO_ClearITPendingBit), (8 bytes).
    Removing stm32f4xx_spi.o(.text), (0 bytes).
    Removing stm32f4xx_spi.o(.text.SPI_I2S_DeInit), (248 bytes).
    Removing stm32f4xx_spi.o(.ARM.exidx.text.SPI_I2S_DeInit), (8 bytes).
    Removing stm32f4xx_spi.o(.text.SPI_Init), (104 bytes).
    Removing stm32f4xx_spi.o(.ARM.exidx.text.SPI_Init), (8 bytes).
    Removing stm32f4xx_spi.o(.text.I2S_Init), (478 bytes).
    Removing stm32f4xx_spi.o(.ARM.exidx.text.I2S_Init), (8 bytes).
    Removing stm32f4xx_spi.o(.text.SPI_StructInit), (48 bytes).
    Removing stm32f4xx_spi.o(.ARM.exidx.text.SPI_StructInit), (8 bytes).
    Removing stm32f4xx_spi.o(.text.I2S_StructInit), (36 bytes).
    Removing stm32f4xx_spi.o(.ARM.exidx.text.I2S_StructInit), (8 bytes).
    Removing stm32f4xx_spi.o(.text.SPI_Cmd), (48 bytes).
    Removing stm32f4xx_spi.o(.ARM.exidx.text.SPI_Cmd), (8 bytes).
    Removing stm32f4xx_spi.o(.text.I2S_Cmd), (48 bytes).
    Removing stm32f4xx_spi.o(.ARM.exidx.text.I2S_Cmd), (8 bytes).
    Removing stm32f4xx_spi.o(.text.SPI_DataSizeConfig), (36 bytes).
    Removing stm32f4xx_spi.o(.ARM.exidx.text.SPI_DataSizeConfig), (8 bytes).
    Removing stm32f4xx_spi.o(.text.SPI_BiDirectionalLineConfig), (50 bytes).
    Removing stm32f4xx_spi.o(.ARM.exidx.text.SPI_BiDirectionalLineConfig), (8 bytes).
    Removing stm32f4xx_spi.o(.text.SPI_NSSInternalSoftwareConfig), (52 bytes).
    Removing stm32f4xx_spi.o(.ARM.exidx.text.SPI_NSSInternalSoftwareConfig), (8 bytes).
    Removing stm32f4xx_spi.o(.text.SPI_SSOutputCmd), (48 bytes).
    Removing stm32f4xx_spi.o(.ARM.exidx.text.SPI_SSOutputCmd), (8 bytes).
    Removing stm32f4xx_spi.o(.text.SPI_TIModeCmd), (48 bytes).
    Removing stm32f4xx_spi.o(.ARM.exidx.text.SPI_TIModeCmd), (8 bytes).
    Removing stm32f4xx_spi.o(.text.I2S_FullDuplexConfig), (152 bytes).
    Removing stm32f4xx_spi.o(.ARM.exidx.text.I2S_FullDuplexConfig), (8 bytes).
    Removing stm32f4xx_spi.o(.text.SPI_I2S_ReceiveData), (12 bytes).
    Removing stm32f4xx_spi.o(.ARM.exidx.text.SPI_I2S_ReceiveData), (8 bytes).
    Removing stm32f4xx_spi.o(.text.SPI_I2S_SendData), (22 bytes).
    Removing stm32f4xx_spi.o(.ARM.exidx.text.SPI_I2S_SendData), (8 bytes).
    Removing stm32f4xx_spi.o(.text.SPI_CalculateCRC), (48 bytes).
    Removing stm32f4xx_spi.o(.ARM.exidx.text.SPI_CalculateCRC), (8 bytes).
    Removing stm32f4xx_spi.o(.text.SPI_TransmitCRC), (18 bytes).
    Removing stm32f4xx_spi.o(.ARM.exidx.text.SPI_TransmitCRC), (8 bytes).
    Removing stm32f4xx_spi.o(.text.SPI_GetCRC), (54 bytes).
    Removing stm32f4xx_spi.o(.ARM.exidx.text.SPI_GetCRC), (8 bytes).
    Removing stm32f4xx_spi.o(.text.SPI_GetCRCPolynomial), (12 bytes).
    Removing stm32f4xx_spi.o(.ARM.exidx.text.SPI_GetCRCPolynomial), (8 bytes).
    Removing stm32f4xx_spi.o(.text.SPI_I2S_DMACmd), (60 bytes).
    Removing stm32f4xx_spi.o(.ARM.exidx.text.SPI_I2S_DMACmd), (8 bytes).
    Removing stm32f4xx_spi.o(.text.SPI_I2S_ITConfig), (94 bytes).
    Removing stm32f4xx_spi.o(.ARM.exidx.text.SPI_I2S_ITConfig), (8 bytes).
    Removing stm32f4xx_spi.o(.text.SPI_I2S_GetFlagStatus), (58 bytes).
    Removing stm32f4xx_spi.o(.ARM.exidx.text.SPI_I2S_GetFlagStatus), (8 bytes).
    Removing stm32f4xx_spi.o(.text.SPI_I2S_ClearFlag), (24 bytes).
    Removing stm32f4xx_spi.o(.ARM.exidx.text.SPI_I2S_ClearFlag), (8 bytes).
    Removing stm32f4xx_spi.o(.text.SPI_I2S_GetITStatus), (134 bytes).
    Removing stm32f4xx_spi.o(.ARM.exidx.text.SPI_I2S_GetITStatus), (8 bytes).
    Removing stm32f4xx_spi.o(.text.SPI_I2S_ClearITPendingBit), (48 bytes).
    Removing stm32f4xx_spi.o(.ARM.exidx.text.SPI_I2S_ClearITPendingBit), (8 bytes).
    Removing stm32f4xx_syscfg.o(.text), (0 bytes).
    Removing stm32f4xx_syscfg.o(.text.SYSCFG_DeInit), (28 bytes).
    Removing stm32f4xx_syscfg.o(.ARM.exidx.text.SYSCFG_DeInit), (8 bytes).
    Removing stm32f4xx_syscfg.o(.text.SYSCFG_MemoryRemapConfig), (26 bytes).
    Removing stm32f4xx_syscfg.o(.ARM.exidx.text.SYSCFG_MemoryRemapConfig), (8 bytes).
    Removing stm32f4xx_syscfg.o(.text.SYSCFG_MemorySwappingBank), (24 bytes).
    Removing stm32f4xx_syscfg.o(.ARM.exidx.text.SYSCFG_MemorySwappingBank), (8 bytes).
    Removing stm32f4xx_syscfg.o(.text.SYSCFG_EXTILineConfig), (108 bytes).
    Removing stm32f4xx_syscfg.o(.ARM.exidx.text.SYSCFG_EXTILineConfig), (8 bytes).
    Removing stm32f4xx_syscfg.o(.text.SYSCFG_ETH_MediaInterfaceConfig), (18 bytes).
    Removing stm32f4xx_syscfg.o(.ARM.exidx.text.SYSCFG_ETH_MediaInterfaceConfig), (8 bytes).
    Removing stm32f4xx_syscfg.o(.text.SYSCFG_CompensationCellCmd), (26 bytes).
    Removing stm32f4xx_syscfg.o(.ARM.exidx.text.SYSCFG_CompensationCellCmd), (8 bytes).
    Removing stm32f4xx_syscfg.o(.text.SYSCFG_GetCompensationCellStatus), (50 bytes).
    Removing stm32f4xx_syscfg.o(.ARM.exidx.text.SYSCFG_GetCompensationCellStatus), (8 bytes).
    Removing stm32f4xx_tim.o(.text), (0 bytes).
    Removing stm32f4xx_tim.o(.text.TIM_DeInit), (540 bytes).
    Removing stm32f4xx_tim.o(.ARM.exidx.text.TIM_DeInit), (8 bytes).
    Removing stm32f4xx_tim.o(.ARM.exidx.text.TIM_TimeBaseInit), (8 bytes).
    Removing stm32f4xx_tim.o(.text.TIM_TimeBaseStructInit), (34 bytes).
    Removing stm32f4xx_tim.o(.ARM.exidx.text.TIM_TimeBaseStructInit), (8 bytes).
    Removing stm32f4xx_tim.o(.text.TIM_PrescalerConfig), (36 bytes).
    Removing stm32f4xx_tim.o(.ARM.exidx.text.TIM_PrescalerConfig), (8 bytes).
    Removing stm32f4xx_tim.o(.text.TIM_CounterModeConfig), (62 bytes).
    Removing stm32f4xx_tim.o(.ARM.exidx.text.TIM_CounterModeConfig), (8 bytes).
    Removing stm32f4xx_tim.o(.text.TIM_SetCounter), (16 bytes).
    Removing stm32f4xx_tim.o(.ARM.exidx.text.TIM_SetCounter), (8 bytes).
    Removing stm32f4xx_tim.o(.text.TIM_SetAutoreload), (16 bytes).
    Removing stm32f4xx_tim.o(.ARM.exidx.text.TIM_SetAutoreload), (8 bytes).
    Removing stm32f4xx_tim.o(.text.TIM_GetCounter), (12 bytes).
    Removing stm32f4xx_tim.o(.ARM.exidx.text.TIM_GetCounter), (8 bytes).
    Removing stm32f4xx_tim.o(.text.TIM_GetPrescaler), (12 bytes).
    Removing stm32f4xx_tim.o(.ARM.exidx.text.TIM_GetPrescaler), (8 bytes).
    Removing stm32f4xx_tim.o(.text.TIM_UpdateDisableConfig), (48 bytes).
    Removing stm32f4xx_tim.o(.ARM.exidx.text.TIM_UpdateDisableConfig), (8 bytes).
    Removing stm32f4xx_tim.o(.text.TIM_UpdateRequestConfig), (48 bytes).
    Removing stm32f4xx_tim.o(.ARM.exidx.text.TIM_UpdateRequestConfig), (8 bytes).
    Removing stm32f4xx_tim.o(.text.TIM_ARRPreloadConfig), (48 bytes).
    Removing stm32f4xx_tim.o(.ARM.exidx.text.TIM_ARRPreloadConfig), (8 bytes).
    Removing stm32f4xx_tim.o(.text.TIM_SelectOnePulseMode), (36 bytes).
    Removing stm32f4xx_tim.o(.ARM.exidx.text.TIM_SelectOnePulseMode), (8 bytes).
    Removing stm32f4xx_tim.o(.text.TIM_SetClockDivision), (36 bytes).
    Removing stm32f4xx_tim.o(.ARM.exidx.text.TIM_SetClockDivision), (8 bytes).
    Removing stm32f4xx_tim.o(.ARM.exidx.text.TIM_Cmd), (8 bytes).
    Removing stm32f4xx_tim.o(.text.TIM_OC1Init), (304 bytes).
    Removing stm32f4xx_tim.o(.ARM.exidx.text.TIM_OC1Init), (8 bytes).
    Removing stm32f4xx_tim.o(.text.TIM_OC2Init), (318 bytes).
    Removing stm32f4xx_tim.o(.ARM.exidx.text.TIM_OC2Init), (8 bytes).
    Removing stm32f4xx_tim.o(.text.TIM_OC3Init), (316 bytes).
    Removing stm32f4xx_tim.o(.ARM.exidx.text.TIM_OC3Init), (8 bytes).
    Removing stm32f4xx_tim.o(.text.TIM_OC4Init), (234 bytes).
    Removing stm32f4xx_tim.o(.ARM.exidx.text.TIM_OC4Init), (8 bytes).
    Removing stm32f4xx_tim.o(.text.TIM_OCStructInit), (42 bytes).
    Removing stm32f4xx_tim.o(.ARM.exidx.text.TIM_OCStructInit), (8 bytes).
    Removing stm32f4xx_tim.o(.text.TIM_SelectOCxM), (170 bytes).
    Removing stm32f4xx_tim.o(.ARM.exidx.text.TIM_SelectOCxM), (8 bytes).
    Removing stm32f4xx_tim.o(.text.TIM_SetCompare1), (16 bytes).
    Removing stm32f4xx_tim.o(.ARM.exidx.text.TIM_SetCompare1), (8 bytes).
    Removing stm32f4xx_tim.o(.text.TIM_SetCompare2), (16 bytes).
    Removing stm32f4xx_tim.o(.ARM.exidx.text.TIM_SetCompare2), (8 bytes).
    Removing stm32f4xx_tim.o(.text.TIM_SetCompare3), (16 bytes).
    Removing stm32f4xx_tim.o(.ARM.exidx.text.TIM_SetCompare3), (8 bytes).
    Removing stm32f4xx_tim.o(.text.TIM_SetCompare4), (16 bytes).
    Removing stm32f4xx_tim.o(.ARM.exidx.text.TIM_SetCompare4), (8 bytes).
    Removing stm32f4xx_tim.o(.text.TIM_ForcedOC1Config), (62 bytes).
    Removing stm32f4xx_tim.o(.ARM.exidx.text.TIM_ForcedOC1Config), (8 bytes).
    Removing stm32f4xx_tim.o(.text.TIM_ForcedOC2Config), (64 bytes).
    Removing stm32f4xx_tim.o(.ARM.exidx.text.TIM_ForcedOC2Config), (8 bytes).
    Removing stm32f4xx_tim.o(.text.TIM_ForcedOC3Config), (62 bytes).
    Removing stm32f4xx_tim.o(.ARM.exidx.text.TIM_ForcedOC3Config), (8 bytes).
    Removing stm32f4xx_tim.o(.text.TIM_ForcedOC4Config), (64 bytes).
    Removing stm32f4xx_tim.o(.ARM.exidx.text.TIM_ForcedOC4Config), (8 bytes).
    Removing stm32f4xx_tim.o(.text.TIM_OC1PreloadConfig), (62 bytes).
    Removing stm32f4xx_tim.o(.ARM.exidx.text.TIM_OC1PreloadConfig), (8 bytes).
    Removing stm32f4xx_tim.o(.text.TIM_OC2PreloadConfig), (64 bytes).
    Removing stm32f4xx_tim.o(.ARM.exidx.text.TIM_OC2PreloadConfig), (8 bytes).
    Removing stm32f4xx_tim.o(.text.TIM_OC3PreloadConfig), (62 bytes).
    Removing stm32f4xx_tim.o(.ARM.exidx.text.TIM_OC3PreloadConfig), (8 bytes).
    Removing stm32f4xx_tim.o(.text.TIM_OC4PreloadConfig), (64 bytes).
    Removing stm32f4xx_tim.o(.ARM.exidx.text.TIM_OC4PreloadConfig), (8 bytes).
    Removing stm32f4xx_tim.o(.text.TIM_OC1FastConfig), (62 bytes).
    Removing stm32f4xx_tim.o(.ARM.exidx.text.TIM_OC1FastConfig), (8 bytes).
    Removing stm32f4xx_tim.o(.text.TIM_OC2FastConfig), (64 bytes).
    Removing stm32f4xx_tim.o(.ARM.exidx.text.TIM_OC2FastConfig), (8 bytes).
    Removing stm32f4xx_tim.o(.text.TIM_OC3FastConfig), (62 bytes).
    Removing stm32f4xx_tim.o(.ARM.exidx.text.TIM_OC3FastConfig), (8 bytes).
    Removing stm32f4xx_tim.o(.text.TIM_OC4FastConfig), (64 bytes).
    Removing stm32f4xx_tim.o(.ARM.exidx.text.TIM_OC4FastConfig), (8 bytes).
    Removing stm32f4xx_tim.o(.text.TIM_ClearOC1Ref), (62 bytes).
    Removing stm32f4xx_tim.o(.ARM.exidx.text.TIM_ClearOC1Ref), (8 bytes).
    Removing stm32f4xx_tim.o(.text.TIM_ClearOC2Ref), (64 bytes).
    Removing stm32f4xx_tim.o(.ARM.exidx.text.TIM_ClearOC2Ref), (8 bytes).
    Removing stm32f4xx_tim.o(.text.TIM_ClearOC3Ref), (62 bytes).
    Removing stm32f4xx_tim.o(.ARM.exidx.text.TIM_ClearOC3Ref), (8 bytes).
    Removing stm32f4xx_tim.o(.text.TIM_ClearOC4Ref), (64 bytes).
    Removing stm32f4xx_tim.o(.ARM.exidx.text.TIM_ClearOC4Ref), (8 bytes).
    Removing stm32f4xx_tim.o(.text.TIM_OC1PolarityConfig), (62 bytes).
    Removing stm32f4xx_tim.o(.ARM.exidx.text.TIM_OC1PolarityConfig), (8 bytes).
    Removing stm32f4xx_tim.o(.text.TIM_OC1NPolarityConfig), (62 bytes).
    Removing stm32f4xx_tim.o(.ARM.exidx.text.TIM_OC1NPolarityConfig), (8 bytes).
    Removing stm32f4xx_tim.o(.text.TIM_OC2PolarityConfig), (64 bytes).
    Removing stm32f4xx_tim.o(.ARM.exidx.text.TIM_OC2PolarityConfig), (8 bytes).
    Removing stm32f4xx_tim.o(.text.TIM_OC2NPolarityConfig), (64 bytes).
    Removing stm32f4xx_tim.o(.ARM.exidx.text.TIM_OC2NPolarityConfig), (8 bytes).
    Removing stm32f4xx_tim.o(.text.TIM_OC3PolarityConfig), (64 bytes).
    Removing stm32f4xx_tim.o(.ARM.exidx.text.TIM_OC3PolarityConfig), (8 bytes).
    Removing stm32f4xx_tim.o(.text.TIM_OC3NPolarityConfig), (64 bytes).
    Removing stm32f4xx_tim.o(.ARM.exidx.text.TIM_OC3NPolarityConfig), (8 bytes).
    Removing stm32f4xx_tim.o(.text.TIM_OC4PolarityConfig), (64 bytes).
    Removing stm32f4xx_tim.o(.ARM.exidx.text.TIM_OC4PolarityConfig), (8 bytes).
    Removing stm32f4xx_tim.o(.text.TIM_CCxCmd), (72 bytes).
    Removing stm32f4xx_tim.o(.ARM.exidx.text.TIM_CCxCmd), (8 bytes).
    Removing stm32f4xx_tim.o(.text.TIM_CCxNCmd), (72 bytes).
    Removing stm32f4xx_tim.o(.ARM.exidx.text.TIM_CCxNCmd), (8 bytes).
    Removing stm32f4xx_tim.o(.text.TIM_ICInit), (182 bytes).
    Removing stm32f4xx_tim.o(.ARM.exidx.text.TIM_ICInit), (8 bytes).
    Removing stm32f4xx_tim.o(.text.TI1_Config), (144 bytes).
    Removing stm32f4xx_tim.o(.ARM.exidx.text.TI1_Config), (8 bytes).
    Removing stm32f4xx_tim.o(.text.TIM_SetIC1Prescaler), (36 bytes).
    Removing stm32f4xx_tim.o(.ARM.exidx.text.TIM_SetIC1Prescaler), (8 bytes).
    Removing stm32f4xx_tim.o(.text.TI2_Config), (170 bytes).
    Removing stm32f4xx_tim.o(.ARM.exidx.text.TI2_Config), (8 bytes).
    Removing stm32f4xx_tim.o(.text.TIM_SetIC2Prescaler), (38 bytes).
    Removing stm32f4xx_tim.o(.ARM.exidx.text.TIM_SetIC2Prescaler), (8 bytes).
    Removing stm32f4xx_tim.o(.text.TI3_Config), (158 bytes).
    Removing stm32f4xx_tim.o(.ARM.exidx.text.TI3_Config), (8 bytes).
    Removing stm32f4xx_tim.o(.text.TIM_SetIC3Prescaler), (36 bytes).
    Removing stm32f4xx_tim.o(.ARM.exidx.text.TIM_SetIC3Prescaler), (8 bytes).
    Removing stm32f4xx_tim.o(.text.TI4_Config), (172 bytes).
    Removing stm32f4xx_tim.o(.ARM.exidx.text.TI4_Config), (8 bytes).
    Removing stm32f4xx_tim.o(.text.TIM_SetIC4Prescaler), (38 bytes).
    Removing stm32f4xx_tim.o(.ARM.exidx.text.TIM_SetIC4Prescaler), (8 bytes).
    Removing stm32f4xx_tim.o(.text.TIM_ICStructInit), (32 bytes).
    Removing stm32f4xx_tim.o(.ARM.exidx.text.TIM_ICStructInit), (8 bytes).
    Removing stm32f4xx_tim.o(.text.TIM_PWMIConfig), (210 bytes).
    Removing stm32f4xx_tim.o(.ARM.exidx.text.TIM_PWMIConfig), (8 bytes).
    Removing stm32f4xx_tim.o(.text.TIM_GetCapture1), (12 bytes).
    Removing stm32f4xx_tim.o(.ARM.exidx.text.TIM_GetCapture1), (8 bytes).
    Removing stm32f4xx_tim.o(.text.TIM_GetCapture2), (12 bytes).
    Removing stm32f4xx_tim.o(.ARM.exidx.text.TIM_GetCapture2), (8 bytes).
    Removing stm32f4xx_tim.o(.text.TIM_GetCapture3), (12 bytes).
    Removing stm32f4xx_tim.o(.ARM.exidx.text.TIM_GetCapture3), (8 bytes).
    Removing stm32f4xx_tim.o(.text.TIM_GetCapture4), (12 bytes).
    Removing stm32f4xx_tim.o(.ARM.exidx.text.TIM_GetCapture4), (8 bytes).
    Removing stm32f4xx_tim.o(.text.TIM_BDTRConfig), (44 bytes).
    Removing stm32f4xx_tim.o(.ARM.exidx.text.TIM_BDTRConfig), (8 bytes).
    Removing stm32f4xx_tim.o(.text.TIM_BDTRStructInit), (38 bytes).
    Removing stm32f4xx_tim.o(.ARM.exidx.text.TIM_BDTRStructInit), (8 bytes).
    Removing stm32f4xx_tim.o(.text.TIM_CtrlPWMOutputs), (56 bytes).
    Removing stm32f4xx_tim.o(.ARM.exidx.text.TIM_CtrlPWMOutputs), (8 bytes).
    Removing stm32f4xx_tim.o(.text.TIM_SelectCOM), (48 bytes).
    Removing stm32f4xx_tim.o(.ARM.exidx.text.TIM_SelectCOM), (8 bytes).
    Removing stm32f4xx_tim.o(.text.TIM_CCPreloadControl), (48 bytes).
    Removing stm32f4xx_tim.o(.ARM.exidx.text.TIM_CCPreloadControl), (8 bytes).
    Removing stm32f4xx_tim.o(.ARM.exidx.text.TIM_ITConfig), (8 bytes).
    Removing stm32f4xx_tim.o(.text.TIM_GenerateEvent), (22 bytes).
    Removing stm32f4xx_tim.o(.ARM.exidx.text.TIM_GenerateEvent), (8 bytes).
    Removing stm32f4xx_tim.o(.text.TIM_GetFlagStatus), (58 bytes).
    Removing stm32f4xx_tim.o(.ARM.exidx.text.TIM_GetFlagStatus), (8 bytes).
    Removing stm32f4xx_tim.o(.text.TIM_ClearFlag), (24 bytes).
    Removing stm32f4xx_tim.o(.ARM.exidx.text.TIM_ClearFlag), (8 bytes).
    Removing stm32f4xx_tim.o(.ARM.exidx.text.TIM_GetITStatus), (8 bytes).
    Removing stm32f4xx_tim.o(.ARM.exidx.text.TIM_ClearITPendingBit), (8 bytes).
    Removing stm32f4xx_tim.o(.text.TIM_DMAConfig), (36 bytes).
    Removing stm32f4xx_tim.o(.ARM.exidx.text.TIM_DMAConfig), (8 bytes).
    Removing stm32f4xx_tim.o(.text.TIM_DMACmd), (60 bytes).
    Removing stm32f4xx_tim.o(.ARM.exidx.text.TIM_DMACmd), (8 bytes).
    Removing stm32f4xx_tim.o(.text.TIM_SelectCCDMA), (48 bytes).
    Removing stm32f4xx_tim.o(.ARM.exidx.text.TIM_SelectCCDMA), (8 bytes).
    Removing stm32f4xx_tim.o(.text.TIM_InternalClockConfig), (18 bytes).
    Removing stm32f4xx_tim.o(.ARM.exidx.text.TIM_InternalClockConfig), (8 bytes).
    Removing stm32f4xx_tim.o(.text.TIM_ITRxExternalClockConfig), (38 bytes).
    Removing stm32f4xx_tim.o(.ARM.exidx.text.TIM_ITRxExternalClockConfig), (8 bytes).
    Removing stm32f4xx_tim.o(.text.TIM_SelectInputTrigger), (62 bytes).
    Removing stm32f4xx_tim.o(.ARM.exidx.text.TIM_SelectInputTrigger), (8 bytes).
    Removing stm32f4xx_tim.o(.text.TIM_TIxExternalClockConfig), (94 bytes).
    Removing stm32f4xx_tim.o(.ARM.exidx.text.TIM_TIxExternalClockConfig), (8 bytes).
    Removing stm32f4xx_tim.o(.text.TIM_ETRClockMode1Config), (126 bytes).
    Removing stm32f4xx_tim.o(.ARM.exidx.text.TIM_ETRClockMode1Config), (8 bytes).
    Removing stm32f4xx_tim.o(.text.TIM_ETRConfig), (86 bytes).
    Removing stm32f4xx_tim.o(.ARM.exidx.text.TIM_ETRConfig), (8 bytes).
    Removing stm32f4xx_tim.o(.text.TIM_ETRClockMode2Config), (66 bytes).
    Removing stm32f4xx_tim.o(.ARM.exidx.text.TIM_ETRClockMode2Config), (8 bytes).
    Removing stm32f4xx_tim.o(.text.TIM_SelectOutputTrigger), (36 bytes).
    Removing stm32f4xx_tim.o(.ARM.exidx.text.TIM_SelectOutputTrigger), (8 bytes).
    Removing stm32f4xx_tim.o(.text.TIM_SelectSlaveMode), (36 bytes).
    Removing stm32f4xx_tim.o(.ARM.exidx.text.TIM_SelectSlaveMode), (8 bytes).
    Removing stm32f4xx_tim.o(.text.TIM_SelectMasterSlaveMode), (36 bytes).
    Removing stm32f4xx_tim.o(.ARM.exidx.text.TIM_SelectMasterSlaveMode), (8 bytes).
    Removing stm32f4xx_tim.o(.text.TIM_EncoderInterfaceConfig), (178 bytes).
    Removing stm32f4xx_tim.o(.ARM.exidx.text.TIM_EncoderInterfaceConfig), (8 bytes).
    Removing stm32f4xx_tim.o(.text.TIM_SelectHallSensor), (48 bytes).
    Removing stm32f4xx_tim.o(.ARM.exidx.text.TIM_SelectHallSensor), (8 bytes).
    Removing stm32f4xx_tim.o(.text.TIM_RemapConfig), (24 bytes).
    Removing stm32f4xx_tim.o(.ARM.exidx.text.TIM_RemapConfig), (8 bytes).
    Removing stm32f4xx_usart.o(.text), (0 bytes).
    Removing stm32f4xx_usart.o(.ARM.exidx.text.USART_DeInit), (8 bytes).
    Removing stm32f4xx_usart.o(.ARM.exidx.text.USART_Init), (8 bytes).
    Removing stm32f4xx_usart.o(.text.USART_StructInit), (40 bytes).
    Removing stm32f4xx_usart.o(.ARM.exidx.text.USART_StructInit), (8 bytes).
    Removing stm32f4xx_usart.o(.text.USART_ClockInit), (56 bytes).
    Removing stm32f4xx_usart.o(.ARM.exidx.text.USART_ClockInit), (8 bytes).
    Removing stm32f4xx_usart.o(.text.USART_ClockStructInit), (26 bytes).
    Removing stm32f4xx_usart.o(.ARM.exidx.text.USART_ClockStructInit), (8 bytes).
    Removing stm32f4xx_usart.o(.ARM.exidx.text.USART_Cmd), (8 bytes).
    Removing stm32f4xx_usart.o(.text.USART_SetPrescaler), (36 bytes).
    Removing stm32f4xx_usart.o(.ARM.exidx.text.USART_SetPrescaler), (8 bytes).
    Removing stm32f4xx_usart.o(.text.USART_OverSampling8Cmd), (48 bytes).
    Removing stm32f4xx_usart.o(.ARM.exidx.text.USART_OverSampling8Cmd), (8 bytes).
    Removing stm32f4xx_usart.o(.text.USART_OneBitMethodCmd), (48 bytes).
    Removing stm32f4xx_usart.o(.ARM.exidx.text.USART_OneBitMethodCmd), (8 bytes).
    Removing stm32f4xx_usart.o(.text.USART_SendData), (26 bytes).
    Removing stm32f4xx_usart.o(.ARM.exidx.text.USART_SendData), (8 bytes).
    Removing stm32f4xx_usart.o(.ARM.exidx.text.USART_ReceiveData), (8 bytes).
    Removing stm32f4xx_usart.o(.text.USART_SetAddress), (36 bytes).
    Removing stm32f4xx_usart.o(.ARM.exidx.text.USART_SetAddress), (8 bytes).
    Removing stm32f4xx_usart.o(.text.USART_ReceiverWakeUpCmd), (48 bytes).
    Removing stm32f4xx_usart.o(.ARM.exidx.text.USART_ReceiverWakeUpCmd), (8 bytes).
    Removing stm32f4xx_usart.o(.text.USART_WakeUpConfig), (36 bytes).
    Removing stm32f4xx_usart.o(.ARM.exidx.text.USART_WakeUpConfig), (8 bytes).
    Removing stm32f4xx_usart.o(.text.USART_LINBreakDetectLengthConfig), (36 bytes).
    Removing stm32f4xx_usart.o(.ARM.exidx.text.USART_LINBreakDetectLengthConfig), (8 bytes).
    Removing stm32f4xx_usart.o(.text.USART_LINCmd), (48 bytes).
    Removing stm32f4xx_usart.o(.ARM.exidx.text.USART_LINCmd), (8 bytes).
    Removing stm32f4xx_usart.o(.text.USART_SendBreak), (18 bytes).
    Removing stm32f4xx_usart.o(.ARM.exidx.text.USART_SendBreak), (8 bytes).
    Removing stm32f4xx_usart.o(.text.USART_HalfDuplexCmd), (48 bytes).
    Removing stm32f4xx_usart.o(.ARM.exidx.text.USART_HalfDuplexCmd), (8 bytes).
    Removing stm32f4xx_usart.o(.text.USART_SetGuardTime), (36 bytes).
    Removing stm32f4xx_usart.o(.ARM.exidx.text.USART_SetGuardTime), (8 bytes).
    Removing stm32f4xx_usart.o(.text.USART_SmartCardCmd), (48 bytes).
    Removing stm32f4xx_usart.o(.ARM.exidx.text.USART_SmartCardCmd), (8 bytes).
    Removing stm32f4xx_usart.o(.text.USART_SmartCardNACKCmd), (48 bytes).
    Removing stm32f4xx_usart.o(.ARM.exidx.text.USART_SmartCardNACKCmd), (8 bytes).
    Removing stm32f4xx_usart.o(.text.USART_IrDAConfig), (36 bytes).
    Removing stm32f4xx_usart.o(.ARM.exidx.text.USART_IrDAConfig), (8 bytes).
    Removing stm32f4xx_usart.o(.text.USART_IrDACmd), (48 bytes).
    Removing stm32f4xx_usart.o(.ARM.exidx.text.USART_IrDACmd), (8 bytes).
    Removing stm32f4xx_usart.o(.ARM.exidx.text.USART_DMACmd), (8 bytes).
    Removing stm32f4xx_usart.o(.text.USART_ITConfig), (156 bytes).
    Removing stm32f4xx_usart.o(.ARM.exidx.text.USART_ITConfig), (8 bytes).
    Removing stm32f4xx_usart.o(.text.USART_GetFlagStatus), (72 bytes).
    Removing stm32f4xx_usart.o(.ARM.exidx.text.USART_GetFlagStatus), (8 bytes).
    Removing stm32f4xx_usart.o(.text.USART_ClearFlag), (38 bytes).
    Removing stm32f4xx_usart.o(.ARM.exidx.text.USART_ClearFlag), (8 bytes).
    Removing stm32f4xx_usart.o(.ARM.exidx.text.USART_GetITStatus), (8 bytes).
    Removing stm32f4xx_usart.o(.ARM.exidx.text.USART_ClearITPendingBit), (8 bytes).
    Removing system_stm32f4xx.o(.text), (0 bytes).
    Removing system_stm32f4xx.o(.ARM.exidx.text.SystemInit), (8 bytes).
    Removing system_stm32f4xx.o(.ARM.exidx.text.SetSysClock), (8 bytes).
    Removing system_stm32f4xx.o(.text.SystemCoreClockUpdate), (308 bytes).
    Removing system_stm32f4xx.o(.ARM.exidx.text.SystemCoreClockUpdate), (8 bytes).
    Removing system_stm32f4xx.o(.rodata.AHBPrescTable), (16 bytes).
    Removing croutine.o(.text), (0 bytes).
    Removing event_groups.o(.text), (0 bytes).
    Removing event_groups.o(.text.xEventGroupCreate), (44 bytes).
    Removing event_groups.o(.ARM.exidx.text.xEventGroupCreate), (8 bytes).
    Removing event_groups.o(.text.xEventGroupSync), (348 bytes).
    Removing event_groups.o(.ARM.exidx.text.xEventGroupSync), (8 bytes).
    Removing event_groups.o(.text.xEventGroupSetBits), (280 bytes).
    Removing event_groups.o(.ARM.exidx.text.xEventGroupSetBits), (8 bytes).
    Removing event_groups.o(.text.xEventGroupWaitBits), (434 bytes).
    Removing event_groups.o(.ARM.exidx.text.xEventGroupWaitBits), (8 bytes).
    Removing event_groups.o(.text.prvTestWaitCondition), (68 bytes).
    Removing event_groups.o(.ARM.exidx.text.prvTestWaitCondition), (8 bytes).
    Removing event_groups.o(.text.xEventGroupClearBits), (90 bytes).
    Removing event_groups.o(.ARM.exidx.text.xEventGroupClearBits), (8 bytes).
    Removing event_groups.o(.text.xEventGroupClearBitsFromISR), (34 bytes).
    Removing event_groups.o(.ARM.exidx.text.xEventGroupClearBitsFromISR), (8 bytes).
    Removing event_groups.o(.text.vEventGroupClearBitsCallback), (20 bytes).
    Removing event_groups.o(.ARM.exidx.text.vEventGroupClearBitsCallback), (8 bytes).
    Removing event_groups.o(.text.xEventGroupGetBitsFromISR), (58 bytes).
    Removing event_groups.o(.ARM.exidx.text.xEventGroupGetBitsFromISR), (8 bytes).
    Removing event_groups.o(.text.vEventGroupDelete), (88 bytes).
    Removing event_groups.o(.ARM.exidx.text.vEventGroupDelete), (8 bytes).
    Removing event_groups.o(.text.vEventGroupSetBitsCallback), (20 bytes).
    Removing event_groups.o(.ARM.exidx.text.vEventGroupSetBitsCallback), (8 bytes).
    Removing event_groups.o(.text.xEventGroupSetBitsFromISR), (36 bytes).
    Removing event_groups.o(.ARM.exidx.text.xEventGroupSetBitsFromISR), (8 bytes).
    Removing event_groups.o(.text.uxEventGroupGetNumber), (36 bytes).
    Removing event_groups.o(.ARM.exidx.text.uxEventGroupGetNumber), (8 bytes).
    Removing list.o(.text), (0 bytes).
    Removing list.o(.ARM.exidx.text.vListInitialise), (8 bytes).
    Removing list.o(.ARM.exidx.text.vListInitialiseItem), (8 bytes).
    Removing list.o(.ARM.exidx.text.vListInsertEnd), (8 bytes).
    Removing list.o(.ARM.exidx.text.vListInsert), (8 bytes).
    Removing list.o(.ARM.exidx.text.uxListRemove), (8 bytes).
    Removing queue.o(.text), (0 bytes).
    Removing queue.o(.ARM.exidx.text.xQueueGenericReset), (8 bytes).
    Removing queue.o(.ARM.exidx.text.xQueueGenericCreate), (8 bytes).
    Removing queue.o(.ARM.exidx.text.prvInitialiseNewQueue), (8 bytes).
    Removing queue.o(.text.xQueueCreateMutex), (46 bytes).
    Removing queue.o(.ARM.exidx.text.xQueueCreateMutex), (8 bytes).
    Removing queue.o(.text.prvInitialiseMutex), (48 bytes).
    Removing queue.o(.ARM.exidx.text.prvInitialiseMutex), (8 bytes).
    Removing queue.o(.text.xQueueGiveMutexRecursive), (104 bytes).
    Removing queue.o(.ARM.exidx.text.xQueueGiveMutexRecursive), (8 bytes).
    Removing queue.o(.ARM.exidx.text.xQueueGenericSend), (8 bytes).
    Removing queue.o(.text.xQueueTakeMutexRecursive), (110 bytes).
    Removing queue.o(.ARM.exidx.text.xQueueTakeMutexRecursive), (8 bytes).
    Removing queue.o(.ARM.exidx.text.xQueueGenericReceive), (8 bytes).
    Removing queue.o(.text.xQueueCreateCountingSemaphore), (90 bytes).
    Removing queue.o(.ARM.exidx.text.xQueueCreateCountingSemaphore), (8 bytes).
    Removing queue.o(.ARM.exidx.text.prvCopyDataToQueue), (8 bytes).
    Removing queue.o(.ARM.exidx.text.prvNotifyQueueSetContainer), (8 bytes).
    Removing queue.o(.ARM.exidx.text.prvIsQueueFull), (8 bytes).
    Removing queue.o(.ARM.exidx.text.prvUnlockQueue), (8 bytes).
    Removing queue.o(.ARM.exidx.text.xQueueGenericSendFromISR), (8 bytes).
    Removing queue.o(.text.xQueueGiveFromISR), (334 bytes).
    Removing queue.o(.ARM.exidx.text.xQueueGiveFromISR), (8 bytes).
    Removing queue.o(.ARM.exidx.text.prvCopyDataFromQueue), (8 bytes).
    Removing queue.o(.ARM.exidx.text.prvIsQueueEmpty), (8 bytes).
    Removing queue.o(.text.xQueueReceiveFromISR), (264 bytes).
    Removing queue.o(.ARM.exidx.text.xQueueReceiveFromISR), (8 bytes).
    Removing queue.o(.text.xQueuePeekFromISR), (198 bytes).
    Removing queue.o(.ARM.exidx.text.xQueuePeekFromISR), (8 bytes).
    Removing queue.o(.text.uxQueueMessagesWaiting), (48 bytes).
    Removing queue.o(.ARM.exidx.text.uxQueueMessagesWaiting), (8 bytes).
    Removing queue.o(.text.uxQueueSpacesAvailable), (56 bytes).
    Removing queue.o(.ARM.exidx.text.uxQueueSpacesAvailable), (8 bytes).
    Removing queue.o(.text.uxQueueMessagesWaitingFromISR), (38 bytes).
    Removing queue.o(.ARM.exidx.text.uxQueueMessagesWaitingFromISR), (8 bytes).
    Removing queue.o(.text.vQueueDelete), (48 bytes).
    Removing queue.o(.ARM.exidx.text.vQueueDelete), (8 bytes).
    Removing queue.o(.text.vQueueUnregisterQueue), (84 bytes).
    Removing queue.o(.ARM.exidx.text.vQueueUnregisterQueue), (8 bytes).
    Removing queue.o(.text.uxQueueGetQueueNumber), (12 bytes).
    Removing queue.o(.ARM.exidx.text.uxQueueGetQueueNumber), (8 bytes).
    Removing queue.o(.text.vQueueSetQueueNumber), (16 bytes).
    Removing queue.o(.ARM.exidx.text.vQueueSetQueueNumber), (8 bytes).
    Removing queue.o(.text.ucQueueGetQueueType), (14 bytes).
    Removing queue.o(.ARM.exidx.text.ucQueueGetQueueType), (8 bytes).
    Removing queue.o(.text.xQueueIsQueueEmptyFromISR), (54 bytes).
    Removing queue.o(.ARM.exidx.text.xQueueIsQueueEmptyFromISR), (8 bytes).
    Removing queue.o(.text.xQueueIsQueueFullFromISR), (58 bytes).
    Removing queue.o(.ARM.exidx.text.xQueueIsQueueFullFromISR), (8 bytes).
    Removing queue.o(.ARM.exidx.text.vQueueAddToRegistry), (8 bytes).
    Removing queue.o(.text.pcQueueGetName), (80 bytes).
    Removing queue.o(.ARM.exidx.text.pcQueueGetName), (8 bytes).
    Removing queue.o(.ARM.exidx.text.vQueueWaitForMessageRestricted), (8 bytes).
    Removing queue.o(.text.xQueueCreateSet), (24 bytes).
    Removing queue.o(.ARM.exidx.text.xQueueCreateSet), (8 bytes).
    Removing queue.o(.text.xQueueAddToSet), (68 bytes).
    Removing queue.o(.ARM.exidx.text.xQueueAddToSet), (8 bytes).
    Removing queue.o(.text.xQueueRemoveFromSet), (74 bytes).
    Removing queue.o(.ARM.exidx.text.xQueueRemoveFromSet), (8 bytes).
    Removing queue.o(.text.xQueueSelectFromSet), (40 bytes).
    Removing queue.o(.ARM.exidx.text.xQueueSelectFromSet), (8 bytes).
    Removing queue.o(.text.xQueueSelectFromSetFromISR), (36 bytes).
    Removing queue.o(.ARM.exidx.text.xQueueSelectFromSetFromISR), (8 bytes).
    Removing tasks.o(.text), (0 bytes).
    Removing tasks.o(.ARM.exidx.text.xTaskCreate), (8 bytes).
    Removing tasks.o(.ARM.exidx.text.prvInitialiseNewTask), (8 bytes).
    Removing tasks.o(.ARM.exidx.text.prvAddNewTaskToReadyList), (8 bytes).
    Removing tasks.o(.ARM.exidx.text.vTaskDelete), (8 bytes).
    Removing tasks.o(.ARM.exidx.text.prvDeleteTCB), (8 bytes).
    Removing tasks.o(.ARM.exidx.text.prvResetNextTaskUnblockTime), (8 bytes).
    Removing tasks.o(.text.vTaskDelayUntil), (262 bytes).
    Removing tasks.o(.ARM.exidx.text.vTaskDelayUntil), (8 bytes).
    Removing tasks.o(.ARM.exidx.text.vTaskSuspendAll), (8 bytes).
    Removing tasks.o(.ARM.exidx.text.prvAddCurrentTaskToDelayedList), (8 bytes).
    Removing tasks.o(.ARM.exidx.text.xTaskResumeAll), (8 bytes).
    Removing tasks.o(.ARM.exidx.text.vTaskDelay), (8 bytes).
    Removing tasks.o(.text.eTaskGetState), (214 bytes).
    Removing tasks.o(.ARM.exidx.text.eTaskGetState), (8 bytes).
    Removing tasks.o(.text.uxTaskPriorityGet), (80 bytes).
    Removing tasks.o(.ARM.exidx.text.uxTaskPriorityGet), (8 bytes).
    Removing tasks.o(.text.uxTaskPriorityGetFromISR), (114 bytes).
    Removing tasks.o(.ARM.exidx.text.uxTaskPriorityGetFromISR), (8 bytes).
    Removing tasks.o(.text.vTaskPrioritySet), (450 bytes).
    Removing tasks.o(.ARM.exidx.text.vTaskPrioritySet), (8 bytes).
    Removing tasks.o(.text.vTaskSuspend), (354 bytes).
    Removing tasks.o(.ARM.exidx.text.vTaskSuspend), (8 bytes).
    Removing tasks.o(.ARM.exidx.text.vTaskSwitchContext), (8 bytes).
    Removing tasks.o(.text.vTaskResume), (200 bytes).
    Removing tasks.o(.ARM.exidx.text.vTaskResume), (8 bytes).
    Removing tasks.o(.text.prvTaskIsTaskSuspended), (102 bytes).
    Removing tasks.o(.ARM.exidx.text.prvTaskIsTaskSuspended), (8 bytes).
    Removing tasks.o(.text.xTaskResumeFromISR), (230 bytes).
    Removing tasks.o(.ARM.exidx.text.xTaskResumeFromISR), (8 bytes).
    Removing tasks.o(.ARM.exidx.text.vTaskStartScheduler), (8 bytes).
    Removing tasks.o(.ARM.exidx.text.prvIdleTask), (8 bytes).
    Removing tasks.o(.text.vTaskEndScheduler), (42 bytes).
    Removing tasks.o(.ARM.exidx.text.vTaskEndScheduler), (8 bytes).
    Removing tasks.o(.ARM.exidx.text.xTaskIncrementTick), (8 bytes).
    Removing tasks.o(.ARM.exidx.text.xTaskGetTickCount), (8 bytes).
    Removing tasks.o(.text.xTaskGetTickCountFromISR), (30 bytes).
    Removing tasks.o(.ARM.exidx.text.xTaskGetTickCountFromISR), (8 bytes).
    Removing tasks.o(.text.uxTaskGetNumberOfTasks), (12 bytes).
    Removing tasks.o(.ARM.exidx.text.uxTaskGetNumberOfTasks), (8 bytes).
    Removing tasks.o(.text.pcTaskGetName), (88 bytes).
    Removing tasks.o(.ARM.exidx.text.pcTaskGetName), (8 bytes).
    Removing tasks.o(.text.uxTaskGetSystemState), (278 bytes).
    Removing tasks.o(.ARM.exidx.text.uxTaskGetSystemState), (8 bytes).
    Removing tasks.o(.text.prvListTasksWithinSingleList), (166 bytes).
    Removing tasks.o(.ARM.exidx.text.prvListTasksWithinSingleList), (8 bytes).
    Removing tasks.o(.text.xTaskGetIdleTaskHandle), (42 bytes).
    Removing tasks.o(.ARM.exidx.text.xTaskGetIdleTaskHandle), (8 bytes).
    Removing tasks.o(.ARM.exidx.text.vTaskPlaceOnEventList), (8 bytes).
    Removing tasks.o(.text.vTaskPlaceOnUnorderedEventList), (102 bytes).
    Removing tasks.o(.ARM.exidx.text.vTaskPlaceOnUnorderedEventList), (8 bytes).
    Removing tasks.o(.ARM.exidx.text.vTaskPlaceOnEventListRestricted), (8 bytes).
    Removing tasks.o(.ARM.exidx.text.xTaskRemoveFromEventList), (8 bytes).
    Removing tasks.o(.text.xTaskRemoveFromUnorderedEventList), (198 bytes).
    Removing tasks.o(.ARM.exidx.text.xTaskRemoveFromUnorderedEventList), (8 bytes).
    Removing tasks.o(.ARM.exidx.text.vTaskSetTimeOutState), (8 bytes).
    Removing tasks.o(.ARM.exidx.text.xTaskCheckForTimeOut), (8 bytes).
    Removing tasks.o(.ARM.exidx.text.vTaskMissedYield), (8 bytes).
    Removing tasks.o(.text.uxTaskGetTaskNumber), (36 bytes).
    Removing tasks.o(.ARM.exidx.text.uxTaskGetTaskNumber), (8 bytes).
    Removing tasks.o(.text.vTaskSetTaskNumber), (30 bytes).
    Removing tasks.o(.ARM.exidx.text.vTaskSetTaskNumber), (8 bytes).
    Removing tasks.o(.text.vTaskGetInfo), (228 bytes).
    Removing tasks.o(.ARM.exidx.text.vTaskGetInfo), (8 bytes).
    Removing tasks.o(.text.prvTaskCheckFreeStackSpace), (48 bytes).
    Removing tasks.o(.ARM.exidx.text.prvTaskCheckFreeStackSpace), (8 bytes).
    Removing tasks.o(.text.uxTaskGetStackHighWaterMark), (80 bytes).
    Removing tasks.o(.ARM.exidx.text.uxTaskGetStackHighWaterMark), (8 bytes).
    Removing tasks.o(.text.xTaskGetCurrentTaskHandle), (20 bytes).
    Removing tasks.o(.ARM.exidx.text.xTaskGetCurrentTaskHandle), (8 bytes).
    Removing tasks.o(.ARM.exidx.text.xTaskGetSchedulerState), (8 bytes).
    Removing tasks.o(.ARM.exidx.text.vTaskPriorityInherit), (8 bytes).
    Removing tasks.o(.ARM.exidx.text.xTaskPriorityDisinherit), (8 bytes).
    Removing tasks.o(.text.mTaskGetLcdInfo), (476 bytes).
    Removing tasks.o(.ARM.exidx.text.mTaskGetLcdInfo), (8 bytes).
    Removing tasks.o(.text.vTaskList), (292 bytes).
    Removing tasks.o(.ARM.exidx.text.vTaskList), (8 bytes).
    Removing tasks.o(.text.prvWriteNameToBuffer), (74 bytes).
    Removing tasks.o(.ARM.exidx.text.prvWriteNameToBuffer), (8 bytes).
    Removing tasks.o(.text.vTaskGetRunTimeStats), (254 bytes).
    Removing tasks.o(.ARM.exidx.text.vTaskGetRunTimeStats), (8 bytes).
    Removing tasks.o(.text.uxTaskResetEventItemValue), (34 bytes).
    Removing tasks.o(.ARM.exidx.text.uxTaskResetEventItemValue), (8 bytes).
    Removing tasks.o(.ARM.exidx.text.pvTaskIncrementMutexHeldCount), (8 bytes).
    Removing tasks.o(.text.ulTaskNotifyTake), (194 bytes).
    Removing tasks.o(.ARM.exidx.text.ulTaskNotifyTake), (8 bytes).
    Removing tasks.o(.text.xTaskNotifyWait), (222 bytes).
    Removing tasks.o(.ARM.exidx.text.xTaskNotifyWait), (8 bytes).
    Removing tasks.o(.text.xTaskGenericNotify), (326 bytes).
    Removing tasks.o(.ARM.exidx.text.xTaskGenericNotify), (8 bytes).
    Removing tasks.o(.ARM.exidx.text.xTaskGenericNotifyFromISR), (8 bytes).
    Removing tasks.o(.text.vTaskNotifyGiveFromISR), (298 bytes).
    Removing tasks.o(.ARM.exidx.text.vTaskNotifyGiveFromISR), (8 bytes).
    Removing tasks.o(.text.xTaskNotifyStateClear), (106 bytes).
    Removing tasks.o(.ARM.exidx.text.xTaskNotifyStateClear), (8 bytes).
    Removing tasks.o(.ARM.exidx.text.prvInitialiseTaskLists), (8 bytes).
    Removing tasks.o(.ARM.exidx.text.prvCheckTasksWaitingTermination), (8 bytes).
    Removing timers.o(.text), (0 bytes).
    Removing timers.o(.ARM.exidx.text.xTimerCreateTimerTask), (8 bytes).
    Removing timers.o(.ARM.exidx.text.prvCheckForValidListAndQueue), (8 bytes).
    Removing timers.o(.ARM.exidx.text.prvTimerTask), (8 bytes).
    Removing timers.o(.ARM.exidx.text.xTimerCreate), (8 bytes).
    Removing timers.o(.ARM.exidx.text.prvInitialiseNewTimer), (8 bytes).
    Removing timers.o(.ARM.exidx.text.xTimerGenericCommand), (8 bytes).
    Removing timers.o(.text.xTimerGetTimerDaemonTaskHandle), (42 bytes).
    Removing timers.o(.ARM.exidx.text.xTimerGetTimerDaemonTaskHandle), (8 bytes).
    Removing timers.o(.text.xTimerGetPeriod), (38 bytes).
    Removing timers.o(.ARM.exidx.text.xTimerGetPeriod), (8 bytes).
    Removing timers.o(.text.xTimerGetExpiryTime), (42 bytes).
    Removing timers.o(.ARM.exidx.text.xTimerGetExpiryTime), (8 bytes).
    Removing timers.o(.text.pcTimerGetName), (38 bytes).
    Removing timers.o(.ARM.exidx.text.pcTimerGetName), (8 bytes).
    Removing timers.o(.text.xTimerIsTimerActive), (58 bytes).
    Removing timers.o(.ARM.exidx.text.xTimerIsTimerActive), (8 bytes).
    Removing timers.o(.text.pvTimerGetTimerID), (52 bytes).
    Removing timers.o(.ARM.exidx.text.pvTimerGetTimerID), (8 bytes).
    Removing timers.o(.text.vTimerSetTimerID), (52 bytes).
    Removing timers.o(.ARM.exidx.text.vTimerSetTimerID), (8 bytes).
    Removing timers.o(.text.xTimerPendFunctionCallFromISR), (58 bytes).
    Removing timers.o(.ARM.exidx.text.xTimerPendFunctionCallFromISR), (8 bytes).
    Removing timers.o(.text.xTimerPendFunctionCall), (88 bytes).
    Removing timers.o(.ARM.exidx.text.xTimerPendFunctionCall), (8 bytes).
    Removing timers.o(.ARM.exidx.text.prvGetNextExpireTime), (8 bytes).
    Removing timers.o(.ARM.exidx.text.prvProcessTimerOrBlockTask), (8 bytes).
    Removing timers.o(.ARM.exidx.text.prvProcessReceivedCommands), (8 bytes).
    Removing timers.o(.ARM.exidx.text.prvSampleTimeNow), (8 bytes).
    Removing timers.o(.ARM.exidx.text.prvProcessExpiredTimer), (8 bytes).
    Removing timers.o(.ARM.exidx.text.prvSwitchTimerLists), (8 bytes).
    Removing timers.o(.ARM.exidx.text.prvInsertTimerInActiveList), (8 bytes).
    Removing heap_4.o(.text), (0 bytes).
    Removing heap_4.o(.ARM.exidx.text.pvPortMalloc), (8 bytes).
    Removing heap_4.o(.ARM.exidx.text.prvHeapInit), (8 bytes).
    Removing heap_4.o(.ARM.exidx.text.prvInsertBlockIntoFreeList), (8 bytes).
    Removing heap_4.o(.ARM.exidx.text.vPortFree), (8 bytes).
    Removing heap_4.o(.ARM.exidx.text.xPortGetFreeHeapSize), (8 bytes).
    Removing heap_4.o(.text.xPortGetMinimumEverFreeHeapSize), (12 bytes).
    Removing heap_4.o(.ARM.exidx.text.xPortGetMinimumEverFreeHeapSize), (8 bytes).
    Removing heap_4.o(.text.vPortInitialiseBlocks), (2 bytes).
    Removing heap_4.o(.ARM.exidx.text.vPortInitialiseBlocks), (8 bytes).
    Removing port.o(.text), (0 bytes).
    Removing port.o(.ARM.exidx.text.pxPortInitialiseStack), (8 bytes).
    Removing port.o(.ARM.exidx.text.prvTaskExitError), (8 bytes).
    Removing port.o(.ARM.exidx.text.SVC_Handler), (8 bytes).
    Removing port.o(.ARM.exidx.text.xPortStartScheduler), (8 bytes).
    Removing port.o(.ARM.exidx.text.vPortSetupTimerInterrupt), (8 bytes).
    Removing port.o(.ARM.exidx.text.vPortEnableVFP), (8 bytes).
    Removing port.o(.ARM.exidx.text.prvPortStartFirstTask), (8 bytes).
    Removing port.o(.text.vPortEndScheduler), (34 bytes).
    Removing port.o(.ARM.exidx.text.vPortEndScheduler), (8 bytes).
    Removing port.o(.ARM.exidx.text.vPortEnterCritical), (8 bytes).
    Removing port.o(.ARM.exidx.text.vPortExitCritical), (8 bytes).
    Removing port.o(.ARM.exidx.text.PendSV_Handler), (8 bytes).
    Removing port.o(.ARM.exidx.text.xPortSysTickHandler), (8 bytes).
    Removing port.o(.ARM.exidx.text.vPortValidateInterruptPriority), (8 bytes).
    Removing arm_cos_f32.o(.rev16_text), (4 bytes).
    Removing arm_cos_f32.o(.revsh_text), (4 bytes).
    Removing arm_cos_f32.o(.rrx_text), (6 bytes).
    Removing arm_cos_f32.o(.text), (120 bytes).
    Removing arm_sin_f32.o(.rev16_text), (4 bytes).
    Removing arm_sin_f32.o(.revsh_text), (4 bytes).
    Removing arm_sin_f32.o(.rrx_text), (6 bytes).
    Removing arm_sin_f32.o(.text), (116 bytes).
    Removing arm_mean_f32.o(.rev16_text), (4 bytes).
    Removing arm_mean_f32.o(.revsh_text), (4 bytes).
    Removing arm_mean_f32.o(.rrx_text), (6 bytes).
    Removing arm_mean_f32.o(.text), (144 bytes).
    Removing arm_var_f32.o(.rev16_text), (4 bytes).
    Removing arm_var_f32.o(.revsh_text), (4 bytes).
    Removing arm_var_f32.o(.rrx_text), (6 bytes).
    Removing arm_var_f32.o(.text), (292 bytes).
    Removing arm_common_tables.o(.rev16_text), (4 bytes).
    Removing arm_common_tables.o(.revsh_text), (4 bytes).
    Removing arm_common_tables.o(.rrx_text), (6 bytes).
    Removing arm_common_tables.o(.constdata), (2048 bytes).
    Removing arm_common_tables.o(.constdata), (128 bytes).
    Removing arm_common_tables.o(.constdata), (256 bytes).
    Removing arm_common_tables.o(.constdata), (512 bytes).
    Removing arm_common_tables.o(.constdata), (1024 bytes).
    Removing arm_common_tables.o(.constdata), (2048 bytes).
    Removing arm_common_tables.o(.constdata), (4096 bytes).
    Removing arm_common_tables.o(.constdata), (8192 bytes).
    Removing arm_common_tables.o(.constdata), (16384 bytes).
    Removing arm_common_tables.o(.constdata), (32768 bytes).
    Removing arm_common_tables.o(.constdata), (96 bytes).
    Removing arm_common_tables.o(.constdata), (192 bytes).
    Removing arm_common_tables.o(.constdata), (384 bytes).
    Removing arm_common_tables.o(.constdata), (768 bytes).
    Removing arm_common_tables.o(.constdata), (1536 bytes).
    Removing arm_common_tables.o(.constdata), (3072 bytes).
    Removing arm_common_tables.o(.constdata), (6144 bytes).
    Removing arm_common_tables.o(.constdata), (12288 bytes).
    Removing arm_common_tables.o(.constdata), (24576 bytes).
    Removing arm_common_tables.o(.constdata), (48 bytes).
    Removing arm_common_tables.o(.constdata), (96 bytes).
    Removing arm_common_tables.o(.constdata), (192 bytes).
    Removing arm_common_tables.o(.constdata), (384 bytes).
    Removing arm_common_tables.o(.constdata), (768 bytes).
    Removing arm_common_tables.o(.constdata), (1536 bytes).
    Removing arm_common_tables.o(.constdata), (3072 bytes).
    Removing arm_common_tables.o(.constdata), (6144 bytes).
    Removing arm_common_tables.o(.constdata), (12288 bytes).
    Removing arm_common_tables.o(.constdata), (128 bytes).
    Removing arm_common_tables.o(.constdata), (256 bytes).
    Removing arm_common_tables.o(.constdata), (40 bytes).
    Removing arm_common_tables.o(.constdata), (96 bytes).
    Removing arm_common_tables.o(.constdata), (112 bytes).
    Removing arm_common_tables.o(.constdata), (416 bytes).
    Removing arm_common_tables.o(.constdata), (880 bytes).
    Removing arm_common_tables.o(.constdata), (896 bytes).
    Removing arm_common_tables.o(.constdata), (3600 bytes).
    Removing arm_common_tables.o(.constdata), (7616 bytes).
    Removing arm_common_tables.o(.constdata), (8064 bytes).
    Removing arm_common_tables.o(.constdata), (24 bytes).
    Removing arm_common_tables.o(.constdata), (48 bytes).
    Removing arm_common_tables.o(.constdata), (112 bytes).
    Removing arm_common_tables.o(.constdata), (224 bytes).
    Removing arm_common_tables.o(.constdata), (480 bytes).
    Removing arm_common_tables.o(.constdata), (960 bytes).
    Removing arm_common_tables.o(.constdata), (1984 bytes).
    Removing arm_common_tables.o(.constdata), (3968 bytes).
    Removing arm_common_tables.o(.constdata), (8064 bytes).
    Removing arm_common_tables.o(.constdata), (128 bytes).
    Removing arm_common_tables.o(.constdata), (256 bytes).
    Removing arm_common_tables.o(.constdata), (512 bytes).
    Removing arm_common_tables.o(.constdata), (1024 bytes).
    Removing arm_common_tables.o(.constdata), (2048 bytes).
    Removing arm_common_tables.o(.constdata), (4096 bytes).
    Removing arm_common_tables.o(.constdata), (8192 bytes).
    Removing arm_common_tables.o(.constdata), (16384 bytes).
    Removing arm_common_tables.o(.constdata), (2052 bytes).
    Removing arm_common_tables.o(.constdata), (2052 bytes).
    Removing arm_common_tables.o(.constdata), (1026 bytes).
    Removing new.cpp.o(.text), (0 bytes).
    Removing new.cpp.o(.text._ZSt17__throw_bad_allocv), (4 bytes).
    Removing new.cpp.o(.ARM.exidx.text._ZSt17__throw_bad_allocv), (8 bytes).
    Removing new.cpp.o(.ARM.exidx.text._Znwj), (8 bytes).
    Removing new.cpp.o(.text._ZnwjRKSt9nothrow_t), (4 bytes).
    Removing new.cpp.o(.ARM.exidx.text._ZnwjRKSt9nothrow_t), (8 bytes).
    Removing new.cpp.o(.ARM.exidx.text._Znaj), (8 bytes).
    Removing new.cpp.o(.text._ZnajRKSt9nothrow_t), (4 bytes).
    Removing new.cpp.o(.ARM.exidx.text._ZnajRKSt9nothrow_t), (8 bytes).
    Removing new.cpp.o(.ARM.exidx.text._ZdlPv), (8 bytes).
    Removing new.cpp.o(.text._ZdlPvRKSt9nothrow_t), (4 bytes).
    Removing new.cpp.o(.ARM.exidx.text._ZdlPvRKSt9nothrow_t), (8 bytes).
    Removing new.cpp.o(.text._ZdlPvj), (4 bytes).
    Removing new.cpp.o(.ARM.exidx.text._ZdlPvj), (8 bytes).
    Removing new.cpp.o(.text._ZdaPv), (4 bytes).
    Removing new.cpp.o(.ARM.exidx.text._ZdaPv), (8 bytes).
    Removing new.cpp.o(.text._ZdaPvRKSt9nothrow_t), (4 bytes).
    Removing new.cpp.o(.ARM.exidx.text._ZdaPvRKSt9nothrow_t), (8 bytes).
    Removing new.cpp.o(.text._ZdaPvj), (4 bytes).
    Removing new.cpp.o(.ARM.exidx.text._ZdaPvj), (8 bytes).
    Removing new.cpp.o(.text._ZnwjSt11align_val_t), (70 bytes).
    Removing new.cpp.o(.ARM.exidx.text._ZnwjSt11align_val_t), (8 bytes).
    Removing new.cpp.o(.text._ZnwjSt11align_val_tRKSt9nothrow_t), (4 bytes).
    Removing new.cpp.o(.ARM.exidx.text._ZnwjSt11align_val_tRKSt9nothrow_t), (8 bytes).
    Removing new.cpp.o(.text._ZnajSt11align_val_t), (4 bytes).
    Removing new.cpp.o(.ARM.exidx.text._ZnajSt11align_val_t), (8 bytes).
    Removing new.cpp.o(.text._ZnajSt11align_val_tRKSt9nothrow_t), (4 bytes).
    Removing new.cpp.o(.ARM.exidx.text._ZnajSt11align_val_tRKSt9nothrow_t), (8 bytes).
    Removing new.cpp.o(.text._ZdlPvSt11align_val_t), (4 bytes).
    Removing new.cpp.o(.ARM.exidx.text._ZdlPvSt11align_val_t), (8 bytes).
    Removing new.cpp.o(.text._ZdlPvSt11align_val_tRKSt9nothrow_t), (4 bytes).
    Removing new.cpp.o(.ARM.exidx.text._ZdlPvSt11align_val_tRKSt9nothrow_t), (8 bytes).
    Removing new.cpp.o(.text._ZdlPvjSt11align_val_t), (6 bytes).
    Removing new.cpp.o(.ARM.exidx.text._ZdlPvjSt11align_val_t), (8 bytes).
    Removing new.cpp.o(.text._ZdaPvSt11align_val_t), (4 bytes).
    Removing new.cpp.o(.ARM.exidx.text._ZdaPvSt11align_val_t), (8 bytes).
    Removing new.cpp.o(.text._ZdaPvSt11align_val_tRKSt9nothrow_t), (4 bytes).
    Removing new.cpp.o(.ARM.exidx.text._ZdaPvSt11align_val_tRKSt9nothrow_t), (8 bytes).
    Removing new.cpp.o(.text._ZdaPvjSt11align_val_t), (6 bytes).
    Removing new.cpp.o(.ARM.exidx.text._ZdaPvjSt11align_val_t), (8 bytes).
    Removing new.cpp.o(.rodata._ZSt7nothrow), (1 bytes).
    Removing vector.cpp.o(.text), (0 bytes).
    Removing cxa_virtual.cpp.o(.text), (0 bytes).
    Removing cxa_virtual.cpp.o(.ARM.exidx.text.__cxa_pure_virtual), (8 bytes).
    Removing cxa_virtual.cpp.o(.text.__cxa_deleted_virtual), (44 bytes).
    Removing cxa_virtual.cpp.o(.ARM.exidx.text.__cxa_deleted_virtual), (8 bytes).
    Removing private_typeinfo.cpp.o(.text), (0 bytes).
    Removing private_typeinfo.cpp.o(.ARM.exidx.text._ZN10__cxxabiv116__shim_type_infoD2Ev), (8 bytes).
    Removing private_typeinfo.cpp.o(.text._ZN10__cxxabiv116__shim_type_infoD0Ev), (2 bytes).
    Removing private_typeinfo.cpp.o(.ARM.exidx.text._ZN10__cxxabiv116__shim_type_infoD0Ev), (8 bytes).
    Removing private_typeinfo.cpp.o(.ARM.exidx.text._ZNK10__cxxabiv116__shim_type_info5noop1Ev), (8 bytes).
    Removing private_typeinfo.cpp.o(.ARM.exidx.text._ZNK10__cxxabiv116__shim_type_info5noop2Ev), (8 bytes).
    Removing private_typeinfo.cpp.o(.text._ZN10__cxxabiv123__fundamental_type_infoD0Ev), (14 bytes).
    Removing private_typeinfo.cpp.o(.ARM.exidx.text._ZN10__cxxabiv123__fundamental_type_infoD0Ev), (8 bytes).
    Removing private_typeinfo.cpp.o(.text._ZN10__cxxabiv117__array_type_infoD0Ev), (14 bytes).
    Removing private_typeinfo.cpp.o(.ARM.exidx.text._ZN10__cxxabiv117__array_type_infoD0Ev), (8 bytes).
    Removing private_typeinfo.cpp.o(.text._ZN10__cxxabiv120__function_type_infoD0Ev), (14 bytes).
    Removing private_typeinfo.cpp.o(.ARM.exidx.text._ZN10__cxxabiv120__function_type_infoD0Ev), (8 bytes).
    Removing private_typeinfo.cpp.o(.text._ZN10__cxxabiv116__enum_type_infoD0Ev), (14 bytes).
    Removing private_typeinfo.cpp.o(.ARM.exidx.text._ZN10__cxxabiv116__enum_type_infoD0Ev), (8 bytes).
    Removing private_typeinfo.cpp.o(.ARM.exidx.text._ZN10__cxxabiv117__class_type_infoD0Ev), (8 bytes).
    Removing private_typeinfo.cpp.o(.ARM.exidx.text._ZN10__cxxabiv120__si_class_type_infoD0Ev), (8 bytes).
    Removing private_typeinfo.cpp.o(.ARM.exidx.text._ZN10__cxxabiv121__vmi_class_type_infoD0Ev), (8 bytes).
    Removing private_typeinfo.cpp.o(.text._ZN10__cxxabiv117__pbase_type_infoD0Ev), (14 bytes).
    Removing private_typeinfo.cpp.o(.ARM.exidx.text._ZN10__cxxabiv117__pbase_type_infoD0Ev), (8 bytes).
    Removing private_typeinfo.cpp.o(.text._ZN10__cxxabiv119__pointer_type_infoD0Ev), (14 bytes).
    Removing private_typeinfo.cpp.o(.ARM.exidx.text._ZN10__cxxabiv119__pointer_type_infoD0Ev), (8 bytes).
    Removing private_typeinfo.cpp.o(.text._ZN10__cxxabiv129__pointer_to_member_type_infoD0Ev), (14 bytes).
    Removing private_typeinfo.cpp.o(.ARM.exidx.text._ZN10__cxxabiv129__pointer_to_member_type_infoD0Ev), (8 bytes).
    Removing private_typeinfo.cpp.o(.text._ZNK10__cxxabiv123__fundamental_type_info9can_catchEPKNS_16__shim_type_infoERPv), (14 bytes).
    Removing private_typeinfo.cpp.o(.ARM.exidx.text._ZNK10__cxxabiv123__fundamental_type_info9can_catchEPKNS_16__shim_type_infoERPv), (8 bytes).
    Removing private_typeinfo.cpp.o(.text._ZNK10__cxxabiv117__array_type_info9can_catchEPKNS_16__shim_type_infoERPv), (4 bytes).
    Removing private_typeinfo.cpp.o(.ARM.exidx.text._ZNK10__cxxabiv117__array_type_info9can_catchEPKNS_16__shim_type_infoERPv), (8 bytes).
    Removing private_typeinfo.cpp.o(.text._ZNK10__cxxabiv120__function_type_info9can_catchEPKNS_16__shim_type_infoERPv), (4 bytes).
    Removing private_typeinfo.cpp.o(.ARM.exidx.text._ZNK10__cxxabiv120__function_type_info9can_catchEPKNS_16__shim_type_infoERPv), (8 bytes).
    Removing private_typeinfo.cpp.o(.text._ZNK10__cxxabiv116__enum_type_info9can_catchEPKNS_16__shim_type_infoERPv), (14 bytes).
    Removing private_typeinfo.cpp.o(.ARM.exidx.text._ZNK10__cxxabiv116__enum_type_info9can_catchEPKNS_16__shim_type_infoERPv), (8 bytes).
    Removing private_typeinfo.cpp.o(.ARM.exidx.text._ZNK10__cxxabiv117__class_type_info9can_catchEPKNS_16__shim_type_infoERPv), (8 bytes).
    Removing private_typeinfo.cpp.o(.text._ZNK10__cxxabiv117__class_type_info24process_found_base_classEPNS_19__dynamic_cast_infoEPvi), (48 bytes).
    Removing private_typeinfo.cpp.o(.ARM.exidx.text._ZNK10__cxxabiv117__class_type_info24process_found_base_classEPNS_19__dynamic_cast_infoEPvi), (8 bytes).
    Removing private_typeinfo.cpp.o(.ARM.exidx.text._ZNK10__cxxabiv117__class_type_info27has_unambiguous_public_baseEPNS_19__dynamic_cast_infoEPvi), (8 bytes).
    Removing private_typeinfo.cpp.o(.ARM.exidx.text._ZNK10__cxxabiv120__si_class_type_info27has_unambiguous_public_baseEPNS_19__dynamic_cast_infoEPvi), (8 bytes).
    Removing private_typeinfo.cpp.o(.ARM.exidx.text._ZNK10__cxxabiv122__base_class_type_info27has_unambiguous_public_baseEPNS_19__dynamic_cast_infoEPvi), (8 bytes).
    Removing private_typeinfo.cpp.o(.ARM.exidx.text._ZNK10__cxxabiv121__vmi_class_type_info27has_unambiguous_public_baseEPNS_19__dynamic_cast_infoEPvi), (8 bytes).
    Removing private_typeinfo.cpp.o(.text._ZNK10__cxxabiv117__pbase_type_info9can_catchEPKNS_16__shim_type_infoERPv), (90 bytes).
    Removing private_typeinfo.cpp.o(.ARM.exidx.text._ZNK10__cxxabiv117__pbase_type_info9can_catchEPKNS_16__shim_type_infoERPv), (8 bytes).
    Removing private_typeinfo.cpp.o(.text._ZNK10__cxxabiv119__pointer_type_info9can_catchEPKNS_16__shim_type_infoERPv), (408 bytes).
    Removing private_typeinfo.cpp.o(.ARM.exidx.text._ZNK10__cxxabiv119__pointer_type_info9can_catchEPKNS_16__shim_type_infoERPv), (8 bytes).
    Removing private_typeinfo.cpp.o(.text._ZNK10__cxxabiv119__pointer_type_info16can_catch_nestedEPKNS_16__shim_type_infoE), (152 bytes).
    Removing private_typeinfo.cpp.o(.ARM.exidx.text._ZNK10__cxxabiv119__pointer_type_info16can_catch_nestedEPKNS_16__shim_type_infoE), (8 bytes).
    Removing private_typeinfo.cpp.o(.text._ZNK10__cxxabiv129__pointer_to_member_type_info16can_catch_nestedEPKNS_16__shim_type_infoE), (82 bytes).
    Removing private_typeinfo.cpp.o(.ARM.exidx.text._ZNK10__cxxabiv129__pointer_to_member_type_info16can_catch_nestedEPKNS_16__shim_type_infoE), (8 bytes).
    Removing private_typeinfo.cpp.o(.text._ZNK10__cxxabiv129__pointer_to_member_type_info9can_catchEPKNS_16__shim_type_infoERPv), (172 bytes).
    Removing private_typeinfo.cpp.o(.ARM.exidx.text._ZNK10__cxxabiv129__pointer_to_member_type_info9can_catchEPKNS_16__shim_type_infoERPv), (8 bytes).
    Removing private_typeinfo.cpp.o(.ARM.exidx.text.__dynamic_cast), (8 bytes).
    Removing private_typeinfo.cpp.o(.ARM.exidx.text._ZNK10__cxxabiv117__class_type_info29process_static_type_above_dstEPNS_19__dynamic_cast_infoEPKvS4_i), (8 bytes).
    Removing private_typeinfo.cpp.o(.text._ZNK10__cxxabiv117__class_type_info29process_static_type_below_dstEPNS_19__dynamic_cast_infoEPKvi), (18 bytes).
    Removing private_typeinfo.cpp.o(.ARM.exidx.text._ZNK10__cxxabiv117__class_type_info29process_static_type_below_dstEPNS_19__dynamic_cast_infoEPKvi), (8 bytes).
    Removing private_typeinfo.cpp.o(.ARM.exidx.text._ZNK10__cxxabiv121__vmi_class_type_info16search_below_dstEPNS_19__dynamic_cast_infoEPKvib), (8 bytes).
    Removing private_typeinfo.cpp.o(.text._ZNK10__cxxabiv122__base_class_type_info16search_above_dstEPNS_19__dynamic_cast_infoEPKvS4_ib), (52 bytes).
    Removing private_typeinfo.cpp.o(.ARM.exidx.text._ZNK10__cxxabiv122__base_class_type_info16search_above_dstEPNS_19__dynamic_cast_infoEPKvS4_ib), (8 bytes).
    Removing private_typeinfo.cpp.o(.text._ZNK10__cxxabiv122__base_class_type_info16search_below_dstEPNS_19__dynamic_cast_infoEPKvib), (52 bytes).
    Removing private_typeinfo.cpp.o(.ARM.exidx.text._ZNK10__cxxabiv122__base_class_type_info16search_below_dstEPNS_19__dynamic_cast_infoEPKvib), (8 bytes).
    Removing private_typeinfo.cpp.o(.ARM.exidx.text._ZNK10__cxxabiv120__si_class_type_info16search_below_dstEPNS_19__dynamic_cast_infoEPKvib), (8 bytes).
    Removing private_typeinfo.cpp.o(.ARM.exidx.text._ZNK10__cxxabiv117__class_type_info16search_below_dstEPNS_19__dynamic_cast_infoEPKvib), (8 bytes).
    Removing private_typeinfo.cpp.o(.ARM.exidx.text._ZNK10__cxxabiv121__vmi_class_type_info16search_above_dstEPNS_19__dynamic_cast_infoEPKvS4_ib), (8 bytes).
    Removing private_typeinfo.cpp.o(.ARM.exidx.text._ZNK10__cxxabiv120__si_class_type_info16search_above_dstEPNS_19__dynamic_cast_infoEPKvS4_ib), (8 bytes).
    Removing private_typeinfo.cpp.o(.ARM.exidx.text._ZNK10__cxxabiv117__class_type_info16search_above_dstEPNS_19__dynamic_cast_infoEPKvS4_ib), (8 bytes).
    Removing private_typeinfo.cpp.o(.rodata._ZTSN10__cxxabiv117__pbase_type_infoE), (34 bytes).
    Removing private_typeinfo.cpp.o(.rodata._ZTIN10__cxxabiv117__pbase_type_infoE), (12 bytes).
    Removing private_typeinfo.cpp.o(.rodata._ZTSN10__cxxabiv119__pointer_type_infoE), (36 bytes).
    Removing private_typeinfo.cpp.o(.rodata._ZTIN10__cxxabiv119__pointer_type_infoE), (12 bytes).
    Removing private_typeinfo.cpp.o(.rodata._ZTSN10__cxxabiv120__function_type_infoE), (37 bytes).
    Removing private_typeinfo.cpp.o(.rodata._ZTIN10__cxxabiv120__function_type_infoE), (12 bytes).
    Removing private_typeinfo.cpp.o(.rodata._ZTSN10__cxxabiv129__pointer_to_member_type_infoE), (46 bytes).
    Removing private_typeinfo.cpp.o(.rodata._ZTIN10__cxxabiv129__pointer_to_member_type_infoE), (12 bytes).
    Removing private_typeinfo.cpp.o(.rodata._ZZNK10__cxxabiv129__pointer_to_member_type_info9can_catchEPKNS_16__shim_type_infoERPvE12null_ptr_rep), (8 bytes).
    Removing private_typeinfo.cpp.o(.rodata._ZZNK10__cxxabiv129__pointer_to_member_type_info9can_catchEPKNS_16__shim_type_infoERPvE12null_ptr_rep_0), (4 bytes).
    Removing private_typeinfo.cpp.o(.rodata._ZTVN10__cxxabiv116__shim_type_infoE), (28 bytes).
    Removing private_typeinfo.cpp.o(.rodata._ZTVN10__cxxabiv123__fundamental_type_infoE), (28 bytes).
    Removing private_typeinfo.cpp.o(.rodata._ZTSN10__cxxabiv123__fundamental_type_infoE), (40 bytes).
    Removing private_typeinfo.cpp.o(.rodata._ZTIN10__cxxabiv123__fundamental_type_infoE), (12 bytes).
    Removing private_typeinfo.cpp.o(.rodata._ZTSv), (2 bytes).
    Removing private_typeinfo.cpp.o(.rodata._ZTIv), (8 bytes).
    Removing private_typeinfo.cpp.o(.rodata._ZTSPv), (3 bytes).
    Removing private_typeinfo.cpp.o(.rodata._ZTIPv), (16 bytes).
    Removing private_typeinfo.cpp.o(.rodata._ZTSPKv), (4 bytes).
    Removing private_typeinfo.cpp.o(.rodata._ZTIPKv), (16 bytes).
    Removing private_typeinfo.cpp.o(.rodata._ZTSDn), (3 bytes).
    Removing private_typeinfo.cpp.o(.rodata._ZTIDn), (8 bytes).
    Removing private_typeinfo.cpp.o(.rodata._ZTSPDn), (4 bytes).
    Removing private_typeinfo.cpp.o(.rodata._ZTIPDn), (16 bytes).
    Removing private_typeinfo.cpp.o(.rodata._ZTSPKDn), (5 bytes).
    Removing private_typeinfo.cpp.o(.rodata._ZTIPKDn), (16 bytes).
    Removing private_typeinfo.cpp.o(.rodata._ZTSb), (2 bytes).
    Removing private_typeinfo.cpp.o(.rodata._ZTIb), (8 bytes).
    Removing private_typeinfo.cpp.o(.rodata._ZTSPb), (3 bytes).
    Removing private_typeinfo.cpp.o(.rodata._ZTIPb), (16 bytes).
    Removing private_typeinfo.cpp.o(.rodata._ZTSPKb), (4 bytes).
    Removing private_typeinfo.cpp.o(.rodata._ZTIPKb), (16 bytes).
    Removing private_typeinfo.cpp.o(.rodata._ZTSw), (2 bytes).
    Removing private_typeinfo.cpp.o(.rodata._ZTIw), (8 bytes).
    Removing private_typeinfo.cpp.o(.rodata._ZTSPw), (3 bytes).
    Removing private_typeinfo.cpp.o(.rodata._ZTIPw), (16 bytes).
    Removing private_typeinfo.cpp.o(.rodata._ZTSPKw), (4 bytes).
    Removing private_typeinfo.cpp.o(.rodata._ZTIPKw), (16 bytes).
    Removing private_typeinfo.cpp.o(.rodata._ZTSc), (2 bytes).
    Removing private_typeinfo.cpp.o(.rodata._ZTIc), (8 bytes).
    Removing private_typeinfo.cpp.o(.rodata._ZTSPc), (3 bytes).
    Removing private_typeinfo.cpp.o(.rodata._ZTIPc), (16 bytes).
    Removing private_typeinfo.cpp.o(.rodata._ZTSPKc), (4 bytes).
    Removing private_typeinfo.cpp.o(.rodata._ZTIPKc), (16 bytes).
    Removing private_typeinfo.cpp.o(.rodata._ZTSh), (2 bytes).
    Removing private_typeinfo.cpp.o(.rodata._ZTIh), (8 bytes).
    Removing private_typeinfo.cpp.o(.rodata._ZTSPh), (3 bytes).
    Removing private_typeinfo.cpp.o(.rodata._ZTIPh), (16 bytes).
    Removing private_typeinfo.cpp.o(.rodata._ZTSPKh), (4 bytes).
    Removing private_typeinfo.cpp.o(.rodata._ZTIPKh), (16 bytes).
    Removing private_typeinfo.cpp.o(.rodata._ZTSa), (2 bytes).
    Removing private_typeinfo.cpp.o(.rodata._ZTIa), (8 bytes).
    Removing private_typeinfo.cpp.o(.rodata._ZTSPa), (3 bytes).
    Removing private_typeinfo.cpp.o(.rodata._ZTIPa), (16 bytes).
    Removing private_typeinfo.cpp.o(.rodata._ZTSPKa), (4 bytes).
    Removing private_typeinfo.cpp.o(.rodata._ZTIPKa), (16 bytes).
    Removing private_typeinfo.cpp.o(.rodata._ZTSs), (2 bytes).
    Removing private_typeinfo.cpp.o(.rodata._ZTIs), (8 bytes).
    Removing private_typeinfo.cpp.o(.rodata._ZTSPs), (3 bytes).
    Removing private_typeinfo.cpp.o(.rodata._ZTIPs), (16 bytes).
    Removing private_typeinfo.cpp.o(.rodata._ZTSPKs), (4 bytes).
    Removing private_typeinfo.cpp.o(.rodata._ZTIPKs), (16 bytes).
    Removing private_typeinfo.cpp.o(.rodata._ZTSt), (2 bytes).
    Removing private_typeinfo.cpp.o(.rodata._ZTIt), (8 bytes).
    Removing private_typeinfo.cpp.o(.rodata._ZTSPt), (3 bytes).
    Removing private_typeinfo.cpp.o(.rodata._ZTIPt), (16 bytes).
    Removing private_typeinfo.cpp.o(.rodata._ZTSPKt), (4 bytes).
    Removing private_typeinfo.cpp.o(.rodata._ZTIPKt), (16 bytes).
    Removing private_typeinfo.cpp.o(.rodata._ZTSi), (2 bytes).
    Removing private_typeinfo.cpp.o(.rodata._ZTIi), (8 bytes).
    Removing private_typeinfo.cpp.o(.rodata._ZTSPi), (3 bytes).
    Removing private_typeinfo.cpp.o(.rodata._ZTIPi), (16 bytes).
    Removing private_typeinfo.cpp.o(.rodata._ZTSPKi), (4 bytes).
    Removing private_typeinfo.cpp.o(.rodata._ZTIPKi), (16 bytes).
    Removing private_typeinfo.cpp.o(.rodata._ZTSj), (2 bytes).
    Removing private_typeinfo.cpp.o(.rodata._ZTIj), (8 bytes).
    Removing private_typeinfo.cpp.o(.rodata._ZTSPj), (3 bytes).
    Removing private_typeinfo.cpp.o(.rodata._ZTIPj), (16 bytes).
    Removing private_typeinfo.cpp.o(.rodata._ZTSPKj), (4 bytes).
    Removing private_typeinfo.cpp.o(.rodata._ZTIPKj), (16 bytes).
    Removing private_typeinfo.cpp.o(.rodata._ZTSl), (2 bytes).
    Removing private_typeinfo.cpp.o(.rodata._ZTIl), (8 bytes).
    Removing private_typeinfo.cpp.o(.rodata._ZTSPl), (3 bytes).
    Removing private_typeinfo.cpp.o(.rodata._ZTIPl), (16 bytes).
    Removing private_typeinfo.cpp.o(.rodata._ZTSPKl), (4 bytes).
    Removing private_typeinfo.cpp.o(.rodata._ZTIPKl), (16 bytes).
    Removing private_typeinfo.cpp.o(.rodata._ZTSm), (2 bytes).
    Removing private_typeinfo.cpp.o(.rodata._ZTIm), (8 bytes).
    Removing private_typeinfo.cpp.o(.rodata._ZTSPm), (3 bytes).
    Removing private_typeinfo.cpp.o(.rodata._ZTIPm), (16 bytes).
    Removing private_typeinfo.cpp.o(.rodata._ZTSPKm), (4 bytes).
    Removing private_typeinfo.cpp.o(.rodata._ZTIPKm), (16 bytes).
    Removing private_typeinfo.cpp.o(.rodata._ZTSx), (2 bytes).
    Removing private_typeinfo.cpp.o(.rodata._ZTIx), (8 bytes).
    Removing private_typeinfo.cpp.o(.rodata._ZTSPx), (3 bytes).
    Removing private_typeinfo.cpp.o(.rodata._ZTIPx), (16 bytes).
    Removing private_typeinfo.cpp.o(.rodata._ZTSPKx), (4 bytes).
    Removing private_typeinfo.cpp.o(.rodata._ZTIPKx), (16 bytes).
    Removing private_typeinfo.cpp.o(.rodata._ZTSy), (2 bytes).
    Removing private_typeinfo.cpp.o(.rodata._ZTIy), (8 bytes).
    Removing private_typeinfo.cpp.o(.rodata._ZTSPy), (3 bytes).
    Removing private_typeinfo.cpp.o(.rodata._ZTIPy), (16 bytes).
    Removing private_typeinfo.cpp.o(.rodata._ZTSPKy), (4 bytes).
    Removing private_typeinfo.cpp.o(.rodata._ZTIPKy), (16 bytes).
    Removing private_typeinfo.cpp.o(.rodata._ZTSn), (2 bytes).
    Removing private_typeinfo.cpp.o(.rodata._ZTIn), (8 bytes).
    Removing private_typeinfo.cpp.o(.rodata._ZTSPn), (3 bytes).
    Removing private_typeinfo.cpp.o(.rodata._ZTIPn), (16 bytes).
    Removing private_typeinfo.cpp.o(.rodata._ZTSPKn), (4 bytes).
    Removing private_typeinfo.cpp.o(.rodata._ZTIPKn), (16 bytes).
    Removing private_typeinfo.cpp.o(.rodata._ZTSo), (2 bytes).
    Removing private_typeinfo.cpp.o(.rodata._ZTIo), (8 bytes).
    Removing private_typeinfo.cpp.o(.rodata._ZTSPo), (3 bytes).
    Removing private_typeinfo.cpp.o(.rodata._ZTIPo), (16 bytes).
    Removing private_typeinfo.cpp.o(.rodata._ZTSPKo), (4 bytes).
    Removing private_typeinfo.cpp.o(.rodata._ZTIPKo), (16 bytes).
    Removing private_typeinfo.cpp.o(.rodata._ZTSDh), (3 bytes).
    Removing private_typeinfo.cpp.o(.rodata._ZTIDh), (8 bytes).
    Removing private_typeinfo.cpp.o(.rodata._ZTSPDh), (4 bytes).
    Removing private_typeinfo.cpp.o(.rodata._ZTIPDh), (16 bytes).
    Removing private_typeinfo.cpp.o(.rodata._ZTSPKDh), (5 bytes).
    Removing private_typeinfo.cpp.o(.rodata._ZTIPKDh), (16 bytes).
    Removing private_typeinfo.cpp.o(.rodata._ZTSf), (2 bytes).
    Removing private_typeinfo.cpp.o(.rodata._ZTIf), (8 bytes).
    Removing private_typeinfo.cpp.o(.rodata._ZTSPf), (3 bytes).
    Removing private_typeinfo.cpp.o(.rodata._ZTIPf), (16 bytes).
    Removing private_typeinfo.cpp.o(.rodata._ZTSPKf), (4 bytes).
    Removing private_typeinfo.cpp.o(.rodata._ZTIPKf), (16 bytes).
    Removing private_typeinfo.cpp.o(.rodata._ZTSd), (2 bytes).
    Removing private_typeinfo.cpp.o(.rodata._ZTId), (8 bytes).
    Removing private_typeinfo.cpp.o(.rodata._ZTSPd), (3 bytes).
    Removing private_typeinfo.cpp.o(.rodata._ZTIPd), (16 bytes).
    Removing private_typeinfo.cpp.o(.rodata._ZTSPKd), (4 bytes).
    Removing private_typeinfo.cpp.o(.rodata._ZTIPKd), (16 bytes).
    Removing private_typeinfo.cpp.o(.rodata._ZTSe), (2 bytes).
    Removing private_typeinfo.cpp.o(.rodata._ZTIe), (8 bytes).
    Removing private_typeinfo.cpp.o(.rodata._ZTSPe), (3 bytes).
    Removing private_typeinfo.cpp.o(.rodata._ZTIPe), (16 bytes).
    Removing private_typeinfo.cpp.o(.rodata._ZTSPKe), (4 bytes).
    Removing private_typeinfo.cpp.o(.rodata._ZTIPKe), (16 bytes).
    Removing private_typeinfo.cpp.o(.rodata._ZTSg), (2 bytes).
    Removing private_typeinfo.cpp.o(.rodata._ZTIg), (8 bytes).
    Removing private_typeinfo.cpp.o(.rodata._ZTSPg), (3 bytes).
    Removing private_typeinfo.cpp.o(.rodata._ZTIPg), (16 bytes).
    Removing private_typeinfo.cpp.o(.rodata._ZTSPKg), (4 bytes).
    Removing private_typeinfo.cpp.o(.rodata._ZTIPKg), (16 bytes).
    Removing private_typeinfo.cpp.o(.rodata._ZTSDu), (3 bytes).
    Removing private_typeinfo.cpp.o(.rodata._ZTIDu), (8 bytes).
    Removing private_typeinfo.cpp.o(.rodata._ZTSPDu), (4 bytes).
    Removing private_typeinfo.cpp.o(.rodata._ZTIPDu), (16 bytes).
    Removing private_typeinfo.cpp.o(.rodata._ZTSPKDu), (5 bytes).
    Removing private_typeinfo.cpp.o(.rodata._ZTIPKDu), (16 bytes).
    Removing private_typeinfo.cpp.o(.rodata._ZTSDs), (3 bytes).
    Removing private_typeinfo.cpp.o(.rodata._ZTIDs), (8 bytes).
    Removing private_typeinfo.cpp.o(.rodata._ZTSPDs), (4 bytes).
    Removing private_typeinfo.cpp.o(.rodata._ZTIPDs), (16 bytes).
    Removing private_typeinfo.cpp.o(.rodata._ZTSPKDs), (5 bytes).
    Removing private_typeinfo.cpp.o(.rodata._ZTIPKDs), (16 bytes).
    Removing private_typeinfo.cpp.o(.rodata._ZTSDi), (3 bytes).
    Removing private_typeinfo.cpp.o(.rodata._ZTIDi), (8 bytes).
    Removing private_typeinfo.cpp.o(.rodata._ZTSPDi), (4 bytes).
    Removing private_typeinfo.cpp.o(.rodata._ZTIPDi), (16 bytes).
    Removing private_typeinfo.cpp.o(.rodata._ZTSPKDi), (5 bytes).
    Removing private_typeinfo.cpp.o(.rodata._ZTIPKDi), (16 bytes).
    Removing private_typeinfo.cpp.o(.rodata._ZTVN10__cxxabiv117__array_type_infoE), (28 bytes).
    Removing private_typeinfo.cpp.o(.rodata._ZTSN10__cxxabiv117__array_type_infoE), (34 bytes).
    Removing private_typeinfo.cpp.o(.rodata._ZTIN10__cxxabiv117__array_type_infoE), (12 bytes).
    Removing private_typeinfo.cpp.o(.rodata._ZTVN10__cxxabiv120__function_type_infoE), (28 bytes).
    Removing private_typeinfo.cpp.o(.rodata._ZTVN10__cxxabiv116__enum_type_infoE), (28 bytes).
    Removing private_typeinfo.cpp.o(.rodata._ZTSN10__cxxabiv116__enum_type_infoE), (33 bytes).
    Removing private_typeinfo.cpp.o(.rodata._ZTIN10__cxxabiv116__enum_type_infoE), (12 bytes).
    Removing private_typeinfo.cpp.o(.rodata._ZTVN10__cxxabiv117__pbase_type_infoE), (28 bytes).
    Removing private_typeinfo.cpp.o(.rodata._ZTVN10__cxxabiv119__pointer_type_infoE), (28 bytes).
    Removing private_typeinfo.cpp.o(.rodata._ZTVN10__cxxabiv129__pointer_to_member_type_infoE), (28 bytes).
    Removing dcmple.o(.text), (54 bytes).
    Removing dcmplt.o(.text), (54 bytes).
    Removing dcmpge.o(.text), (54 bytes).
    Removing dcmpeq.o(.text), (56 bytes).
    Removing ffltul.o(.text), (28 bytes).
    Removing abort_message.cpp.o(.text), (0 bytes).
    Removing abort_message.cpp.o(.ARM.exidx.text.abort_message), (8 bytes).
    Removing cxa_handlers.cpp.o(.text), (0 bytes).
    Removing cxa_handlers.cpp.o(.text._ZSt14get_unexpectedv), (12 bytes).
    Removing cxa_handlers.cpp.o(.ARM.exidx.text._ZSt14get_unexpectedv), (8 bytes).
    Removing cxa_handlers.cpp.o(.text._ZSt12__unexpectedPFvvE), (52 bytes).
    Removing cxa_handlers.cpp.o(.ARM.exidx.text._ZSt12__unexpectedPFvvE), (8 bytes).
    Removing cxa_handlers.cpp.o(.text._ZSt10unexpectedv), (14 bytes).
    Removing cxa_handlers.cpp.o(.ARM.exidx.text._ZSt10unexpectedv), (8 bytes).
    Removing cxa_handlers.cpp.o(.text._ZSt13get_terminatev), (12 bytes).
    Removing cxa_handlers.cpp.o(.ARM.exidx.text._ZSt13get_terminatev), (8 bytes).
    Removing cxa_handlers.cpp.o(.text._ZSt11__terminatePFvvE), (48 bytes).
    Removing cxa_handlers.cpp.o(.ARM.exidx.text._ZSt11__terminatePFvvE), (8 bytes).
    Removing cxa_handlers.cpp.o(.text._ZSt9terminatev), (14 bytes).
    Removing cxa_handlers.cpp.o(.ARM.exidx.text._ZSt9terminatev), (8 bytes).
    Removing cxa_handlers.cpp.o(.text._ZSt15set_new_handlerPFvvE), (18 bytes).
    Removing cxa_handlers.cpp.o(.ARM.exidx.text._ZSt15set_new_handlerPFvvE), (8 bytes).
    Removing cxa_handlers.cpp.o(.ARM.exidx.text._ZSt15get_new_handlerv), (8 bytes).
    Removing stdlib_typeinfo.cpp.o(.text), (0 bytes).
    Removing stdlib_typeinfo.cpp.o(.ARM.exidx.text._ZNSt9type_infoD2Ev), (8 bytes).
    Removing stdlib_typeinfo.cpp.o(.text._ZNSt9type_infoD0Ev), (4 bytes).
    Removing stdlib_typeinfo.cpp.o(.ARM.exidx.text._ZNSt9type_infoD0Ev), (8 bytes).
    Removing stdlib_typeinfo.cpp.o(.text._ZNSt8bad_castC2Ev), (14 bytes).
    Removing stdlib_typeinfo.cpp.o(.ARM.exidx.text._ZNSt8bad_castC2Ev), (8 bytes).
    Removing stdlib_typeinfo.cpp.o(.text._ZNSt8bad_castD2Ev), (4 bytes).
    Removing stdlib_typeinfo.cpp.o(.ARM.exidx.text._ZNSt8bad_castD2Ev), (8 bytes).
    Removing stdlib_typeinfo.cpp.o(.text._ZNSt8bad_castD0Ev), (14 bytes).
    Removing stdlib_typeinfo.cpp.o(.ARM.exidx.text._ZNSt8bad_castD0Ev), (8 bytes).
    Removing stdlib_typeinfo.cpp.o(.text._ZNKSt8bad_cast4whatEv), (20 bytes).
    Removing stdlib_typeinfo.cpp.o(.ARM.exidx.text._ZNKSt8bad_cast4whatEv), (8 bytes).
    Removing stdlib_typeinfo.cpp.o(.text._ZNSt10bad_typeidC2Ev), (14 bytes).
    Removing stdlib_typeinfo.cpp.o(.ARM.exidx.text._ZNSt10bad_typeidC2Ev), (8 bytes).
    Removing stdlib_typeinfo.cpp.o(.text._ZNSt10bad_typeidD2Ev), (4 bytes).
    Removing stdlib_typeinfo.cpp.o(.ARM.exidx.text._ZNSt10bad_typeidD2Ev), (8 bytes).
    Removing stdlib_typeinfo.cpp.o(.text._ZNSt10bad_typeidD0Ev), (14 bytes).
    Removing stdlib_typeinfo.cpp.o(.ARM.exidx.text._ZNSt10bad_typeidD0Ev), (8 bytes).
    Removing stdlib_typeinfo.cpp.o(.text._ZNKSt10bad_typeid4whatEv), (20 bytes).
    Removing stdlib_typeinfo.cpp.o(.ARM.exidx.text._ZNKSt10bad_typeid4whatEv), (8 bytes).
    Removing stdlib_typeinfo.cpp.o(.rodata._ZTVSt8bad_cast), (20 bytes).
    Removing stdlib_typeinfo.cpp.o(.rodata._ZTVSt10bad_typeid), (20 bytes).
    Removing stdlib_typeinfo.cpp.o(.rodata._ZTVSt9type_info), (16 bytes).
    Removing stdlib_typeinfo.cpp.o(.rodata._ZTSSt8bad_cast), (12 bytes).
    Removing stdlib_typeinfo.cpp.o(.rodata._ZTISt8bad_cast), (12 bytes).
    Removing stdlib_typeinfo.cpp.o(.rodata._ZTSSt10bad_typeid), (15 bytes).
    Removing stdlib_typeinfo.cpp.o(.rodata._ZTISt10bad_typeid), (12 bytes).
    Removing dneg.o(.text), (6 bytes).
    Removing dscalb.o(.text), (46 bytes).
    Removing dfixul.o(.text), (48 bytes).
    Removing cdrcmple.o(.text), (48 bytes).
    Removing fpstat.o(.text), (4 bytes).
    Removing cxa_default_handlers.cpp.o(.text), (0 bytes).
    Removing cxa_default_handlers.cpp.o(.text._ZSt14set_unexpectedPFvvE), (30 bytes).
    Removing cxa_default_handlers.cpp.o(.ARM.exidx.text._ZSt14set_unexpectedPFvvE), (8 bytes).
    Removing cxa_default_handlers.cpp.o(.text._ZSt13set_terminatePFvvE), (30 bytes).
    Removing cxa_default_handlers.cpp.o(.ARM.exidx.text._ZSt13set_terminatePFvvE), (8 bytes).
    Removing cxa_default_handlers.cpp.o(.data.__cxa_terminate_handler), (4 bytes).
    Removing cxa_default_handlers.cpp.o(.data.__cxa_unexpected_handler), (4 bytes).
    Removing stdlib_exception.cpp.o(.text), (0 bytes).
    Removing stdlib_exception.cpp.o(.text._ZNSt9exceptionD2Ev), (2 bytes).
    Removing stdlib_exception.cpp.o(.ARM.exidx.text._ZNSt9exceptionD2Ev), (8 bytes).
    Removing stdlib_exception.cpp.o(.text._ZNSt9exceptionD0Ev), (4 bytes).
    Removing stdlib_exception.cpp.o(.ARM.exidx.text._ZNSt9exceptionD0Ev), (8 bytes).
    Removing stdlib_exception.cpp.o(.text._ZNKSt9exception4whatEv), (20 bytes).
    Removing stdlib_exception.cpp.o(.ARM.exidx.text._ZNKSt9exception4whatEv), (8 bytes).
    Removing stdlib_exception.cpp.o(.text._ZNSt13bad_exceptionD0Ev), (4 bytes).
    Removing stdlib_exception.cpp.o(.ARM.exidx.text._ZNSt13bad_exceptionD0Ev), (8 bytes).
    Removing stdlib_exception.cpp.o(.text._ZNKSt13bad_exception4whatEv), (24 bytes).
    Removing stdlib_exception.cpp.o(.ARM.exidx.text._ZNKSt13bad_exception4whatEv), (8 bytes).
    Removing stdlib_exception.cpp.o(.text._ZNSt9bad_allocC2Ev), (14 bytes).
    Removing stdlib_exception.cpp.o(.ARM.exidx.text._ZNSt9bad_allocC2Ev), (8 bytes).
    Removing stdlib_exception.cpp.o(.text._ZNSt9bad_allocD0Ev), (4 bytes).
    Removing stdlib_exception.cpp.o(.ARM.exidx.text._ZNSt9bad_allocD0Ev), (8 bytes).
    Removing stdlib_exception.cpp.o(.text._ZNKSt9bad_alloc4whatEv), (20 bytes).
    Removing stdlib_exception.cpp.o(.ARM.exidx.text._ZNKSt9bad_alloc4whatEv), (8 bytes).
    Removing stdlib_exception.cpp.o(.text._ZNSt20bad_array_new_lengthC2Ev), (14 bytes).
    Removing stdlib_exception.cpp.o(.ARM.exidx.text._ZNSt20bad_array_new_lengthC2Ev), (8 bytes).
    Removing stdlib_exception.cpp.o(.text._ZNSt20bad_array_new_lengthD0Ev), (4 bytes).
    Removing stdlib_exception.cpp.o(.ARM.exidx.text._ZNSt20bad_array_new_lengthD0Ev), (8 bytes).
    Removing stdlib_exception.cpp.o(.text._ZNKSt20bad_array_new_length4whatEv), (28 bytes).
    Removing stdlib_exception.cpp.o(.ARM.exidx.text._ZNKSt20bad_array_new_length4whatEv), (8 bytes).
    Removing stdlib_exception.cpp.o(.rodata._ZTVSt9bad_alloc), (20 bytes).
    Removing stdlib_exception.cpp.o(.rodata._ZTVSt20bad_array_new_length), (20 bytes).
    Removing stdlib_exception.cpp.o(.rodata._ZTVSt9exception), (20 bytes).
    Removing stdlib_exception.cpp.o(.rodata._ZTSSt9exception), (13 bytes).
    Removing stdlib_exception.cpp.o(.rodata._ZTISt9exception), (8 bytes).
    Removing stdlib_exception.cpp.o(.rodata._ZTVSt13bad_exception), (20 bytes).
    Removing stdlib_exception.cpp.o(.rodata._ZTSSt13bad_exception), (18 bytes).
    Removing stdlib_exception.cpp.o(.rodata._ZTISt13bad_exception), (12 bytes).
    Removing stdlib_exception.cpp.o(.rodata._ZTSSt9bad_alloc), (13 bytes).
    Removing stdlib_exception.cpp.o(.rodata._ZTISt9bad_alloc), (12 bytes).
    Removing stdlib_exception.cpp.o(.rodata._ZTSSt20bad_array_new_length), (25 bytes).
    Removing stdlib_exception.cpp.o(.rodata._ZTISt20bad_array_new_length), (12 bytes).
    Removing dsqrt.o(.text), (162 bytes).
    Removing dfixi.o(.text), (62 bytes).
    Removing cdcmple.o(.text), (48 bytes).
    Removing imu_task.o(.ARM.exidx.text._ZN5CycleC2Ev), (8 bytes).
    Removing chassis_task.o(.ARM.exidx.text._ZN7Chassis13CanRecvStructC2Ev), (8 bytes).
    Removing chassis_task.o(.ARM.exidx.text._ZN7Chassis13CanSendStructC2Ev), (8 bytes).
    Removing filter.o(.text.__ARM_isinff), (28 bytes).
    Removing filter.o(.ARM.exidx.text.__ARM_isinff), (8 bytes).
    Removing imu.o(.text._ZN8tdtusart15timeSimulaneity5node_lsI6_vec2fEERS1_T_), (90 bytes).
    Removing imu.o(.ARM.exidx.text._ZN8tdtusart15timeSimulaneity5node_lsI6_vec2fEERS1_T_), (8 bytes).
    Removing timematch.o(.text._ZN8tdtusart15timeSimulaneity5node_5beginEv), (12 bytes).
    Removing timematch.o(.ARM.exidx.text._ZN8tdtusart15timeSimulaneity5node_5beginEv), (8 bytes).
    Removing keyprocess.o(.text._ZN10KeyProcess6enableEv), (18 bytes).
    Removing keyprocess.o(.ARM.exidx.text._ZN10KeyProcess6enableEv), (8 bytes).
    Removing keyprocess.o(.text._ZN10KeyProcess10preReleaseEv), (38 bytes).
    Removing keyprocess.o(.ARM.exidx.text._ZN10KeyProcess10preReleaseEv), (8 bytes).
    Removing keyprocess.o(.text._ZN10KeyProcess7preHoldEv), (32 bytes).
    Removing keyprocess.o(.ARM.exidx.text._ZN10KeyProcess7preHoldEv), (8 bytes).
    Removing keyprocess.o(.text._ZN10KeyProcess8prePressEv), (38 bytes).
    Removing keyprocess.o(.ARM.exidx.text._ZN10KeyProcess8prePressEv), (8 bytes).
    Removing keyprocess.o(.text._ZNSt3__16vectorItNS_9allocatorItEEE21_ConstructTransactionC2ERS3_j), (36 bytes).
    Removing keyprocess.o(.ARM.exidx.text._ZNSt3__16vectorItNS_9allocatorItEEE21_ConstructTransactionC2ERS3_j), (8 bytes).
    Removing keyprocess.o(.text._ZNSt3__16vectorItNS_9allocatorItEEE21_ConstructTransactionD2Ev), (16 bytes).
    Removing keyprocess.o(.ARM.exidx.text._ZNSt3__16vectorItNS_9allocatorItEEE21_ConstructTransactionD2Ev), (8 bytes).
    Removing keyprocess.o(.text._ZNSt3__114__split_bufferItRNS_9allocatorItEEEC2EjjS3_), (230 bytes).
    Removing keyprocess.o(.ARM.exidx.text._ZNSt3__114__split_bufferItRNS_9allocatorItEEEC2EjjS3_), (8 bytes).
    Removing keyprocess.o(.text._ZNSt3__16vectorItNS_9allocatorItEEE26__swap_out_circular_bufferERNS_14__split_bufferItRS2_EE), (634 bytes).
    Removing keyprocess.o(.ARM.exidx.text._ZNSt3__16vectorItNS_9allocatorItEEE26__swap_out_circular_bufferERNS_14__split_bufferItRS2_EE), (8 bytes).
    Removing keyprocess.o(.text._ZNSt3__114__split_bufferItRNS_9allocatorItEEED2Ev), (234 bytes).
    Removing keyprocess.o(.ARM.exidx.text._ZNSt3__114__split_bufferItRNS_9allocatorItEEED2Ev), (8 bytes).
    Removing keyprocess.o(.text._ZNKSt3__16vectorItNS_9allocatorItEEE8max_sizeEv), (100 bytes).
    Removing keyprocess.o(.ARM.exidx.text._ZNKSt3__16vectorItNS_9allocatorItEEE8max_sizeEv), (8 bytes).
    Removing keyprocess.o(.text._ZNSt3__117_DeallocateCaller27__do_deallocate_handle_sizeEPvj), (18 bytes).
    Removing keyprocess.o(.ARM.exidx.text._ZNSt3__117_DeallocateCaller27__do_deallocate_handle_sizeEPvj), (8 bytes).
    Removing keyprocess.o(.text._ZNSt3__117_DeallocateCaller9__do_callEPv), (16 bytes).
    Removing keyprocess.o(.ARM.exidx.text._ZNSt3__117_DeallocateCaller9__do_callEPv), (8 bytes).
    Removing keyprocess.o(.text._ZNSt3__16vectorIP10KeyProcessNS_9allocatorIS2_EEE21_ConstructTransactionC2ERS5_j), (36 bytes).
    Removing keyprocess.o(.ARM.exidx.text._ZNSt3__16vectorIP10KeyProcessNS_9allocatorIS2_EEE21_ConstructTransactionC2ERS5_j), (8 bytes).
    Removing keyprocess.o(.text._ZNSt3__16vectorIP10KeyProcessNS_9allocatorIS2_EEE21_ConstructTransactionD2Ev), (16 bytes).
    Removing keyprocess.o(.ARM.exidx.text._ZNSt3__16vectorIP10KeyProcessNS_9allocatorIS2_EEE21_ConstructTransactionD2Ev), (8 bytes).
    Removing keyprocess.o(.text._ZNSt3__114__split_bufferIP10KeyProcessRNS_9allocatorIS2_EEEC2EjjS5_), (230 bytes).
    Removing keyprocess.o(.ARM.exidx.text._ZNSt3__114__split_bufferIP10KeyProcessRNS_9allocatorIS2_EEEC2EjjS5_), (8 bytes).
    Removing keyprocess.o(.text._ZNSt3__16vectorIP10KeyProcessNS_9allocatorIS2_EEE26__swap_out_circular_bufferERNS_14__split_bufferIS2_RS4_EE), (634 bytes).
    Removing keyprocess.o(.ARM.exidx.text._ZNSt3__16vectorIP10KeyProcessNS_9allocatorIS2_EEE26__swap_out_circular_bufferERNS_14__split_bufferIS2_RS4_EE), (8 bytes).
    Removing keyprocess.o(.text._ZNSt3__114__split_bufferIP10KeyProcessRNS_9allocatorIS2_EEED2Ev), (234 bytes).
    Removing keyprocess.o(.ARM.exidx.text._ZNSt3__114__split_bufferIP10KeyProcessRNS_9allocatorIS2_EEED2Ev), (8 bytes).
    Removing keyprocess.o(.text._ZNKSt3__16vectorIP10KeyProcessNS_9allocatorIS2_EEE8max_sizeEv), (104 bytes).
    Removing keyprocess.o(.ARM.exidx.text._ZNKSt3__16vectorIP10KeyProcessNS_9allocatorIS2_EEE8max_sizeEv), (8 bytes).
    Removing iic.o(.ARM.exidx.text._ZN3IICC2Ev), (8 bytes).
    Removing iic.o(.ARM.exidx.text._ZN7Softiic4sdaHEv), (8 bytes).
    Removing iic.o(.ARM.exidx.text._ZN7Softiic4sclHEv), (8 bytes).
    Removing iic.o(.ARM.exidx.text._ZN7Softiic7sdaReadEv), (8 bytes).
    Removing iic.o(.ARM.exidx.text._ZN7Softiic4sdaLEv), (8 bytes).
    Removing iic.o(.ARM.exidx.text._ZN7Softiic4sclLEv), (8 bytes).
    Removing iic.o(.ARM.exidx.text._ZN3IIC7iicInitEv), (8 bytes).
    Removing mpu6050.o(.ARM.exidx.text._ZN7Mpu605013gyroAccUpdateEv), (8 bytes).
    Removing mpu6050.o(.ARM.exidx.text._ZThn28_N7Mpu605013gyroAccUpdateEv), (8 bytes).
    Removing lcd.o(.text._ZN3LCD13lcdResetClearEv), (16 bytes).
    Removing lcd.o(.ARM.exidx.text._ZN3LCD13lcdResetClearEv), (8 bytes).
    Removing lcd.o(.text._ZN3LCD11lcdResetSetEv), (16 bytes).
    Removing lcd.o(.ARM.exidx.text._ZN3LCD11lcdResetSetEv), (8 bytes).
    Removing lcd.o(.text._ZN3LCD10lcdDcClearEv), (16 bytes).
    Removing lcd.o(.ARM.exidx.text._ZN3LCD10lcdDcClearEv), (8 bytes).
    Removing lcd.o(.text._ZN3LCD11lcdSendByteEh), (28 bytes).
    Removing lcd.o(.ARM.exidx.text._ZN3LCD11lcdSendByteEh), (8 bytes).
    Removing lcd.o(.text._ZN3LCD8lcdDcSetEv), (16 bytes).
    Removing lcd.o(.ARM.exidx.text._ZN3LCD8lcdDcSetEv), (8 bytes).
    Removing lcd.o(.rodata._ZTV3LCD), (16 bytes).
    Removing lcd.o(.rodata._ZTS3LCD), (5 bytes).
    Removing lcd.o(.rodata._ZTI3LCD), (12 bytes).
    Removing judgement.o(.ARM.exidx.text._ZN9JudgementC2Ev), (8 bytes).
    Removing judgement.o(.ARM.exidx.text._ZN9Judgement12addFullCountEv), (8 bytes).
    Removing vector.cpp.o(.text._ZNSt3__120__vector_base_commonILb1EEC2Ev), (2 bytes).
    Removing vector.cpp.o(.ARM.exidx.text._ZNSt3__120__vector_base_commonILb1EEC2Ev), (8 bytes).
    Removing vector.cpp.o(.text._ZNKSt3__120__vector_base_commonILb1EE20__throw_length_errorEv), (4 bytes).
    Removing vector.cpp.o(.ARM.exidx.text._ZNKSt3__120__vector_base_commonILb1EE20__throw_length_errorEv), (8 bytes).
    Removing vector.cpp.o(.text._ZNKSt3__120__vector_base_commonILb1EE20__throw_out_of_rangeEv), (4 bytes).
    Removing vector.cpp.o(.ARM.exidx.text._ZNKSt3__120__vector_base_commonILb1EE20__throw_out_of_rangeEv), (8 bytes).

2399 unused section(s) (total 341481 bytes) removed from the image.
