Component: ARM Compiler 6.14 Tool: armlink [5db06800]

==============================================================================

Section Cross References

    main.o(.text.main) refers to misc.o(.text.NVIC_PriorityGroupConfig) for NVIC_PriorityGroupConfig
    main.o(.text.main) refers to board.o(.text._Z11sysTickInitv) for sysTickInit()
    main.o(.text.main) refers to main.o(.bss.StartTask_Handler) for StartTask_Handler
    main.o(.text.main) refers to start_task.o(.text._Z10Start_TaskPv) for Start_Task(void*)
    main.o(.text.main) refers to main.o(.rodata.str1.1) for .L.str
    main.o(.text.main) refers to tasks.o(.text.xTaskCreate) for xTaskCreate
    main.o(.text.main) refers to tasks.o(.text.vTaskStartScheduler) for vTaskStartScheduler
    main.o(.ARM.exidx.text.main) refers to main.o(.text.main) for [Anonymous Symbol]
    board.o(.text._Z11sysTickInitv) refers to stm32f4xx_rcc.o(.text.RCC_GetClocksFreq) for RCC_GetClocksFreq
    board.o(.text._Z11sysTickInitv) refers to board.o(.text._ZL14SysTick_Configj) for _ZL14SysTick_Configj
    board.o(.text._Z11sysTickInitv) refers to misc.o(.text.SysTick_CLKSourceConfig) for SysTick_CLKSourceConfig
    board.o(.ARM.exidx.text._Z11sysTickInitv) refers to board.o(.text._Z11sysTickInitv) for [Anonymous Symbol]
    board.o(.text._ZL14SysTick_Configj) refers to board.o(.text._ZL18__NVIC_SetPriority4IRQnj) for _ZL18__NVIC_SetPriority4IRQnj
    board.o(.ARM.exidx.text._ZL14SysTick_Configj) refers to board.o(.text._ZL14SysTick_Configj) for [Anonymous Symbol]
    board.o(.text._Z12getSysTimeUsv) refers to board.o(.bss.sysTickUptime) for sysTickUptime
    board.o(.ARM.exidx.text._Z12getSysTimeUsv) refers to board.o(.text._Z12getSysTimeUsv) for [Anonymous Symbol]
    board.o(.text._Z7delayUsj) refers to board.o(.text._Z12getSysTimeUsv) for getSysTimeUs()
    board.o(.text._Z7delayUsj) refers to iwdg.o(.text._Z8iwdgFeedv) for iwdgFeed()
    board.o(.ARM.exidx.text._Z7delayUsj) refers to board.o(.text._Z7delayUsj) for [Anonymous Symbol]
    board.o(.text._Z7delayMsj) refers to board.o(.text._Z7delayUsj) for delayUs(unsigned)
    board.o(.ARM.exidx.text._Z7delayMsj) refers to board.o(.text._Z7delayMsj) for [Anonymous Symbol]
    board.o(.text.delayUsTask) refers to tasks.o(.text.xTaskGetSchedulerState) for xTaskGetSchedulerState
    board.o(.text.delayUsTask) refers to tasks.o(.text.vTaskDelay) for vTaskDelay
    board.o(.text.delayUsTask) refers to board.o(.text._Z7delayUsj) for delayUs(unsigned)
    board.o(.ARM.exidx.text.delayUsTask) refers to board.o(.text.delayUsTask) for [Anonymous Symbol]
    board.o(.text._Z12boardALLInitv) refers to can.o(.text._Z7canInitP11CAN_TypeDef) for canInit(CAN_TypeDef*)
    board.o(.text._Z12boardALLInitv) refers to iwdg.o(.text._Z8iwdgInitht) for iwdgInit(unsigned char, unsigned short)
    board.o(.text._Z12boardALLInitv) refers to board.o(.bss.Init_OK) for Init_OK
    board.o(.ARM.exidx.text._Z12boardALLInitv) refers to board.o(.text._Z12boardALLInitv) for [Anonymous Symbol]
    board.o(.ARM.exidx.text._ZL18__NVIC_SetPriority4IRQnj) refers to board.o(.text._ZL18__NVIC_SetPriority4IRQnj) for [Anonymous Symbol]
    cycle.o(.text._ZN5Cycle9getCycleTEv) refers to board.o(.text._Z12getSysTimeUsv) for getSysTimeUs()
    cycle.o(.ARM.exidx.text._ZN5Cycle9getCycleTEv) refers to cycle.o(.text._ZN5Cycle9getCycleTEv) for [Anonymous Symbol]
    stm32f4xx_it.o(.ARM.exidx.text.NMI_Handler) refers to stm32f4xx_it.o(.text.NMI_Handler) for [Anonymous Symbol]
    stm32f4xx_it.o(.ARM.exidx.text.HardFault_Handler) refers to stm32f4xx_it.o(.text.HardFault_Handler) for [Anonymous Symbol]
    stm32f4xx_it.o(.ARM.exidx.text.MemManage_Handler) refers to stm32f4xx_it.o(.text.MemManage_Handler) for [Anonymous Symbol]
    stm32f4xx_it.o(.ARM.exidx.text.BusFault_Handler) refers to stm32f4xx_it.o(.text.BusFault_Handler) for [Anonymous Symbol]
    stm32f4xx_it.o(.ARM.exidx.text.UsageFault_Handler) refers to stm32f4xx_it.o(.text.UsageFault_Handler) for [Anonymous Symbol]
    stm32f4xx_it.o(.ARM.exidx.text.DebugMon_Handler) refers to stm32f4xx_it.o(.text.DebugMon_Handler) for [Anonymous Symbol]
    stm32f4xx_it.o(.text.SysTick_Handler) refers to tasks.o(.text.xTaskGetSchedulerState) for xTaskGetSchedulerState
    stm32f4xx_it.o(.text.SysTick_Handler) refers to port.o(.text.xPortSysTickHandler) for xPortSysTickHandler
    stm32f4xx_it.o(.text.SysTick_Handler) refers to board.o(.bss.sysTickUptime) for sysTickUptime
    stm32f4xx_it.o(.text.SysTick_Handler) refers to stm32f4xx_it.o(.bss.SysTick_Handler.upTimeCnt) for SysTick_Handler.upTimeCnt
    stm32f4xx_it.o(.text.SysTick_Handler) refers to board.o(.bss.sysTickUptimeUs) for sysTickUptimeUs
    stm32f4xx_it.o(.ARM.exidx.text.SysTick_Handler) refers to stm32f4xx_it.o(.text.SysTick_Handler) for [Anonymous Symbol]
    start_task.o(.text._Z10Start_TaskPv) refers to port.o(.text.vPortEnterCritical) for vPortEnterCritical
[...]
    xMinimumEverFreeBytesRemaining           0x2000d26c   Data           4  heap_4.o(.bss.xMinimumEverFreeBytesRemaining)
    [Anonymous Symbol]                       0x2000d26c   Section        0  heap_4.o(.bss.xMinimumEverFreeBytesRemaining)
    xNextTaskUnblockTime                     0x2000d270   Data           4  tasks.o(.bss.xNextTaskUnblockTime)
    [Anonymous Symbol]                       0x2000d270   Section        0  tasks.o(.bss.xNextTaskUnblockTime)
    xNumOfOverflows                          0x2000d274   Data           4  tasks.o(.bss.xNumOfOverflows)
    [Anonymous Symbol]                       0x2000d274   Section        0  tasks.o(.bss.xNumOfOverflows)
    xPendingReadyList                        0x2000d278   Data          20  tasks.o(.bss.xPendingReadyList)
    [Anonymous Symbol]                       0x2000d278   Section        0  tasks.o(.bss.xPendingReadyList)
    xSchedulerRunning                        0x2000d2cc   Data           4  tasks.o(.bss.xSchedulerRunning)
    [Anonymous Symbol]                       0x2000d2cc   Section        0  tasks.o(.bss.xSchedulerRunning)
    xStart                                   0x2000d2d0   Data           8  heap_4.o(.bss.xStart)
    [Anonymous Symbol]                       0x2000d2d0   Section        0  heap_4.o(.bss.xStart)
    xSuspendedTaskList                       0x2000d2d8   Data          20  tasks.o(.bss.xSuspendedTaskList)
    [Anonymous Symbol]                       0x2000d2d8   Section        0  tasks.o(.bss.xSuspendedTaskList)
    xTasksWaitingTermination                 0x2000d2ec   Data          20  tasks.o(.bss.xTasksWaitingTermination)
    [Anonymous Symbol]                       0x2000d2ec   Section        0  tasks.o(.bss.xTasksWaitingTermination)
    xTickCount                               0x2000d300   Data           4  tasks.o(.bss.xTickCount)
    [Anonymous Symbol]                       0x2000d300   Section        0  tasks.o(.bss.xTickCount)
    xTimerQueue                              0x2000d304   Data           4  timers.o(.bss.xTimerQueue)
    [Anonymous Symbol]                       0x2000d304   Section        0  timers.o(.bss.xTimerQueue)
    xTimerTaskHandle                         0x2000d308   Data           4  timers.o(.bss.xTimerTaskHandle)
    [Anonymous Symbol]                       0x2000d308   Section        0  timers.o(.bss.xTimerTaskHandle)
    xYieldPending                            0x2000d30c   Data           4  tasks.o(.bss.xYieldPending)
    [Anonymous Symbol]                       0x2000d30c   Section        0  tasks.o(.bss.xYieldPending)
    HEAP                                     0x2000d310   Section     4096  startup_stm32f40_41xxx.o(HEAP)
    STACK                                    0x2000e310   Section     1024  startup_stm32f40_41xxx.o(STACK)

    Global Symbols

    Symbol Name                              Value     Ov Type        Size  Object(Section)

    BuildAttributes$$THM_ISAv4$E$P$D$K$B$S$7EM$VFPi3$EXTD16$VFPS$VFMA$PE$A:L22UL41UL21$X:L11$S22US41US21$IEEE1$IW$~IW$USESV6$~STKCKD$USESV7$~SHL$OTIME$ROPI$IEEEX$EBA8$MICROLIB$REQ8$PRES8$EABIv2 0x00000000   Number         0  anon$$obj.o ABSOLUTE
    __cxa_finalize                            - Undefined Weak Reference
    __decompress                              - Undefined Weak Reference
    _clock_init                               - Undefined Weak Reference
    _microlib_exit                            - Undefined Weak Reference
    __Vectors_Size                           0x00000188   Number         0  startup_stm32f40_41xxx.o ABSOLUTE
    __Vectors                                0x08000000   Data           4  startup_stm32f40_41xxx.o(RESET)
    __Vectors_End                            0x08000188   Data           0  startup_stm32f40_41xxx.o(RESET)
    __main                                   0x08000189   Thumb Code     0  entry.o(.ARM.Collect$$$$00000000)
    _main_stk                                0x08000189   Thumb Code     0  entry2.o(.ARM.Collect$$$$00000001)
    _main_scatterload                        0x0800018d   Thumb Code     0  entry5.o(.ARM.Collect$$$$00000004)
    __main_after_scatterload                 0x08000191   Thumb Code     0  entry5.o(.ARM.Collect$$$$00000004)
    _main_clock                              0x08000191   Thumb Code     0  entry7b.o(.ARM.Collect$$$$00000008)
    _main_cpp_init$empty                     0x08000191   Thumb Code     0  entry8a.o(.ARM.Collect$$$$00000009)
    _main_cpp_init                           0x08000195   Thumb Code     0  entry8b.o(.ARM.Collect$$$$0000000A)
    _main_init                               0x08000195   Thumb Code     0  entry9a.o(.ARM.Collect$$$$0000000B)
    __rt_final_cpp                           0x0800019d   Thumb Code     0  entry10a.o(.ARM.Collect$$$$0000000D)
    __rt_final_exit                          0x0800019d   Thumb Code     0  entry11a.o(.ARM.Collect$$$$0000000F)
    Reset_Handler                            0x080001a1   Thumb Code     8  startup_stm32f40_41xxx.o(.text)
    ADC_IRQHandler                           0x080001bb   Thumb Code     0  startup_stm32f40_41xxx.o(.text)
    CAN1_RX1_IRQHandler                      0x080001bb   Thumb Code     0  startup_stm32f40_41xxx.o(.text)
    CAN1_SCE_IRQHandler                      0x080001bb   Thumb Code     0  startup_stm32f40_41xxx.o(.text)
    CAN2_RX1_IRQHandler                      0x080001bb   Thumb Code     0  startup_stm32f40_41xxx.o(.text)
    CAN2_SCE_IRQHandler                      0x080001bb   Thumb Code     0  startup_stm32f40_41xxx.o(.text)
    CRYP_IRQHandler                          0x080001bb   Thumb Code     0  startup_stm32f40_41xxx.o(.text)
    DCMI_IRQHandler                          0x080001bb   Thumb Code     0  startup_stm32f40_41xxx.o(.text)
    DMA1_Stream0_IRQHandler                  0x080001bb   Thumb Code     0  startup_stm32f40_41xxx.o(.text)
    DMA1_Stream1_IRQHandler                  0x080001bb   Thumb Code     0  startup_stm32f40_41xxx.o(.text)
    DMA1_Stream2_IRQHandler                  0x080001bb   Thumb Code     0  startup_stm32f40_41xxx.o(.text)
    DMA1_Stream3_IRQHandler                  0x080001bb   Thumb Code     0  startup_stm32f40_41xxx.o(.text)
    DMA1_Stream4_IRQHandler                  0x080001bb   Thumb Code     0  startup_stm32f40_41xxx.o(.text)
    DMA1_Stream5_IRQHandler                  0x080001bb   Thumb Code     0  startup_stm32f40_41xxx.o(.text)
    DMA1_Stream6_IRQHandler                  0x080001bb   Thumb Code     0  startup_stm32f40_41xxx.o(.text)
    DMA1_Stream7_IRQHandler                  0x080001bb   Thumb Code     0  startup_stm32f40_41xxx.o(.text)
    DMA2_Stream0_IRQHandler                  0x080001bb   Thumb Code     0  startup_stm32f40_41xxx.o(.text)
    DMA2_Stream2_IRQHandler                  0x080001bb   Thumb Code     0  startup_stm32f40_41xxx.o(.text)
    DMA2_Stream3_IRQHandler                  0x080001bb   Thumb Code     0  startup_stm32f40_41xxx.o(.text)
    DMA2_Stream4_IRQHandler                  0x080001bb   Thumb Code     0  startup_stm32f40_41xxx.o(.text)
    DMA2_Stream5_IRQHandler                  0x080001bb   Thumb Code     0  startup_stm32f40_41xxx.o(.text)
    DMA2_Stream6_IRQHandler                  0x080001bb   Thumb Code     0  startup_stm32f40_41xxx.o(.text)
    DMA2_Stream7_IRQHandler                  0x080001bb   Thumb Code     0  startup_stm32f40_41xxx.o(.text)
    ETH_IRQHandler                           0x080001bb   Thumb Code     0  startup_stm32f40_41xxx.o(.text)
    ETH_WKUP_IRQHandler                      0x080001bb   Thumb Code     0  startup_stm32f40_41xxx.o(.text)
    EXTI0_IRQHandler                         0x080001bb   Thumb Code     0  startup_stm32f40_41xxx.o(.text)
    EXTI15_10_IRQHandler                     0x080001bb   Thumb Code     0  startup_stm32f40_41xxx.o(.text)
    EXTI1_IRQHandler                         0x080001bb   Thumb Code     0  startup_stm32f40_41xxx.o(.text)
    EXTI2_IRQHandler                         0x080001bb   Thumb Code     0  startup_stm32f40_41xxx.o(.text)
    EXTI3_IRQHandler                         0x080001bb   Thumb Code     0  startup_stm32f40_41xxx.o(.text)
    EXTI4_IRQHandler                         0x080001bb   Thumb Code     0  startup_stm32f40_41xxx.o(.text)
    EXTI9_5_IRQHandler                       0x080001bb   Thumb Code     0  startup_stm32f40_41xxx.o(.text)
    FLASH_IRQHandler                         0x080001bb   Thumb Code     0  startup_stm32f40_41xxx.o(.text)
    FPU_IRQHandler                           0x080001bb   Thumb Code     0  startup_stm32f40_41xxx.o(.text)
    FSMC_IRQHandler                          0x080001bb   Thumb Code     0  startup_stm32f40_41xxx.o(.text)
    HASH_RNG_IRQHandler                      0x080001bb   Thumb Code     0  startup_stm32f40_41xxx.o(.text)
    I2C1_ER_IRQHandler                       0x080001bb   Thumb Code     0  startup_stm32f40_41xxx.o(.text)
    I2C1_EV_IRQHandler                       0x080001bb   Thumb Code     0  startup_stm32f40_41xxx.o(.text)
    I2C2_ER_IRQHandler                       0x080001bb   Thumb Code     0  startup_stm32f40_41xxx.o(.text)
    I2C2_EV_IRQHandler                       0x080001bb   Thumb Code     0  startup_stm32f40_41xxx.o(.text)
    I2C3_ER_IRQHandler                       0x080001bb   Thumb Code     0  startup_stm32f40_41xxx.o(.text)
    I2C3_EV_IRQHandler                       0x080001bb   Thumb Code     0  startup_stm32f40_41xxx.o(.text)
    OTG_FS_IRQHandler                        0x080001bb   Thumb Code     0  startup_stm32f40_41xxx.o(.text)
    OTG_FS_WKUP_IRQHandler                   0x080001bb   Thumb Code     0  startup_stm32f40_41xxx.o(.text)
    OTG_HS_EP1_IN_IRQHandler                 0x080001bb   Thumb Code     0  startup_stm32f40_41xxx.o(.text)
    OTG_HS_EP1_OUT_IRQHandler                0x080001bb   Thumb Code     0  startup_stm32f40_41xxx.o(.text)
    OTG_HS_IRQHandler                        0x080001bb   Thumb Code     0  startup_stm32f40_41xxx.o(.text)
    OTG_HS_WKUP_IRQHandler                   0x080001bb   Thumb Code     0  startup_stm32f40_41xxx.o(.text)
    PVD_IRQHandler                           0x080001bb   Thumb Code     0  startup_stm32f40_41xxx.o(.text)
    RCC_IRQHandler                           0x080001bb   Thumb Code     0  startup_stm32f40_41xxx.o(.text)
    RTC_Alarm_IRQHandler                     0x080001bb   Thumb Code     0  startup_stm32f40_41xxx.o(.text)
    RTC_WKUP_IRQHandler                      0x080001bb   Thumb Code     0  startup_stm32f40_41xxx.o(.text)
    SDIO_IRQHandler                          0x080001bb   Thumb Code     0  startup_stm32f40_41xxx.o(.text)
    SPI1_IRQHandler                          0x080001bb   Thumb Code     0  startup_stm32f40_41xxx.o(.text)
    SPI2_IRQHandler                          0x080001bb   Thumb Code     0  startup_stm32f40_41xxx.o(.text)
    SPI3_IRQHandler                          0x080001bb   Thumb Code     0  startup_stm32f40_41xxx.o(.text)
    TAMP_STAMP_IRQHandler                    0x080001bb   Thumb Code     0  startup_stm32f40_41xxx.o(.text)
    TIM1_BRK_TIM9_IRQHandler                 0x080001bb   Thumb Code     0  startup_stm32f40_41xxx.o(.text)
    TIM1_CC_IRQHandler                       0x080001bb   Thumb Code     0  startup_stm32f40_41xxx.o(.text)
    TIM1_TRG_COM_TIM11_IRQHandler            0x080001bb   Thumb Code     0  startup_stm32f40_41xxx.o(.text)
    TIM1_UP_TIM10_IRQHandler                 0x080001bb   Thumb Code     0  startup_stm32f40_41xxx.o(.text)
    TIM3_IRQHandler                          0x080001bb   Thumb Code     0  startup_stm32f40_41xxx.o(.text)
    TIM4_IRQHandler                          0x080001bb   Thumb Code     0  startup_stm32f40_41xxx.o(.text)
    TIM5_IRQHandler                          0x080001bb   Thumb Code     0  startup_stm32f40_41xxx.o(.text)
    TIM6_DAC_IRQHandler                      0x080001bb   Thumb Code     0  startup_stm32f40_41xxx.o(.text)
    TIM7_IRQHandler                          0x080001bb   Thumb Code     0  startup_stm32f40_41xxx.o(.text)
    TIM8_BRK_TIM12_IRQHandler                0x080001bb   Thumb Code     0  startup_stm32f40_41xxx.o(.text)
    TIM8_CC_IRQHandler                       0x080001bb   Thumb Code     0  startup_stm32f40_41xxx.o(.text)
    TIM8_TRG_COM_TIM14_IRQHandler            0x080001bb   Thumb Code     0  startup_stm32f40_41xxx.o(.text)
    TIM8_UP_TIM13_IRQHandler                 0x080001bb   Thumb Code     0  startup_stm32f40_41xxx.o(.text)
    UART4_IRQHandler                         0x080001bb   Thumb Code     0  startup_stm32f40_41xxx.o(.text)
    UART5_IRQHandler                         0x080001bb   Thumb Code     0  startup_stm32f40_41xxx.o(.text)
    USART1_IRQHandler                        0x080001bb   Thumb Code     0  startup_stm32f40_41xxx.o(.text)
    USART3_IRQHandler                        0x080001bb   Thumb Code     0  startup_stm32f40_41xxx.o(.text)
    USART6_IRQHandler                        0x080001bb   Thumb Code     0  startup_stm32f40_41xxx.o(.text)
    WWDG_IRQHandler                          0x080001bb   Thumb Code     0  startup_stm32f40_41xxx.o(.text)
    ___aeabi_memcpy4$move                    0x080001c5   Thumb Code     0  memmovea.o(.text)
    __aeabi_memcpy                           0x080001c5   Thumb Code    64  memmovea.o(.text)
    __aeabi_memcpy8                          0x080001c5   Thumb Code     0  memmovea.o(.text)
    __aeabi_memmove                          0x080001c5   Thumb Code     0  memmovea.o(.text)
    __aeabi_memmove4                         0x080001c5   Thumb Code     0  memmovea.o(.text)
    __aeabi_memmove8                         0x080001c5   Thumb Code     0  memmovea.o(.text)
    __aeabi_memset                           0x08000205   Thumb Code    14  memseta.o(.text)
    __aeabi_memset4                          0x08000205   Thumb Code     0  memseta.o(.text)
    __aeabi_memset8                          0x08000205   Thumb Code     0  memseta.o(.text)
    __aeabi_memclr                           0x08000213   Thumb Code     4  memseta.o(.text)
    __aeabi_memclr4                          0x08000213   Thumb Code     0  memseta.o(.text)
    __aeabi_memclr8                          0x08000213   Thumb Code     0  memseta.o(.text)
    _memset$wrapper                          0x08000217   Thumb Code    18  memseta.o(.text)
    __cpp_initialize__aeabi_                 0x08000229   Thumb Code    24  cpp_init.o(.text)
    __aeabi_dadd                             0x08000249   Thumb Code   322  dadd.o(.text)
    __aeabi_dsub                             0x0800038b   Thumb Code     6  dadd.o(.text)
    __aeabi_drsub                            0x08000391   Thumb Code     6  dadd.o(.text)
    __aeabi_dmul                             0x08000397   Thumb Code   228  dmul.o(.text)
    __aeabi_i2d                              0x0800047b   Thumb Code    34  dflti.o(.text)
    __aeabi_ui2d                             0x0800049d   Thumb Code    26  dfltui.o(.text)
    __aeabi_l2d                              0x080004b7   Thumb Code    40  dfltl.o(.text)
    __aeabi_ul2d                             0x080004df   Thumb Code    24  dfltul.o(.text)
    __aeabi_f2d                              0x080004f7   Thumb Code    38  f2d.o(.text)
    __aeabi_d2f                              0x0800051d   Thumb Code    56  d2f.o(.text)
    __aeabi_llsl                             0x08000555   Thumb Code    30  llshl.o(.text)
    _ll_shift_l                              0x08000555   Thumb Code     0  llshl.o(.text)
    __aeabi_lasr                             0x08000573   Thumb Code    36  llsshr.o(.text)
    _ll_sshift_r                             0x08000573   Thumb Code     0  llsshr.o(.text)
    __I$use$fp                               0x08000597   Thumb Code     0  iusefp.o(.text)
    _float_round                             0x08000597   Thumb Code    18  fepilogue.o(.text)
    _float_epilogue                          0x080005a9   Thumb Code    92  fepilogue.o(.text)
    _double_round                            0x08000605   Thumb Code    30  depilogue.o(.text)
    _double_epilogue                         0x08000623   Thumb Code   156  depilogue.o(.text)
    __scatterload                            0x080006c1   Thumb Code    28  init.o(.text)
    __scatterload_rt2                        0x080006c1   Thumb Code     0  init.o(.text)
    __aeabi_llsr                             0x080006e5   Thumb Code    32  llushr.o(.text)
    _ll_ushift_r                             0x080006e5   Thumb Code     0  llushr.o(.text)
    BusFault_Handler                         0x08000705   Thumb Code     4  stm32f4xx_it.o(.text.BusFault_Handler)
    CAN1_RX0_IRQHandler                      0x08000709   Thumb Code   268  can.o(.text.CAN1_RX0_IRQHandler)
    CAN1_TX_IRQHandler                       0x08000815   Thumb Code    40  can.o(.text.CAN1_TX_IRQHandler)
    CAN2_RX0_IRQHandler                      0x0800083d   Thumb Code    86  can.o(.text.CAN2_RX0_IRQHandler)
    CAN2_TX_IRQHandler                       0x08000895   Thumb Code    40  can.o(.text.CAN2_TX_IRQHandler)
    CAN_ClearITPendingBit                    0x080008bd   Thumb Code   238  stm32f4xx_can.o(.text.CAN_ClearITPendingBit)
    CAN_DeInit                               0x080009ad   Thumb Code    70  stm32f4xx_can.o(.text.CAN_DeInit)
    CAN_FilterInit                           0x080009f5   Thumb Code   362  stm32f4xx_can.o(.text.CAN_FilterInit)
    CAN_GetITStatus                          0x08000b61   Thumb Code   412  stm32f4xx_can.o(.text.CAN_GetITStatus)
    CAN_ITConfig                             0x08000cfd   Thumb Code    52  stm32f4xx_can.o(.text.CAN_ITConfig)
    CAN_Init                                 0x08000d31   Thumb Code   450  stm32f4xx_can.o(.text.CAN_Init)
    CAN_Receive                              0x08000ef5   Thumb Code   346  stm32f4xx_can.o(.text.CAN_Receive)
    CAN_StructInit                           0x08001051   Thumb Code    60  stm32f4xx_can.o(.text.CAN_StructInit)
    CAN_Transmit                             0x0800108d   Thumb Code   322  stm32f4xx_can.o(.text.CAN_Transmit)
    ConfigureTimeForRunTimeStats             0x08001201   Thumb Code    26  timer.o(.text.ConfigureTimeForRunTimeStats)
    DMA2_Stream1_IRQHandler                  0x0800121d   Thumb Code    96  judgement.o(.text.DMA2_Stream1_IRQHandler)
    DMA_ClearFlag                            0x0800127d   Thumb Code    98  stm32f4xx_dma.o(.text.DMA_ClearFlag)
    DMA_ClearITPendingBit                    0x080012e1   Thumb Code    98  stm32f4xx_dma.o(.text.DMA_ClearITPendingBit)
    DMA_Cmd                                  0x08001345   Thumb Code    48  stm32f4xx_dma.o(.text.DMA_Cmd)
    DMA_GetCurrDataCounter                   0x08001375   Thumb Code    14  stm32f4xx_dma.o(.text.DMA_GetCurrDataCounter)
    DMA_GetCurrentMemoryTarget               0x08001385   Thumb Code    38  stm32f4xx_dma.o(.text.DMA_GetCurrentMemoryTarget)
    DMA_GetITStatus                          0x080013ad   Thumb Code   190  stm32f4xx_dma.o(.text.DMA_GetITStatus)
    DMA_SetCurrDataCounter                   0x0800146d   Thumb Code    22  stm32f4xx_dma.o(.text.DMA_SetCurrDataCounter)
    DebugMon_Handler                         0x08001485   Thumb Code     2  stm32f4xx_it.o(.text.DebugMon_Handler)
    GPIO_Init                                0x08001489   Thumb Code   250  stm32f4xx_gpio.o(.text.GPIO_Init)
    GPIO_PinAFConfig                         0x08001585   Thumb Code   122  stm32f4xx_gpio.o(.text.GPIO_PinAFConfig)
    HardFault_Handler                        0x08001601   Thumb Code     4  stm32f4xx_it.o(.text.HardFault_Handler)
    IWDG_Enable                              0x08001605   Thumb Code    16  stm32f4xx_iwdg.o(.text.IWDG_Enable)
    IWDG_ReloadCounter                       0x08001615   Thumb Code    16  stm32f4xx_iwdg.o(.text.IWDG_ReloadCounter)
    IWDG_SetPrescaler                        0x08001625   Thumb Code    26  stm32f4xx_iwdg.o(.text.IWDG_SetPrescaler)
    IWDG_SetReload                           0x08001641   Thumb Code    26  stm32f4xx_iwdg.o(.text.IWDG_SetReload)
    IWDG_WriteAccessCmd                      0x0800165d   Thumb Code    26  stm32f4xx_iwdg.o(.text.IWDG_WriteAccessCmd)
    MemManage_Handler                        0x08001679   Thumb Code     4  stm32f4xx_it.o(.text.MemManage_Handler)
    NMI_Handler                              0x0800167d   Thumb Code     2  stm32f4xx_it.o(.text.NMI_Handler)
    NVIC_Init                                0x08001681   Thumb Code   210  misc.o(.text.NVIC_Init)
    NVIC_PriorityGroupConfig                 0x08001755   Thumb Code    28  misc.o(.text.NVIC_PriorityGroupConfig)
    PendSV_Handler                           0x08001771   Thumb Code   100  port.o(.text.PendSV_Handler)
    RCC_AHB1PeriphClockCmd                   0x080017d5   Thumb Code    62  stm32f4xx_rcc.o(.text.RCC_AHB1PeriphClockCmd)
    RCC_APB1PeriphClockCmd                   0x08001815   Thumb Code    62  stm32f4xx_rcc.o(.text.RCC_APB1PeriphClockCmd)
    RCC_APB1PeriphResetCmd                   0x08001855   Thumb Code    62  stm32f4xx_rcc.o(.text.RCC_APB1PeriphResetCmd)
    RCC_GetClocksFreq                        0x08001895   Thumb Code   358  stm32f4xx_rcc.o(.text.RCC_GetClocksFreq)
    SVC_Handler                              0x08001a01   Thumb Code    36  port.o(.text.SVC_Handler)
    SysTick_CLKSourceConfig                  0x08001b5d   Thumb Code    52  misc.o(.text.SysTick_CLKSourceConfig)
    SysTick_Handler                          0x08001b91   Thumb Code    84  stm32f4xx_it.o(.text.SysTick_Handler)
    SystemInit                               0x08001be5   Thumb Code   116  system_stm32f4xx.o(.text.SystemInit)
    TIM2_IRQHandler                          0x08001c59   Thumb Code    54  timer.o(.text.TIM2_IRQHandler)
    TIM_ClearITPendingBit                    0x08001c91   Thumb Code    24  stm32f4xx_tim.o(.text.TIM_ClearITPendingBit)
    TIM_Cmd                                  0x08001ca9   Thumb Code    48  stm32f4xx_tim.o(.text.TIM_Cmd)
    TIM_GetITStatus                          0x08001cd9   Thumb Code    96  stm32f4xx_tim.o(.text.TIM_GetITStatus)
    TIM_ITConfig                             0x08001d39   Thumb Code    60  stm32f4xx_tim.o(.text.TIM_ITConfig)
    TIM_TimeBaseInit                         0x08001d75   Thumb Code   270  stm32f4xx_tim.o(.text.TIM_TimeBaseInit)
    USART2_IRQHandler                        0x08001e85   Thumb Code   446  dbus.o(.text.USART2_IRQHandler)
    USART_GetITStatus                        0x08002045   Thumb Code   186  stm32f4xx_usart.o(.text.USART_GetITStatus)
    USART_ReceiveData                        0x08002101   Thumb Code    16  stm32f4xx_usart.o(.text.USART_ReceiveData)
    UsageFault_Handler                       0x08002111   Thumb Code     4  stm32f4xx_it.o(.text.UsageFault_Handler)
    Start_Task(void*)                        0x0800212d   Thumb Code   172  start_task.o(.text._Z10Start_TaskPv)
    sysTickInit()                            0x080021d9   Thumb Code    60  board.o(.text._Z11sysTickInitv)
    Chassis_Task(void*)                      0x08002215   Thumb Code    64  chassis_task.o(.text._Z12Chassis_TaskPv)
    boardALLInit()                           0x08002255   Thumb Code    62  board.o(.text._Z12boardALLInitv)
    getSysTimeUs()                           0x08002295   Thumb Code    64  board.o(.text._Z12getSysTimeUsv)
    my_deathzoom(float, float)               0x080022d5   Thumb Code    94  my_math.o(.text._Z12my_deathzoomff)
    canTx(float*, CAN_TypeDef*, unsigned)    0x08002335   Thumb Code   204  can.o(.text._Z5canTxPfP11CAN_TypeDefj)
    canTx(unsigned char*, CAN_TypeDef*, unsigned) 0x08002401   Thumb Code    66  can.o(.text._Z5canTxPhP11CAN_TypeDefj)
    my_pow(float)                            0x08002445   Thumb Code    18  my_math.o(.text._Z6my_powf)
    canInit(CAN_TypeDef*)                    0x08002459   Thumb Code   186  can.o(.text._Z7canInitP11CAN_TypeDef)
    delayUs(unsigned)                        0x08002515   Thumb Code   164  board.o(.text._Z7delayUsj)
    my_sqrt(float)                           0x080025b9   Thumb Code   132  my_math.o(.text._Z7my_sqrtf)
    Led_Task(void*)                          0x0800263d   Thumb Code   152  led_task.o(.text._Z8Led_TaskPv)
    iwdgFeed()                               0x080026d5   Thumb Code     8  iwdg.o(.text._Z8iwdgFeedv)
    iwdgInit(unsigned char, unsigned short)  0x080026dd   Thumb Code    56  iwdg.o(.text._Z8iwdgInitht)
    _FbValuePtr::_FbValuePtr()               0x08002be5   Thumb Code    24  pid.o(.text._ZN11_FbValuePtrC2Ev)
    _FbValuePtr::_FbValuePtr__sub_object()   0x08002be5   Thumb Code    24  pid.o(.text._ZN11_FbValuePtrC2Ev)
    _FbValuePtr::operator =(float*)          0x08002bfd   Thumb Code    20  pid.o(.text._ZN11_FbValuePtraSEPf)
    _FbValuePtr::operator =(int*)            0x08002c11   Thumb Code    20  pid.o(.text._ZN11_FbValuePtraSEPi)
    _FbValuePtr::operator =(short*)          0x08002c25   Thumb Code    20  pid.o(.text._ZN11_FbValuePtraSEPs)
    _FbValuePtr::operator *()                0x08002c39   Thumb Code   542  pid.o(.text._ZN11_FbValuePtrdeEv)
    _FbValuePtr::operator !()                0x08002e59   Thumb Code    18  pid.o(.text._ZN11_FbValuePtrntEv)
    SteeringWheel::steeringWheel_calculate(_vec3f, _vec4f) 0x08002e6d   Thumb Code  2524  steeringwheel.o(.text._ZN13SteeringWheel23steeringWheel_calculateE6_vec3f6_vec4f)
    SteeringWheel::SteeringWheel()           0x08003849   Thumb Code   100  steeringwheel.o(.text._ZN13SteeringWheelC2Ev)
    SteeringWheel::SteeringWheel__sub_object() 0x08003849   Thumb Code   100  steeringwheel.o(.text._ZN13SteeringWheelC2Ev)
    Can::Motor_Offset(unsigned char, CanRxMsg*) 0x080038ad   Thumb Code   194  can_calculate.o(.text._ZN3Can12Motor_OffsetEhP8CanRxMsg)
    Can::IsDJIMotorCheck(CanRxMsg)           0x08003971   Thumb Code    72  can_calculate.o(.text._ZN3Can15IsDJIMotorCheckE8CanRxMsg)
    Can::Motor_Information_Calculate(unsigned char, CanRxMsg*) 0x080039b9   Thumb Code   968  can_calculate.o(.text._ZN3Can27Motor_Information_CalculateEhP8CanRxMsg)
    Led::init()                              0x08003d81   Thumb Code    74  led.o(.text._ZN3Led4initEv)
    Led::show(unsigned char)                 0x08003dcd   Thumb Code    48  led.o(.text._ZN3Led4showEh)
    Led::stateShow(unsigned char)            0x08003dfd   Thumb Code   390  led.o(.text._ZN3Led9stateShowEh)
    Led::Led(unsigned, GPIO_TypeDef*, unsigned short) 0x08003f85   Thumb Code    34  led.o(.text._ZN3LedC2EjP12GPIO_TypeDeft)
    Led::Led__sub_object(unsigned, GPIO_TypeDef*, unsigned short) 0x08003f85   Thumb Code    34  led.o(.text._ZN3LedC2EjP12GPIO_TypeDeft)
    Pid::Clear()                             0x08003fa9   Thumb Code    28  pid.o(.text._ZN3Pid5ClearEv)
    Pid::Calculate(double, double, int, float*, float) 0x08003fc5   Thumb Code   852  pid.o(.text._ZN3Pid9CalculateEddiPff)
    Pid::Calculate(double, int, float*, float) 0x08004319   Thumb Code   110  pid.o(.text._ZN3Pid9CalculateEdiPff)
    Pid::LoadCheck(int)                      0x08004389   Thumb Code   124  pid.o(.text._ZN3Pid9LoadCheckEi)
    Pid::Pid(int)                            0x08004405   Thumb Code   150  pid.o(.text._ZN3PidC2Ei)
    Pid::Pid__sub_object(int)                0x08004405   Thumb Code   150  pid.o(.text._ZN3PidC2Ei)
    Cycle::getCycleT()                       0x0800449d   Thumb Code   100  cycle.o(.text._ZN5Cycle9getCycleTEv)
    Cycle::Cycle__sub_object()               0x08004501   Thumb Code    28  pid.o(.text._ZN5CycleC2Ev)
    Motor::isDJIMotor(CAN_TypeDef*, unsigned) 0x0800451d   Thumb Code    92  motor.o(.text._ZN5Motor10isDJIMotorEP11CAN_TypeDefj)
    Motor::ctrlCurrent(float, unsigned char) 0x08004579   Thumb Code   464  motor.o(.text._ZN5Motor11ctrlCurrentEfh)
    Motor::ctrlPosition(double, signed char, unsigned char) 0x08004749   Thumb Code   184  motor.o(.text._ZN5Motor12ctrlPositionEdah)
    Motor::motorPowerOut(float)              0x08004801   Thumb Code   134  motor.o(.text._ZN5Motor13motorPowerOutEf)
    Motor::overHeatProtect(short)            0x08004889   Thumb Code   156  motor.o(.text._ZN5Motor15overHeatProtectEs)
    Motor::setPowerOutLimit(float*)          0x08004925   Thumb Code    24  motor.o(.text._ZN5Motor16setPowerOutLimitEPf)
    Motor::getMotorSpeedLimit()              0x0800493d   Thumb Code    26  motor.o(.text._ZN5Motor18getMotorSpeedLimitEv)
    Motor::sendCanMsg_Callback(void*)        0x08004959   Thumb Code   688  motor.o(.text._ZN5Motor19sendCanMsg_CallbackEPv)
    Motor::getMotorCurrentLimit()            0x08004c09   Thumb Code    26  motor.o(.text._ZN5Motor20getMotorCurrentLimitEv)
    Motor::getType()                         0x08004c25   Thumb Code    14  motor.o(.text._ZN5Motor7getTypeEv)
    Motor::ctrlSpeed(float, signed char, unsigned char) 0x08004c35   Thumb Code   152  motor.o(.text._ZN5Motor9ctrlSpeedEfah)
    Motor::motorInit()                       0x08004ccd   Thumb Code   516  motor.o(.text._ZN5Motor9motorInitEv)
    Motor::Motor(MotorType, CAN_TypeDef*, unsigned) 0x08004ed1   Thumb Code   288  motor.o(.text._ZN5MotorC2E9MotorTypeP11CAN_TypeDefj)
    Motor::Motor__sub_object(MotorType, CAN_TypeDef*, unsigned) 0x08004ed1   Thumb Code   288  motor.o(.text._ZN5MotorC2E9MotorTypeP11CAN_TypeDefj)
    Chassis::chassisRun()                    0x08004ff1   Thumb Code   114  chassis_task.o(.text._ZN7Chassis10chassisRunEv)
    Chassis::motorOutput()                   0x08005065   Thumb Code   300  chassis_task.o(.text._ZN7Chassis11motorOutputEv)
    Chassis::CanRecvStruct::CanRecvStruct__sub_object() 0x08005191   Thumb Code    18  chassis_task.o(.text._ZN7Chassis13CanRecvStructC2Ev)
    Chassis::CanSendStruct::CanSendStruct__sub_object() 0x080051a5   Thumb Code    16  chassis_task.o(.text._ZN7Chassis13CanSendStructC2Ev)
    Chassis::getBoradSpeed()                 0x080051b5   Thumb Code    84  chassis_task.o(.text._ZN7Chassis13getBoradSpeedEv)
    Chassis::judgeIfMoving()                 0x08005209   Thumb Code   376  chassis_task.o(.text._ZN7Chassis13judgeIfMovingEv)
    Chassis::msgSend()                       0x08005381   Thumb Code    58  chassis_task.o(.text._ZN7Chassis7msgSendEv)
    Chassis::AngleRead()                     0x080053bd   Thumb Code   132  chassis_task.o(.text._ZN7Chassis9AngleReadEv)
    Chassis::motorInit()                     0x08005441   Thumb Code   520  chassis_task.o(.text._ZN7Chassis9motorInitEv)
    Chassis::Chassis()                       0x08005649   Thumb Code    40  chassis_task.o(.text._ZN7ChassisC2Ev)
    Chassis::Chassis__sub_object()           0x08005649   Thumb Code    40  chassis_task.o(.text._ZN7ChassisC2Ev)
    Judgement::addFullCount()                0x08005671   Thumb Code    20  judgement.o(.text._ZN9Judgement12addFullCountEv)
    Judgement::Judgement__sub_object()       0x08005685   Thumb Code    68  judgement.o(.text._ZN9JudgementC2Ev)
    std::get_new_handler()                   0x080056c9   Thumb Code    12  cxa_handlers.cpp.o(.text._ZSt15get_new_handlerv)
    operator new[] (unsigned)                0x080056d5   Thumb Code     4  new.cpp.o(.text._Znaj)
    operator new(unsigned)                   0x080056d9   Thumb Code    38  new.cpp.o(.text._Znwj)
    main                                     0x08005741   Thumb Code    70  main.o(.text.main)
    pvPortMalloc                             0x0800672d   Thumb Code   468  heap_4.o(.text.pvPortMalloc)
    pvTaskIncrementMutexHeldCount            0x08006901   Thumb Code    46  tasks.o(.text.pvTaskIncrementMutexHeldCount)
    pxPortInitialiseStack                    0x08006931   Thumb Code    94  port.o(.text.pxPortInitialiseStack)
    uxListRemove                             0x08006991   Thumb Code    72  list.o(.text.uxListRemove)
    vListInitialise                          0x080069d9   Thumb Code    46  list.o(.text.vListInitialise)
    vListInitialiseItem                      0x08006a09   Thumb Code    14  list.o(.text.vListInitialiseItem)
    vListInsert                              0x08006a19   Thumb Code   108  list.o(.text.vListInsert)
    vListInsertEnd                           0x08006a85   Thumb Code    58  list.o(.text.vListInsertEnd)
    vPortEnterCritical                       0x08006ad5   Thumb Code    80  port.o(.text.vPortEnterCritical)
    vPortExitCritical                        0x08006b25   Thumb Code    70  port.o(.text.vPortExitCritical)
    vPortFree                                0x08006b6d   Thumb Code   182  heap_4.o(.text.vPortFree)
    vPortSetupTimerInterrupt                 0x08006c25   Thumb Code    54  port.o(.text.vPortSetupTimerInterrupt)
    vPortValidateInterruptPriority           0x08006c5d   Thumb Code   116  port.o(.text.vPortValidateInterruptPriority)
    vQueueAddToRegistry                      0x08006cd1   Thumb Code    84  queue.o(.text.vQueueAddToRegistry)
    vQueueWaitForMessageRestricted           0x08006d25   Thumb Code   106  queue.o(.text.vQueueWaitForMessageRestricted)
    vTaskDelay                               0x08006d91   Thumb Code   108  tasks.o(.text.vTaskDelay)
    vTaskDelete                              0x08006dfd   Thumb Code   348  tasks.o(.text.vTaskDelete)
    vTaskMissedYield                         0x08006f59   Thumb Code    14  tasks.o(.text.vTaskMissedYield)
    vTaskPlaceOnEventList                    0x08006f69   Thumb Code    60  tasks.o(.text.vTaskPlaceOnEventList)
    vTaskPlaceOnEventListRestricted          0x08006fa5   Thumb Code    78  tasks.o(.text.vTaskPlaceOnEventListRestricted)
    vTaskPriorityInherit                     0x08006ff5   Thumb Code   282  tasks.o(.text.vTaskPriorityInherit)
    vTaskSetTimeOutState                     0x08007111   Thumb Code    58  tasks.o(.text.vTaskSetTimeOutState)
    vTaskStartScheduler                      0x0800714d   Thumb Code   186  tasks.o(.text.vTaskStartScheduler)
    vTaskSuspendAll                          0x08007209   Thumb Code    16  tasks.o(.text.vTaskSuspendAll)
    vTaskSwitchContext                       0x08007219   Thumb Code   288  tasks.o(.text.vTaskSwitchContext)
    xPortGetFreeHeapSize                     0x08007339   Thumb Code    12  heap_4.o(.text.xPortGetFreeHeapSize)
    xPortStartScheduler                      0x08007345   Thumb Code   284  port.o(.text.xPortStartScheduler)
    xPortSysTickHandler                      0x08007461   Thumb Code    62  port.o(.text.xPortSysTickHandler)
    xQueueGenericCreate                      0x080074a1   Thumb Code   116  queue.o(.text.xQueueGenericCreate)
    xQueueGenericReceive                     0x08007515   Thumb Code   618  queue.o(.text.xQueueGenericReceive)
    xQueueGenericReset                       0x08007781   Thumb Code   186  queue.o(.text.xQueueGenericReset)
    xQueueGenericSend                        0x0800783d   Thumb Code   608  queue.o(.text.xQueueGenericSend)
    xQueueGenericSendFromISR                 0x08007a9d   Thumb Code   368  queue.o(.text.xQueueGenericSendFromISR)
    xTaskCheckForTimeOut                     0x08007c0d   Thumb Code   190  tasks.o(.text.xTaskCheckForTimeOut)
    xTaskCreate                              0x08007ccd   Thumb Code   168  tasks.o(.text.xTaskCreate)
    xTaskGenericNotifyFromISR                0x08007d75   Thumb Code   408  tasks.o(.text.xTaskGenericNotifyFromISR)
    xTaskGetSchedulerState                   0x08007f0d   Thumb Code    60  tasks.o(.text.xTaskGetSchedulerState)
    xTaskGetTickCount                        0x08007f49   Thumb Code    20  tasks.o(.text.xTaskGetTickCount)
    xTaskIncrementTick                       0x08007f5d   Thumb Code   448  tasks.o(.text.xTaskIncrementTick)
    xTaskPriorityDisinherit                  0x0800811d   Thumb Code   278  tasks.o(.text.xTaskPriorityDisinherit)
    xTaskRemoveFromEventList                 0x08008235   Thumb Code   194  tasks.o(.text.xTaskRemoveFromEventList)
    xTaskResumeAll                           0x080082f9   Thumb Code   388  tasks.o(.text.xTaskResumeAll)
    xTimerCreate                             0x0800847d   Thumb Code    74  timers.o(.text.xTimerCreate)
    xTimerCreateTimerTask                    0x080084c9   Thumb Code   102  timers.o(.text.xTimerCreateTimerTask)
    xTimerGenericCommand                     0x08008531   Thumb Code   174  timers.o(.text.xTimerGenericCommand)
    __ARM_fpclassifyf                        0x080085df   Thumb Code    38  fpclassifyf.o(i.__ARM_fpclassifyf)
    __aligned_malloc                         0x08008605   Thumb Code   142  malloca.o(i.__aligned_malloc)
    __hardfp_atan2f                          0x080086a5   Thumb Code   594  atan2f.o(i.__hardfp_atan2f)
    __hardfp_cosf                            0x08008951   Thumb Code   280  cosf.o(i.__hardfp_cosf)
    __hardfp_sinf                            0x08008aa1   Thumb Code   344  sinf.o(i.__hardfp_sinf)
    malloc                                   0x08008c31   Thumb Code     6  malloca.o(i.__malloc$memalign)
    __mathlib_flt_infnan                     0x08008c37   Thumb Code     6  funder.o(i.__mathlib_flt_infnan)
    __mathlib_flt_infnan2                    0x08008c3d   Thumb Code     6  funder.o(i.__mathlib_flt_infnan2)
    __mathlib_flt_invalid                    0x08008c45   Thumb Code    10  funder.o(i.__mathlib_flt_invalid)
    __mathlib_flt_underflow                  0x08008c55   Thumb Code    10  funder.o(i.__mathlib_flt_underflow)
    __mathlib_rredf2                         0x08008c65   Thumb Code   316  rredf.o(i.__mathlib_rredf2)
    __scatterload_copy                       0x08008db9   Thumb Code    14  handlers.o(i.__scatterload_copy)
    __scatterload_null                       0x08008dc7   Thumb Code     2  handlers.o(i.__scatterload_null)
    __scatterload_zeroinit                   0x08008dc9   Thumb Code    14  handlers.o(i.__scatterload_zeroinit)
    __set_errno                              0x08008dd9   Thumb Code     6  errno.o(i.__set_errno)
    Region$$Table$$Base                      0x08008e4c   Number         0  anon$$obj.o(Region$$Table)
    Region$$Table$$Limit                     0x08008e6c   Number         0  anon$$obj.o(Region$$Table)
    SHT$$INIT_ARRAY$$Base                    0x08008e6c   Number         0  led_task.o(.init_array)
    SHT$$INIT_ARRAY$$Limit                   0x08008e78   Number         0  cpp_init.o(.init_array)
    __microlib_freelist                      0x20000004   Data           4  mvars.o(.data)
    __microlib_freelist_initialised          0x20000008   Data           4  mvars.o(.data)
    SystemCoreClock                          0x2000000c   Data           4  system_stm32f4xx.o(.data.SystemCoreClock)
    creatResult                              0x20000012   Data          10  start_task.o(.data.creatResult)
    motorCurrentLimitList                    0x2000001c   Data          10  motor.o(.data.motorCurrentLimitList)
    motorKp                                  0x20000028   Data           4  chassis_task.o(.data.motorKp)
    motorMaxTempList                         0x2000002c   Data          10  motor.o(.data.motorMaxTempList)
    motorSpeedLimitList                      0x20000036   Data          10  motor.o(.data.motorSpeedLimitList)
    steeringKi                               0x20000040   Data           4  chassis_task.o(.data.steeringKi)
    steeringKp1                              0x20000044   Data           4  chassis_task.o(.data.steeringKp1)
    steeringKp2                              0x20000048   Data           4  chassis_task.o(.data.steeringKp2)
    streeingZero                             0x2000004c   Data          16  chassis_task.o(.data.streeingZero)
    Can1                                     0x20000060   Data           4  can.o(.bss.Can1)
    Can1RxMsg                                0x20000064   Data          20  can.o(.bss.Can1RxMsg)
    Can2                                     0x20000078   Data           4  can.o(.bss.Can2)
    Can2RxMsg                                0x2000007c   Data          20  can.o(.bss.Can2RxMsg)
    ChassisTask_Handler                      0x20000090   Data           4  start_task.o(.bss.ChassisTask_Handler)
    DbusTask_Handler                         0x20000094   Data           4  start_task.o(.bss.DbusTask_Handler)
    FreeRTOSRunTimeTicks                     0x20000098   Data           8  timer.o(.bss.FreeRTOSRunTimeTicks)
    Init_OK                                  0x200000a0   Data           1  board.o(.bss.Init_OK)
    LED_Queue                                0x200000a4   Data           4  led_task.o(.bss.LED_Queue)
    LedTask_Handler                          0x200000a8   Data           4  start_task.o(.bss.LedTask_Handler)
    RC                                       0x200000ac   Data         116  dbus.o(.bss.RC)
    SBUS_rx_buf                              0x20000120   Data          72  dbus.o(.bss.SBUS_rx_buf)
    StartTask_Handler                        0x20000168   Data           4  main.o(.bss.StartTask_Handler)
    Motor::DJI_MotorFlag                     0x20000174   Data          16  motor.o(.bss._ZN5Motor13DJI_MotorFlagE)
    Motor::canBuff                           0x20000184   Data          64  motor.o(.bss._ZN5Motor7canBuffE)
    __cxa_new_handler                        0x200001d4   Data           4  cxa_handlers.cpp.o(.bss.__cxa_new_handler)
    boardLed                                 0x200001d8   Data          12  led_task.o(.bss.boardLed)
    chassis                                  0x200001e4   Data         296  chassis_task.o(.bss.chassis)
    deforceFlag                              0x2000030c   Data           1  chassis_task.o(.bss.deforceFlag)
    freeHeap                                 0x20000310   Data           4  led_task.o(.bss.freeHeap)
    judgement                                0x20000314   Data         844  judgement.o(.bss.judgement)
    motorList                                0x20000660   Data         192  motor.o(.bss.motorList)
    pxCurrentTCB                             0x20000724   Data           4  tasks.o(.bss.pxCurrentTCB)
    sbus_decode_buffer                       0x200009bc   Data          30  dbus.o(.bss.sbus_decode_buffer)
    sysTickUptime                            0x200009dc   Data           4  board.o(.bss.sysTickUptime)
    sysTickUptimeUs                          0x200009e0   Data           4  board.o(.bss.sysTickUptimeUs)
    useOriginHandle                          0x2000d1f4   Data           1  dbus.o(.bss.useOriginHandle)
    xQueueRegistry                           0x2000d28c   Data          64  queue.o(.bss.xQueueRegistry)
    __heap_base                              0x2000d310   Data           0  startup_stm32f40_41xxx.o(HEAP)
    __heap_limit                             0x2000e310   Data           0  startup_stm32f40_41xxx.o(HEAP)
    __initial_sp                             0x2000e710   Data           0  startup_stm32f40_41xxx.o(STACK)



==============================================================================

Memory Map of the image

  Image Entry point : 0x08000189

  Load Region LR_IROM1 (Base: 0x08000000, Size: 0x00008ed8, Max: 0x00100000, ABSOLUTE)

    Execution Region ER_IROM1 (Exec base: 0x08000000, Load base: 0x08000000, Size: 0x00008e78, Max: 0x00100000, ABSOLUTE)

    Exec Addr    Load Addr    Size         Type   Attr      Idx    E Section Name        Object

    0x08000000   0x08000000   0x00000188   Data   RO         1772    RESET               startup_stm32f40_41xxx.o
    0x08000188   0x08000188   0x00000000   Code   RO         2580  * .ARM.Collect$$$$00000000  mc_w.l(entry.o)
    0x08000188   0x08000188   0x00000004   Code   RO         2757    .ARM.Collect$$$$00000001  mc_w.l(entry2.o)
    0x0800018c   0x0800018c   0x00000004   Code   RO         2760    .ARM.Collect$$$$00000004  mc_w.l(entry5.o)
    0x08000190   0x08000190   0x00000000   Code   RO         2762    .ARM.Collect$$$$00000008  mc_w.l(entry7b.o)
    0x08000190   0x08000190   0x00000004   Code   RO         2763    .ARM.Collect$$$$00000009  mc_w.l(entry8a.o)
    0x08000194   0x08000194   0x00000000   Code   RO         2764    .ARM.Collect$$$$0000000A  mc_w.l(entry8b.o)
    0x08000194   0x08000194   0x00000008   Code   RO         2765    .ARM.Collect$$$$0000000B  mc_w.l(entry9a.o)
    0x0800019c   0x0800019c   0x00000000   Code   RO         2767    .ARM.Collect$$$$0000000D  mc_w.l(entry10a.o)
    0x0800019c   0x0800019c   0x00000000   Code   RO         2769    .ARM.Collect$$$$0000000F  mc_w.l(entry11a.o)
    0x0800019c   0x0800019c   0x00000004   Code   RO         2758    .ARM.Collect$$$$00002712  mc_w.l(entry2.o)
    0x080001a0   0x080001a0   0x00000024   Code   RO         1773    .text               startup_stm32f40_41xxx.o
    0x080001c4   0x080001c4   0x00000040   Code   RO         2587    .text               mc_w.l(memmovea.o)
    0x08000204   0x08000204   0x00000024   Code   RO         2589    .text               mc_w.l(memseta.o)
    0x08000228   0x08000228   0x00000020   Code   RO         2630    .text               mc_w.l(cpp_init.o)
    0x08000248   0x08000248   0x0000014e   Code   RO         2632    .text               mf_w.l(dadd.o)
    0x08000396   0x08000396   0x000000e4   Code   RO         2634    .text               mf_w.l(dmul.o)
    0x0800047a   0x0800047a   0x00000022   Code   RO         2644    .text               mf_w.l(dflti.o)
    0x0800049c   0x0800049c   0x0000001a   Code   RO         2646    .text               mf_w.l(dfltui.o)
    0x080004b6   0x080004b6   0x00000028   Code   RO         2648    .text               mf_w.l(dfltl.o)
    0x080004de   0x080004de   0x00000018   Code   RO         2650    .text               mf_w.l(dfltul.o)
    0x080004f6   0x080004f6   0x00000026   Code   RO         2652    .text               mf_w.l(f2d.o)
    0x0800051c   0x0800051c   0x00000038   Code   RO         2654    .text               mf_w.l(d2f.o)
    0x08000554   0x08000554   0x0000001e   Code   RO         2780    .text               mc_w.l(llshl.o)
    0x08000572   0x08000572   0x00000024   Code   RO         2782    .text               mc_w.l(llsshr.o)
    0x08000596   0x08000596   0x00000000   Code   RO         2825    .text               mc_w.l(iusefp.o)
    0x08000596   0x08000596   0x0000006e   Code   RO         2830    .text               mf_w.l(fepilogue.o)
    0x08000604   0x08000604   0x000000ba   Code   RO         2832    .text               mf_w.l(depilogue.o)
    0x080006be   0x080006be   0x00000002   PAD
    0x080006c0   0x080006c0   0x00000024   Code   RO         2894    .text               mc_w.l(init.o)
    0x080006e4   0x080006e4   0x00000020   Code   RO         2897    .text               mc_w.l(llushr.o)
    0x08000704   0x08000704   0x00000004   Code   RO           53    .text.BusFault_Handler  stm32f4xx_it.o
    0x08000708   0x08000708   0x0000010c   Code   RO          382    .text.CAN1_RX0_IRQHandler  can.o
    0x08000814   0x08000814   0x00000028   Code   RO          378    .text.CAN1_TX_IRQHandler  can.o
    0x0800083c   0x0800083c   0x00000056   Code   RO          384    .text.CAN2_RX0_IRQHandler  can.o
    0x08000892   0x08000892   0x00000002   PAD
    0x08000894   0x08000894   0x00000028   Code   RO          380    .text.CAN2_TX_IRQHandler  can.o
    0x080008bc   0x080008bc   0x000000ee   Code   RO          841    .text.CAN_ClearITPendingBit  stm32f4xx_can.o
    0x080009aa   0x080009aa   0x00000002   PAD
    0x080009ac   0x080009ac   0x00000046   Code   RO          793    .text.CAN_DeInit    stm32f4xx_can.o
    0x080009f2   0x080009f2   0x00000002   PAD
    0x080009f4   0x080009f4   0x0000016a   Code   RO          797    .text.CAN_FilterInit  stm32f4xx_can.o
    0x08000b5e   0x08000b5e   0x00000002   PAD
    0x08000b60   0x08000b60   0x0000019c   Code   RO          837    .text.CAN_GetITStatus  stm32f4xx_can.o
    0x08000cfc   0x08000cfc   0x00000034   Code   RO          831    .text.CAN_ITConfig  stm32f4xx_can.o
    0x08000d30   0x08000d30   0x000001c2   Code   RO          795    .text.CAN_Init      stm32f4xx_can.o
    0x08000ef2   0x08000ef2   0x00000002   PAD
    0x08000ef4   0x08000ef4   0x0000015a   Code   RO          813    .text.CAN_Receive   stm32f4xx_can.o
    0x0800104e   0x0800104e   0x00000002   PAD
    0x08001050   0x08001050   0x0000003c   Code   RO          799    .text.CAN_StructInit  stm32f4xx_can.o
    0x0800108c   0x0800108c   0x00000142   Code   RO          807    .text.CAN_Transmit  stm32f4xx_can.o
    0x080011ce   0x080011ce   0x00000002   PAD
    0x080011d0   0x080011d0   0x0000002e   Code   RO          839    .text.CheckITStatus  stm32f4xx_can.o
    0x080011fe   0x080011fe   0x00000002   PAD
    0x08001200   0x08001200   0x0000001a   Code   RO          414    .text.ConfigureTimeForRunTimeStats  timer.o
    0x0800121a   0x0800121a   0x00000002   PAD
    0x0800121c   0x0800121c   0x00000060   Code   RO          635    .text.DMA2_Stream1_IRQHandler  judgement.o
    0x0800127c   0x0800127c   0x00000062   Code   RO          938    .text.DMA_ClearFlag  stm32f4xx_dma.o
    0x080012de   0x080012de   0x00000002   PAD
    0x080012e0   0x080012e0   0x00000062   Code   RO          944    .text.DMA_ClearITPendingBit  stm32f4xx_dma.o
    0x08001342   0x08001342   0x00000002   PAD
    0x08001344   0x08001344   0x00000030   Code   RO          914    .text.DMA_Cmd       stm32f4xx_dma.o
    0x08001374   0x08001374   0x0000000e   Code   RO          922    .text.DMA_GetCurrDataCounter  stm32f4xx_dma.o
    0x08001382   0x08001382   0x00000002   PAD
    0x08001384   0x08001384   0x00000026   Code   RO          930    .text.DMA_GetCurrentMemoryTarget  stm32f4xx_dma.o
    0x080013aa   0x080013aa   0x00000002   PAD
    0x080013ac   0x080013ac   0x000000be   Code   RO          942    .text.DMA_GetITStatus  stm32f4xx_dma.o
    0x0800146a   0x0800146a   0x00000002   PAD
    0x0800146c   0x0800146c   0x00000016   Code   RO          920    .text.DMA_SetCurrDataCounter  stm32f4xx_dma.o
    0x08001482   0x08001482   0x00000002   PAD
    0x08001484   0x08001484   0x00000002   Code   RO           57    .text.DebugMon_Handler  stm32f4xx_it.o
    0x08001486   0x08001486   0x00000002   PAD
    0x08001488   0x08001488   0x000000fa   Code   RO         1112    .text.GPIO_Init     stm32f4xx_gpio.o
    0x08001582   0x08001582   0x00000002   PAD
    0x08001584   0x08001584   0x0000007a   Code   RO         1136    .text.GPIO_PinAFConfig  stm32f4xx_gpio.o
    0x080015fe   0x080015fe   0x00000002   PAD
    0x08001600   0x08001600   0x00000004   Code   RO           49    .text.HardFault_Handler  stm32f4xx_it.o
    0x08001604   0x08001604   0x00000010   Code   RO         1230    .text.IWDG_Enable   stm32f4xx_iwdg.o
    0x08001614   0x08001614   0x00000010   Code   RO         1228    .text.IWDG_ReloadCounter  stm32f4xx_iwdg.o
    0x08001624   0x08001624   0x0000001a   Code   RO         1224    .text.IWDG_SetPrescaler  stm32f4xx_iwdg.o
    0x0800163e   0x0800163e   0x00000002   PAD
    0x08001640   0x08001640   0x0000001a   Code   RO         1226    .text.IWDG_SetReload  stm32f4xx_iwdg.o
    0x0800165a   0x0800165a   0x00000002   PAD
    0x0800165c   0x0800165c   0x0000001a   Code   RO         1222    .text.IWDG_WriteAccessCmd  stm32f4xx_iwdg.o
    0x08001676   0x08001676   0x00000002   PAD
    0x08001678   0x08001678   0x00000004   Code   RO           51    .text.MemManage_Handler  stm32f4xx_it.o
    0x0800167c   0x0800167c   0x00000002   Code   RO           47    .text.NMI_Handler   stm32f4xx_it.o
    0x0800167e   0x0800167e   0x00000002   PAD
    0x08001680   0x08001680   0x000000d2   Code   RO          695    .text.NVIC_Init     misc.o
    0x08001752   0x08001752   0x00000002   PAD
    0x08001754   0x08001754   0x0000001c   Code   RO          693    .text.NVIC_PriorityGroupConfig  misc.o
    0x08001770   0x08001770   0x00000064   Code   RO         2175    .text.PendSV_Handler  port.o
    0x080017d4   0x080017d4   0x0000003e   Code   RO         1307    .text.RCC_AHB1PeriphClockCmd  stm32f4xx_rcc.o
    0x08001812   0x08001812   0x00000002   PAD
    0x08001814   0x08001814   0x0000003e   Code   RO         1313    .text.RCC_APB1PeriphClockCmd  stm32f4xx_rcc.o
    0x08001852   0x08001852   0x00000002   PAD
    0x08001854   0x08001854   0x0000003e   Code   RO         1323    .text.RCC_APB1PeriphResetCmd  stm32f4xx_rcc.o
    0x08001892   0x08001892   0x00000002   PAD
    0x08001894   0x08001894   0x00000166   Code   RO         1285    .text.RCC_GetClocksFreq  stm32f4xx_rcc.o
    0x080019fa   0x080019fa   0x00000006   PAD
    0x08001a00   0x08001a00   0x00000024   Code   RO         2159    .text.SVC_Handler   port.o
    0x08001a24   0x08001a24   0x00000136   Code   RO         1758    .text.SetSysClock   system_stm32f4xx.o
    0x08001b5a   0x08001b5a   0x00000002   PAD
    0x08001b5c   0x08001b5c   0x00000034   Code   RO          701    .text.SysTick_CLKSourceConfig  misc.o
    0x08001b90   0x08001b90   0x00000054   Code   RO           59    .text.SysTick_Handler  stm32f4xx_it.o
    0x08001be4   0x08001be4   0x00000074   Code   RO         1756    .text.SystemInit    system_stm32f4xx.o
    0x08001c58   0x08001c58   0x00000036   Code   RO          418    .text.TIM2_IRQHandler  timer.o
    0x08001c8e   0x08001c8e   0x00000002   PAD
    0x08001c90   0x08001c90   0x00000018   Code   RO         1650    .text.TIM_ClearITPendingBit  stm32f4xx_tim.o
    0x08001ca8   0x08001ca8   0x00000030   Code   RO         1528    .text.TIM_Cmd       stm32f4xx_tim.o
    0x08001cd8   0x08001cd8   0x00000060   Code   RO         1648    .text.TIM_GetITStatus  stm32f4xx_tim.o
    0x08001d38   0x08001d38   0x0000003c   Code   RO         1640    .text.TIM_ITConfig  stm32f4xx_tim.o
    0x08001d74   0x08001d74   0x0000010e   Code   RO         1502    .text.TIM_TimeBaseInit  stm32f4xx_tim.o
    0x08001e82   0x08001e82   0x00000002   PAD
    0x08001e84   0x08001e84   0x000001be   Code   RO          520    .text.USART2_IRQHandler  dbus.o
    0x08002042   0x08002042   0x00000002   PAD
    0x08002044   0x08002044   0x000000ba   Code   RO         1745    .text.USART_GetITStatus  stm32f4xx_usart.o
    0x080020fe   0x080020fe   0x00000002   PAD
    0x08002100   0x08002100   0x00000010   Code   RO         1711    .text.USART_ReceiveData  stm32f4xx_usart.o
    0x08002110   0x08002110   0x00000004   Code   RO           55    .text.UsageFault_Handler  stm32f4xx_it.o
    0x08002114   0x08002114   0x00000008   Code   RO          120    .text._GLOBAL__sub_I_chassis_task.cpp  chassis_task.o
    0x0800211c   0x0800211c   0x00000008   Code   RO          665    .text._GLOBAL__sub_I_judgement.cpp  judgement.o
    0x08002124   0x08002124   0x00000008   Code   RO           87    .text._GLOBAL__sub_I_led_task.cpp  led_task.o
    0x0800212c   0x0800212c   0x000000ac   Code   RO           69    .text._Z10Start_TaskPv  start_task.o
    0x080021d8   0x080021d8   0x0000003c   Code   RO           12    .text._Z11sysTickInitv  board.o
    0x08002214   0x08002214   0x00000040   Code   RO          118    .text._Z12Chassis_TaskPv  chassis_task.o
    0x08002254   0x08002254   0x0000003e   Code   RO           24    .text._Z12boardALLInitv  board.o
    0x08002292   0x08002292   0x00000002   PAD
    0x08002294   0x08002294   0x00000040   Code   RO           16    .text._Z12getSysTimeUsv  board.o
    0x080022d4   0x080022d4   0x0000005e   Code   RO          271    .text._Z12my_deathzoomff  my_math.o
    0x08002332   0x08002332   0x00000002   PAD
    0x08002334   0x08002334   0x000000cc   Code   RO          388    .text._Z5canTxPfP11CAN_TypeDefj  can.o
    0x08002400   0x08002400   0x00000042   Code   RO          390    .text._Z5canTxPhP11CAN_TypeDefj  can.o
    0x08002442   0x08002442   0x00000002   PAD
    0x08002444   0x08002444   0x00000012   Code   RO          261    .text._Z6my_powf    my_math.o
    0x08002456   0x08002456   0x00000002   PAD
    0x08002458   0x08002458   0x000000ba   Code   RO          374    .text._Z7canInitP11CAN_TypeDef  can.o
    0x08002512   0x08002512   0x00000002   PAD
    0x08002514   0x08002514   0x000000a4   Code   RO           18    .text._Z7delayUsj   board.o
    0x080025b8   0x080025b8   0x00000084   Code   RO          263    .text._Z7my_sqrtf   my_math.o
    0x0800263c   0x0800263c   0x00000098   Code   RO           85    .text._Z8Led_TaskPv  led_task.o
    0x080026d4   0x080026d4   0x00000008   Code   RO          405    .text._Z8iwdgFeedv  iwdg.o
    0x080026dc   0x080026dc   0x00000038   Code   RO          403    .text._Z8iwdgInitht  iwdg.o
    0x08002714   0x08002714   0x00000274   Code   RO          522    .text._ZL11Handle_dataPVKhP3_RC  dbus.o
    0x08002988   0x08002988   0x00000052   Code   RO           14    .text._ZL14SysTick_Configj  board.o
    0x080029da   0x080029da   0x00000002   PAD
    0x080029dc   0x080029dc   0x00000148   Code   RO          376    .text._ZL15canGpioNvicInitP11CAN_TypeDef  can.o
    0x08002b24   0x08002b24   0x00000044   Code   RO           26    .text._ZL18__NVIC_SetPriority4IRQnj  board.o
    0x08002b68   0x08002b68   0x0000007a   Code   RO          416    .text._ZL9TIM2_Inittt  timer.o
    0x08002be2   0x08002be2   0x00000002   PAD
    0x08002be4   0x08002be4   0x00000018   Code   RO          169    .text._ZN11_FbValuePtrC2Ev  pid.o
    0x08002bfc   0x08002bfc   0x00000014   Code   RO          159    .text._ZN11_FbValuePtraSEPf  pid.o
    0x08002c10   0x08002c10   0x00000014   Code   RO          155    .text._ZN11_FbValuePtraSEPi  pid.o
    0x08002c24   0x08002c24   0x00000014   Code   RO          153    .text._ZN11_FbValuePtraSEPs  pid.o
    0x08002c38   0x08002c38   0x0000021e   Code   RO          165    .text._ZN11_FbValuePtrdeEv  pid.o
    0x08002e56   0x08002e56   0x00000002   PAD
    0x08002e58   0x08002e58   0x00000012   Code   RO          167    .text._ZN11_FbValuePtrntEv  pid.o
    0x08002e6a   0x08002e6a   0x00000002   PAD
    0x08002e6c   0x08002e6c   0x000009dc   Code   RO          329    .text._ZN13SteeringWheel23steeringWheel_calculateE6_vec3f6_vec4f  steeringwheel.o
    0x08003848   0x08003848   0x00000064   Code   RO          327    .text._ZN13SteeringWheelC2Ev  steeringwheel.o
    0x080038ac   0x080038ac   0x000000c2   Code   RO          293    .text._ZN3Can12Motor_OffsetEhP8CanRxMsg  can_calculate.o
    0x0800396e   0x0800396e   0x00000002   PAD
    0x08003970   0x08003970   0x00000048   Code   RO          297    .text._ZN3Can15IsDJIMotorCheckE8CanRxMsg  can_calculate.o
    0x080039b8   0x080039b8   0x000003c8   Code   RO          295    .text._ZN3Can27Motor_Information_CalculateEhP8CanRxMsg  can_calculate.o
    0x08003d80   0x08003d80   0x0000004a   Code   RO          543    .text._ZN3Led4initEv  led.o
    0x08003dca   0x08003dca   0x00000002   PAD
    0x08003dcc   0x08003dcc   0x00000030   Code   RO          547    .text._ZN3Led4showEh  led.o
    0x08003dfc   0x08003dfc   0x00000186   Code   RO          545    .text._ZN3Led9stateShowEh  led.o
    0x08003f82   0x08003f82   0x00000002   PAD
    0x08003f84   0x08003f84   0x00000022   Code   RO          541    .text._ZN3LedC2EjP12GPIO_TypeDeft  led.o
    0x08003fa6   0x08003fa6   0x00000002   PAD
    0x08003fa8   0x08003fa8   0x0000001c   Code   RO          199    .text._ZN3Pid5ClearEv  pid.o
    0x08003fc4   0x08003fc4   0x00000354   Code   RO          203    .text._ZN3Pid9CalculateEddiPff  pid.o
    0x08004318   0x08004318   0x0000006e   Code   RO          205    .text._ZN3Pid9CalculateEdiPff  pid.o
    0x08004386   0x08004386   0x00000002   PAD
    0x08004388   0x08004388   0x0000007c   Code   RO          201    .text._ZN3Pid9LoadCheckEi  pid.o
    0x08004404   0x08004404   0x00000096   Code   RO          193    .text._ZN3PidC2Ei   pid.o
    0x0800449a   0x0800449a   0x00000002   PAD
    0x0800449c   0x0800449c   0x00000064   Code   RO           39    .text._ZN5Cycle9getCycleTEv  cycle.o
    0x08004500   0x08004500   0x0000001c   Code   RO          217    .text._ZN5CycleC2Ev  pid.o
    0x0800451c   0x0800451c   0x0000005c   Code   RO          565    .text._ZN5Motor10isDJIMotorEP11CAN_TypeDefj  motor.o
    0x08004578   0x08004578   0x000001d0   Code   RO          569    .text._ZN5Motor11ctrlCurrentEfh  motor.o
    0x08004748   0x08004748   0x000000b8   Code   RO          577    .text._ZN5Motor12ctrlPositionEdah  motor.o
    0x08004800   0x08004800   0x00000086   Code   RO          573    .text._ZN5Motor13motorPowerOutEf  motor.o
    0x08004886   0x08004886   0x00000002   PAD
    0x08004888   0x08004888   0x0000009c   Code   RO          571    .text._ZN5Motor15overHeatProtectEs  motor.o
    0x08004924   0x08004924   0x00000018   Code   RO          585    .text._ZN5Motor16setPowerOutLimitEPf  motor.o
    0x0800493c   0x0800493c   0x0000001a   Code   RO          601    .text._ZN5Motor18getMotorSpeedLimitEv  motor.o
    0x08004956   0x08004956   0x00000002   PAD
    0x08004958   0x08004958   0x000002b0   Code   RO          567    .text._ZN5Motor19sendCanMsg_CallbackEPv  motor.o
    0x08004c08   0x08004c08   0x0000001a   Code   RO          597    .text._ZN5Motor20getMotorCurrentLimitEv  motor.o
    0x08004c22   0x08004c22   0x00000002   PAD
    0x08004c24   0x08004c24   0x0000000e   Code   RO          589    .text._ZN5Motor7getTypeEv  motor.o
    0x08004c32   0x08004c32   0x00000002   PAD
    0x08004c34   0x08004c34   0x00000098   Code   RO          575    .text._ZN5Motor9ctrlSpeedEfah  motor.o
    0x08004ccc   0x08004ccc   0x00000204   Code   RO          563    .text._ZN5Motor9motorInitEv  motor.o
    0x08004ed0   0x08004ed0   0x00000120   Code   RO          561    .text._ZN5MotorC2E9MotorTypeP11CAN_TypeDefj  motor.o
    0x08004ff0   0x08004ff0   0x00000072   Code   RO          114    .text._ZN7Chassis10chassisRunEv  chassis_task.o
    0x08005062   0x08005062   0x00000002   PAD
    0x08005064   0x08005064   0x0000012c   Code   RO          106    .text._ZN7Chassis11motorOutputEv  chassis_task.o
    0x08005190   0x08005190   0x00000012   Code   RO          138    .text._ZN7Chassis13CanRecvStructC2Ev  chassis_task.o
    0x080051a2   0x080051a2   0x00000002   PAD
    0x080051a4   0x080051a4   0x00000010   Code   RO          140    .text._ZN7Chassis13CanSendStructC2Ev  chassis_task.o
    0x080051b4   0x080051b4   0x00000054   Code   RO          108    .text._ZN7Chassis13getBoradSpeedEv  chassis_task.o
    0x08005208   0x08005208   0x00000178   Code   RO          112    .text._ZN7Chassis13judgeIfMovingEv  chassis_task.o
    0x08005380   0x08005380   0x0000003a   Code   RO          110    .text._ZN7Chassis7msgSendEv  chassis_task.o
    0x080053ba   0x080053ba   0x00000002   PAD
    0x080053bc   0x080053bc   0x00000084   Code   RO          104    .text._ZN7Chassis9AngleReadEv  chassis_task.o
    0x08005440   0x08005440   0x00000208   Code   RO          102    .text._ZN7Chassis9motorInitEv  chassis_task.o
    0x08005648   0x08005648   0x00000028   Code   RO          100    .text._ZN7ChassisC2Ev  chassis_task.o
    0x08005670   0x08005670   0x00000014   Code   RO          690    .text._ZN9Judgement12addFullCountEv  judgement.o
    0x08005684   0x08005684   0x00000044   Code   RO          688    .text._ZN9JudgementC2Ev  judgement.o
    0x080056c8   0x080056c8   0x0000000c   Code   RO         2675    .text._ZSt15get_new_handlerv  libcppabi_w.l(cxa_handlers.cpp.o)
    0x080056d4   0x080056d4   0x00000004   Code   RO         2197    .text._Znaj         libcpp_w.l(new.cpp.o)
    0x080056d8   0x080056d8   0x00000026   Code   RO         2193    .text._Znwj         libcpp_w.l(new.cpp.o)
    0x080056fe   0x080056fe   0x00000002   PAD
    0x08005700   0x08005700   0x0000001e   Code   RO           83    .text.__cxx_global_var_init  led_task.o
    0x0800571e   0x0800571e   0x00000002   PAD
    0x08005720   0x08005720   0x00000010   Code   RO          116    .text.__cxx_global_var_init  chassis_task.o
    0x08005730   0x08005730   0x00000010   Code   RO          625    .text.__cxx_global_var_init  judgement.o
    0x08005740   0x08005740   0x00000046   Code   RO            2    .text.main          main.o
    0x08005786   0x08005786   0x00000002   PAD
    0x08005788   0x08005788   0x000000fc   Code   RO         1930    .text.prvAddCurrentTaskToDelayedList  tasks.o
    0x08005884   0x08005884   0x00000122   Code   RO         1918    .text.prvAddNewTaskToReadyList  tasks.o
    0x080059a6   0x080059a6   0x00000002   PAD
    0x080059a8   0x080059a8   0x0000008e   Code   RO         2071    .text.prvCheckForValidListAndQueue  timers.o
    0x08005a36   0x08005a36   0x00000002   PAD
    0x08005a38   0x08005a38   0x00000084   Code   RO         2036    .text.prvCheckTasksWaitingTermination  tasks.o
    0x08005abc   0x08005abc   0x0000004a   Code   RO         1862    .text.prvCopyDataFromQueue  queue.o
    0x08005b06   0x08005b06   0x00000002   PAD
    0x08005b08   0x08005b08   0x000000e0   Code   RO         1850    .text.prvCopyDataToQueue  queue.o
    0x08005be8   0x08005be8   0x00000018   Code   RO         1922    .text.prvDeleteTCB  tasks.o
    0x08005c00   0x08005c00   0x00000042   Code   RO         2099    .text.prvGetNextExpireTime  timers.o
    0x08005c42   0x08005c42   0x00000002   PAD
    0x08005c44   0x08005c44   0x000000be   Code   RO         2130    .text.prvHeapInit   heap_4.o
    0x08005d02   0x08005d02   0x00000002   PAD
    0x08005d04   0x08005d04   0x00000038   Code   RO         1956    .text.prvIdleTask   tasks.o
    0x08005d3c   0x08005d3c   0x00000052   Code   RO         1834    .text.prvInitialiseNewQueue  queue.o
    0x08005d8e   0x08005d8e   0x00000002   PAD
    0x08005d90   0x08005d90   0x0000011a   Code   RO         1916    .text.prvInitialiseNewTask  tasks.o
    0x08005eaa   0x08005eaa   0x00000002   PAD
    0x08005eac   0x08005eac   0x00000062   Code   RO         2077    .text.prvInitialiseNewTimer  timers.o
    0x08005f0e   0x08005f0e   0x00000002   PAD
    0x08005f10   0x08005f10   0x0000008e   Code   RO         2034    .text.prvInitialiseTaskLists  tasks.o
    0x08005f9e   0x08005f9e   0x00000002   PAD
    0x08005fa0   0x08005fa0   0x000000c6   Code   RO         2132    .text.prvInsertBlockIntoFreeList  heap_4.o
    0x08006066   0x08006066   0x00000002   PAD
    0x08006068   0x08006068   0x00000086   Code   RO         2111    .text.prvInsertTimerInActiveList  timers.o
    0x080060ee   0x080060ee   0x00000002   PAD
    0x080060f0   0x080060f0   0x0000002a   Code   RO         1864    .text.prvIsQueueEmpty  queue.o
    0x0800611a   0x0800611a   0x00000002   PAD
    0x0800611c   0x0800611c   0x0000002e   Code   RO         1854    .text.prvIsQueueFull  queue.o
    0x0800614a   0x0800614a   0x00000002   PAD
    0x0800614c   0x0800614c   0x000000b2   Code   RO         1852    .text.prvNotifyQueueSetContainer  queue.o
    0x080061fe   0x080061fe   0x00000002   PAD
    0x08006200   0x08006200   0x00000020   Code   RO         2167    .text.prvPortStartFirstTask  port.o
    0x08006220   0x08006220   0x00000080   Code   RO         2107    .text.prvProcessExpiredTimer  timers.o
    0x080062a0   0x080062a0   0x00000152   Code   RO         2103    .text.prvProcessReceivedCommands  timers.o
    0x080063f2   0x080063f2   0x00000002   PAD
    0x080063f4   0x080063f4   0x000000a8   Code   RO         2101    .text.prvProcessTimerOrBlockTask  timers.o
    0x0800649c   0x0800649c   0x00000048   Code   RO         1924    .text.prvResetNextTaskUnblockTime  tasks.o
    0x080064e4   0x080064e4   0x00000044   Code   RO         2105    .text.prvSampleTimeNow  timers.o
    0x08006528   0x08006528   0x000000ce   Code   RO         2109    .text.prvSwitchTimerLists  timers.o
    0x080065f6   0x080065f6   0x00000002   PAD
    0x080065f8   0x080065f8   0x00000038   Code   RO         2157    .text.prvTaskExitError  port.o
    0x08006630   0x08006630   0x0000001e   Code   RO         2073    .text.prvTimerTask  timers.o
    0x0800664e   0x0800664e   0x00000002   PAD
    0x08006650   0x08006650   0x000000da   Code   RO         1856    .text.prvUnlockQueue  queue.o
    0x0800672a   0x0800672a   0x00000002   PAD
    0x0800672c   0x0800672c   0x000001d4   Code   RO         2128    .text.pvPortMalloc  heap_4.o
    0x08006900   0x08006900   0x0000002e   Code   RO         2020    .text.pvTaskIncrementMutexHeldCount  tasks.o
    0x0800692e   0x0800692e   0x00000002   PAD
    0x08006930   0x08006930   0x0000005e   Code   RO         2155    .text.pxPortInitialiseStack  port.o
    0x0800698e   0x0800698e   0x00000002   PAD
    0x08006990   0x08006990   0x00000048   Code   RO         1821    .text.uxListRemove  list.o
    0x080069d8   0x080069d8   0x0000002e   Code   RO         1813    .text.vListInitialise  list.o
    0x08006a06   0x08006a06   0x00000002   PAD
    0x08006a08   0x08006a08   0x0000000e   Code   RO         1815    .text.vListInitialiseItem  list.o
    0x08006a16   0x08006a16   0x00000002   PAD
    0x08006a18   0x08006a18   0x0000006c   Code   RO         1819    .text.vListInsert   list.o
    0x08006a84   0x08006a84   0x0000003a   Code   RO         1817    .text.vListInsertEnd  list.o
    0x08006abe   0x08006abe   0x00000002   PAD
    0x08006ac0   0x08006ac0   0x00000014   Code   RO         2165    .text.vPortEnableVFP  port.o
    0x08006ad4   0x08006ad4   0x00000050   Code   RO         2171    .text.vPortEnterCritical  port.o
    0x08006b24   0x08006b24   0x00000046   Code   RO         2173    .text.vPortExitCritical  port.o
    0x08006b6a   0x08006b6a   0x00000002   PAD
    0x08006b6c   0x08006b6c   0x000000b6   Code   RO         2134    .text.vPortFree     heap_4.o
    0x08006c22   0x08006c22   0x00000002   PAD
    0x08006c24   0x08006c24   0x00000036   Code   RO         2163    .text.vPortSetupTimerInterrupt  port.o
    0x08006c5a   0x08006c5a   0x00000002   PAD
    0x08006c5c   0x08006c5c   0x00000074   Code   RO         2179    .text.vPortValidateInterruptPriority  port.o
    0x08006cd0   0x08006cd0   0x00000054   Code   RO         1890    .text.vQueueAddToRegistry  queue.o
    0x08006d24   0x08006d24   0x0000006a   Code   RO         1894    .text.vQueueWaitForMessageRestricted  queue.o
    0x08006d8e   0x08006d8e   0x00000002   PAD
    0x08006d90   0x08006d90   0x0000006c   Code   RO         1934    .text.vTaskDelay    tasks.o
    0x08006dfc   0x08006dfc   0x0000015c   Code   RO         1920    .text.vTaskDelete   tasks.o
    0x08006f58   0x08006f58   0x0000000e   Code   RO         1990    .text.vTaskMissedYield  tasks.o
    0x08006f66   0x08006f66   0x00000002   PAD
    0x08006f68   0x08006f68   0x0000003c   Code   RO         1976    .text.vTaskPlaceOnEventList  tasks.o
    0x08006fa4   0x08006fa4   0x0000004e   Code   RO         1980    .text.vTaskPlaceOnEventListRestricted  tasks.o
    0x08006ff2   0x08006ff2   0x00000002   PAD
    0x08006ff4   0x08006ff4   0x0000011a   Code   RO         2006    .text.vTaskPriorityInherit  tasks.o
    0x0800710e   0x0800710e   0x00000002   PAD
    0x08007110   0x08007110   0x0000003a   Code   RO         1986    .text.vTaskSetTimeOutState  tasks.o
    0x0800714a   0x0800714a   0x00000002   PAD
    0x0800714c   0x0800714c   0x000000ba   Code   RO         1954    .text.vTaskStartScheduler  tasks.o
    0x08007206   0x08007206   0x00000002   PAD
    0x08007208   0x08007208   0x00000010   Code   RO         1928    .text.vTaskSuspendAll  tasks.o
    0x08007218   0x08007218   0x00000120   Code   RO         1946    .text.vTaskSwitchContext  tasks.o
    0x08007338   0x08007338   0x0000000c   Code   RO         2136    .text.xPortGetFreeHeapSize  heap_4.o
    0x08007344   0x08007344   0x0000011c   Code   RO         2161    .text.xPortStartScheduler  port.o
    0x08007460   0x08007460   0x0000003e   Code   RO         2177    .text.xPortSysTickHandler  port.o
    0x0800749e   0x0800749e   0x00000002   PAD
    0x080074a0   0x080074a0   0x00000074   Code   RO         1832    .text.xQueueGenericCreate  queue.o
    0x08007514   0x08007514   0x0000026a   Code   RO         1846    .text.xQueueGenericReceive  queue.o
    0x0800777e   0x0800777e   0x00000002   PAD
    0x08007780   0x08007780   0x000000ba   Code   RO         1830    .text.xQueueGenericReset  queue.o
    0x0800783a   0x0800783a   0x00000002   PAD
    0x0800783c   0x0800783c   0x00000260   Code   RO         1842    .text.xQueueGenericSend  queue.o
    0x08007a9c   0x08007a9c   0x00000170   Code   RO         1858    .text.xQueueGenericSendFromISR  queue.o
    0x08007c0c   0x08007c0c   0x000000be   Code   RO         1988    .text.xTaskCheckForTimeOut  tasks.o
    0x08007cca   0x08007cca   0x00000002   PAD
    0x08007ccc   0x08007ccc   0x000000a8   Code   RO         1914    .text.xTaskCreate   tasks.o
    0x08007d74   0x08007d74   0x00000198   Code   RO         2028    .text.xTaskGenericNotifyFromISR  tasks.o
    0x08007f0c   0x08007f0c   0x0000003c   Code   RO         2004    .text.xTaskGetSchedulerState  tasks.o
    0x08007f48   0x08007f48   0x00000014   Code   RO         1962    .text.xTaskGetTickCount  tasks.o
    0x08007f5c   0x08007f5c   0x000001c0   Code   RO         1960    .text.xTaskIncrementTick  tasks.o
    0x0800811c   0x0800811c   0x00000116   Code   RO         2008    .text.xTaskPriorityDisinherit  tasks.o
    0x08008232   0x08008232   0x00000002   PAD
    0x08008234   0x08008234   0x000000c2   Code   RO         1982    .text.xTaskRemoveFromEventList  tasks.o
    0x080082f6   0x080082f6   0x00000002   PAD
    0x080082f8   0x080082f8   0x00000184   Code   RO         1932    .text.xTaskResumeAll  tasks.o
    0x0800847c   0x0800847c   0x0000004a   Code   RO         2075    .text.xTimerCreate  timers.o
    0x080084c6   0x080084c6   0x00000002   PAD
    0x080084c8   0x080084c8   0x00000066   Code   RO         2069    .text.xTimerCreateTimerTask  timers.o
    0x0800852e   0x0800852e   0x00000002   PAD
    0x08008530   0x08008530   0x000000ae   Code   RO         2079    .text.xTimerGenericCommand  timers.o
    0x080085de   0x080085de   0x00000026   Code   RO         2727    i.__ARM_fpclassifyf  m_wm.l(fpclassifyf.o)
    0x08008604   0x08008604   0x000000a0   Code   RO         2800    i.__aligned_malloc  mc_w.l(malloca.o)
    0x080086a4   0x080086a4   0x000002ac   Code   RO         2508    i.__hardfp_atan2f   m_wm.l(atan2f.o)
    0x08008950   0x08008950   0x00000150   Code   RO         2532    i.__hardfp_cosf     m_wm.l(cosf.o)
    0x08008aa0   0x08008aa0   0x00000190   Code   RO         2556    i.__hardfp_sinf     m_wm.l(sinf.o)
    0x08008c30   0x08008c30   0x00000006   Code   RO         2802    i.__malloc$memalign  mc_w.l(malloca.o)
    0x08008c36   0x08008c36   0x00000006   Code   RO         2730    i.__mathlib_flt_infnan  m_wm.l(funder.o)
    0x08008c3c   0x08008c3c   0x00000006   Code   RO         2731    i.__mathlib_flt_infnan2  m_wm.l(funder.o)
    0x08008c42   0x08008c42   0x00000002   PAD
    0x08008c44   0x08008c44   0x00000010   Code   RO         2732    i.__mathlib_flt_invalid  m_wm.l(funder.o)
    0x08008c54   0x08008c54   0x00000010   Code   RO         2735    i.__mathlib_flt_underflow  m_wm.l(funder.o)
    0x08008c64   0x08008c64   0x00000154   Code   RO         2748    i.__mathlib_rredf2  m_wm.l(rredf.o)
    0x08008db8   0x08008db8   0x0000000e   Code   RO         2906    i.__scatterload_copy  mc_w.l(handlers.o)
    0x08008dc6   0x08008dc6   0x00000002   Code   RO         2907    i.__scatterload_null  mc_w.l(handlers.o)
    0x08008dc8   0x08008dc8   0x0000000e   Code   RO         2908    i.__scatterload_zeroinit  mc_w.l(handlers.o)
    0x08008dd6   0x08008dd6   0x00000002   PAD
    0x08008dd8   0x08008dd8   0x0000000c   Code   RO         2820    i.__set_errno       mc_w.l(errno.o)
    0x08008de4   0x08008de4   0x00000020   Data   RO         2749    .constdata          m_wm.l(rredf.o)
    0x08008e04   0x08008e04   0x00000010   Data   RO         1347    .rodata.APBAHBPrescTable  stm32f4xx_rcc.o
    0x08008e14   0x08008e14   0x00000006   Data   RO            5    .rodata.str1.1      main.o
    0x08008e1a   0x08008e1a   0x0000000c   Data   RO           76    .rodata.str1.1      start_task.o
    0x08008e26   0x08008e26   0x00000011   Data   RO          616    .rodata.str1.1      motor.o
    0x08008e37   0x08008e37   0x00000005   Data   RO         2052    .rodata.str1.1      tasks.o
    0x08008e3c   0x08008e3c   0x0000000d   Data   RO         2114    .rodata.str1.1      timers.o
    0x08008e49   0x08008e49   0x00000003   PAD
    0x08008e4c   0x08008e4c   0x00000020   Data   RO         2905    Region$$Table       anon$$obj.o
    0x08008e6c   0x08008e6c   0x00000004   Data   RO           92    .init_array         led_task.o
    0x08008e70   0x08008e6c   0x00000004   Data   RO          130    .init_array         chassis_task.o
    0x08008e74   0x08008e6c   0x00000004   Data   RO          681    .init_array         judgement.o
    0x08008e78   0x08008e6c   0x00000000   Data   RO         2628    .init_array         mc_w.l(cpp_init.o)


    Execution Region RW_IRAM1 (Exec base: 0x20000000, Load base: 0x08008e78, Size: 0x0000e710, Max: 0x00020000, ABSOLUTE)

    Exec Addr    Load Addr    Size         Type   Attr      Idx    E Section Name        Object

    0x20000000   0x08008e78   0x00000004   Data   RW         2821    .data               mc_w.l(errno.o)
    0x20000004   0x08008e7c   0x00000004   Data   RW         2899    .data               mc_w.l(mvars.o)
    0x20000008   0x08008e80   0x00000004   Data   RW         2900    .data               mc_w.l(mvars.o)
    0x2000000c   0x08008e84   0x00000004   Data   RW         1762    .data.SystemCoreClock  system_stm32f4xx.o
    0x20000010   0x08008e88   0x00000002   Data   RW          553    .data._ZZN3Led9stateShowEhE1T  led.o
    0x20000012   0x08008e8a   0x0000000a   Data   RW           75    .data.creatResult   start_task.o
    0x2000001c   0x08008e94   0x0000000a   Data   RW          610    .data.motorCurrentLimitList  motor.o
    0x20000026   0x08008e9e   0x00000002   PAD
    0x20000028   0x08008ea0   0x00000004   Data   RW          122    .data.motorKp       chassis_task.o
    0x2000002c   0x08008ea4   0x0000000a   Data   RW          612    .data.motorMaxTempList  motor.o
    0x20000036   0x08008eae   0x0000000a   Data   RW          611    .data.motorSpeedLimitList  motor.o
    0x20000040   0x08008eb8   0x00000004   Data   RW          124    .data.steeringKi    chassis_task.o
    0x20000044   0x08008ebc   0x00000004   Data   RW          123    .data.steeringKp1   chassis_task.o
    0x20000048   0x08008ec0   0x00000004   Data   RW          125    .data.steeringKp2   chassis_task.o
    0x2000004c   0x08008ec4   0x00000010   Data   RW          126    .data.streeingZero  chassis_task.o
    0x2000005c   0x08008ed4   0x00000004   Data   RW         2183    .data.uxCriticalNesting  port.o
    0x20000060        -       0x00000004   Zero   RW          394    .bss.Can1           can.o
    0x20000064        -       0x00000014   Zero   RW          392    .bss.Can1RxMsg      can.o
    0x20000078        -       0x00000004   Zero   RW          395    .bss.Can2           can.o
    0x2000007c        -       0x00000014   Zero   RW          393    .bss.Can2RxMsg      can.o
    0x20000090        -       0x00000004   Zero   RW           74    .bss.ChassisTask_Handler  start_task.o
    0x20000094        -       0x00000004   Zero   RW           73    .bss.DbusTask_Handler  start_task.o
    0x20000098        -       0x00000008   Zero   RW          420    .bss.FreeRTOSRunTimeTicks  timer.o
    0x200000a0        -       0x00000001   Zero   RW           28    .bss.Init_OK        board.o
    0x200000a1   0x08008ed8   0x00000003   PAD
    0x200000a4        -       0x00000004   Zero   RW           90    .bss.LED_Queue      led_task.o
    0x200000a8        -       0x00000004   Zero   RW           71    .bss.LedTask_Handler  start_task.o
    0x200000ac        -       0x00000074   Zero   RW          526    .bss.RC             dbus.o
    0x20000120        -       0x00000048   Zero   RW          528    .bss.SBUS_rx_buf    dbus.o
    0x20000168        -       0x00000004   Zero   RW            4    .bss.StartTask_Handler  main.o
    0x2000016c        -       0x00000001   Zero   RW           61    .bss.SysTick_Handler.upTimeCnt  stm32f4xx_it.o
    0x2000016d        -       0x00000001   Zero   RW          615    .bss._ZL14timerInit_Flag  motor.o
    0x2000016e        -       0x00000002   Zero   RW          668    .bss._ZL16jgmtOfflineCheck  judgement.o
    0x20000170        -       0x00000004   Zero   RW          617    .bss._ZL17sendCanMsg_Handle  motor.o
    0x20000174        -       0x00000010   Zero   RW          613    .bss._ZN5Motor13DJI_MotorFlagE  motor.o
    0x20000184        -       0x00000040   Zero   RW          614    .bss._ZN5Motor7canBuffE  motor.o
    0x200001c4        -       0x00000002   Zero   RW          530    .bss._ZZ17USART2_IRQHandlerE16this_time_rx_len  dbus.o
    0x200001c6        -       0x00000001   Zero   RW          550    .bss._ZZN3Led9stateShowEhE10flash_flag  led.o
    0x200001c7   0x08008ed8   0x00000001   PAD
    0x200001c8        -       0x00000002   Zero   RW          551    .bss._ZZN3Led9stateShowEhE10state_last  led.o
    0x200001ca        -       0x00000002   Zero   RW          552    .bss._ZZN3Led9stateShowEhE11state_value  led.o
    0x200001cc        -       0x00000002   Zero   RW          549    .bss._ZZN3Led9stateShowEhE9flash_cnt  led.o
    0x200001ce   0x08008ed8   0x00000002   PAD
    0x200001d0        -       0x00000004   Zero   RW          128    .bss._ZZN7Chassis13judgeIfMovingEvE4time  chassis_task.o
    0x200001d4        -       0x00000004   Zero   RW         2677    .bss.__cxa_new_handler  libcppabi_w.l(cxa_handlers.cpp.o)
    0x200001d8        -       0x0000000c   Zero   RW           89    .bss.boardLed       led_task.o
    0x200001e4        -       0x00000128   Zero   RW          129    .bss.chassis        chassis_task.o
    0x2000030c        -       0x00000001   Zero   RW          127    .bss.deforceFlag    chassis_task.o
    0x2000030d   0x08008ed8   0x00000003   PAD
    0x20000310        -       0x00000004   Zero   RW           91    .bss.freeHeap       led_task.o
    0x20000314        -       0x0000034c   Zero   RW          667    .bss.judgement      judgement.o
    0x20000660        -       0x000000c0   Zero   RW          609    .bss.motorList      motor.o
    0x20000720        -       0x00000004   Zero   RW         2118    .bss.prvSampleTimeNow.xLastTime  timers.o
    0x20000724        -       0x00000004   Zero   RW         2038    .bss.pxCurrentTCB   tasks.o
    0x20000728        -       0x00000004   Zero   RW         2116    .bss.pxCurrentTimerList  timers.o
    0x2000072c        -       0x00000004   Zero   RW         2048    .bss.pxDelayedTaskList  tasks.o
    0x20000730        -       0x00000004   Zero   RW         2142    .bss.pxEnd          heap_4.o
    0x20000734        -       0x00000004   Zero   RW         2049    .bss.pxOverflowDelayedTaskList  tasks.o
    0x20000738        -       0x00000004   Zero   RW         2117    .bss.pxOverflowTimerList  timers.o
    0x2000073c        -       0x00000280   Zero   RW         2039    .bss.pxReadyTasksLists  tasks.o
    0x200009bc        -       0x0000001e   Zero   RW          531    .bss.sbus_decode_buffer  dbus.o
    0x200009da   0x08008ed8   0x00000002   PAD
    0x200009dc        -       0x00000004   Zero   RW           29    .bss.sysTickUptime  board.o
    0x200009e0        -       0x00000004   Zero   RW           30    .bss.sysTickUptimeUs  board.o
    0x200009e4        -       0x0000c800   Zero   RW         2147    .bss.ucHeap         heap_4.o
    0x2000d1e4        -       0x00000001   Zero   RW         2181    .bss.ucMaxSysCallPriority  port.o
    0x2000d1e5   0x08008ed8   0x00000003   PAD
    0x2000d1e8        -       0x00000004   Zero   RW         2182    .bss.ulMaxPRIGROUPValue  port.o
    0x2000d1ec        -       0x00000004   Zero   RW         2059    .bss.ulTaskSwitchedInTime  tasks.o
    0x2000d1f0        -       0x00000004   Zero   RW         2058    .bss.ulTotalRunTime  tasks.o
    0x2000d1f4        -       0x00000001   Zero   RW          529    .bss.useOriginHandle  dbus.o
    0x2000d1f5   0x08008ed8   0x00000003   PAD
    0x2000d1f8        -       0x00000004   Zero   RW         2044    .bss.uxCurrentNumberOfTasks  tasks.o
    0x2000d1fc        -       0x00000004   Zero   RW         2043    .bss.uxDeletedTasksWaitingCleanUp  tasks.o
    0x2000d200        -       0x00000004   Zero   RW         2056    .bss.uxPendedTicks  tasks.o
    0x2000d204        -       0x00000004   Zero   RW         2046    .bss.uxSchedulerSuspended  tasks.o
    0x2000d208        -       0x00000004   Zero   RW         2041    .bss.uxTaskNumber   tasks.o
    0x2000d20c        -       0x00000004   Zero   RW         2040    .bss.uxTopReadyPriority  tasks.o
    0x2000d210        -       0x00000014   Zero   RW         2119    .bss.xActiveTimerList1  timers.o
    0x2000d224        -       0x00000014   Zero   RW         2120    .bss.xActiveTimerList2  timers.o
    0x2000d238        -       0x00000004   Zero   RW         2143    .bss.xBlockAllocatedBit  heap_4.o
    0x2000d23c        -       0x00000014   Zero   RW         2060    .bss.xDelayedTaskList1  tasks.o
    0x2000d250        -       0x00000014   Zero   RW         2061    .bss.xDelayedTaskList2  tasks.o
    0x2000d264        -       0x00000004   Zero   RW         2144    .bss.xFreeBytesRemaining  heap_4.o
    0x2000d268        -       0x00000004   Zero   RW         2053    .bss.xIdleTaskHandle  tasks.o
    0x2000d26c        -       0x00000004   Zero   RW         2146    .bss.xMinimumEverFreeBytesRemaining  heap_4.o
    0x2000d270        -       0x00000004   Zero   RW         2054    .bss.xNextTaskUnblockTime  tasks.o
    0x2000d274        -       0x00000004   Zero   RW         2057    .bss.xNumOfOverflows  tasks.o
    0x2000d278        -       0x00000014   Zero   RW         2051    .bss.xPendingReadyList  tasks.o
    0x2000d28c        -       0x00000040   Zero   RW         1906    .bss.xQueueRegistry  queue.o
    0x2000d2cc        -       0x00000004   Zero   RW         2045    .bss.xSchedulerRunning  tasks.o
    0x2000d2d0        -       0x00000008   Zero   RW         2145    .bss.xStart         heap_4.o
    0x2000d2d8        -       0x00000014   Zero   RW         2050    .bss.xSuspendedTaskList  tasks.o
    0x2000d2ec        -       0x00000014   Zero   RW         2042    .bss.xTasksWaitingTermination  tasks.o
    0x2000d300        -       0x00000004   Zero   RW         2047    .bss.xTickCount     tasks.o
    0x2000d304        -       0x00000004   Zero   RW         2113    .bss.xTimerQueue    timers.o
    0x2000d308        -       0x00000004   Zero   RW         2115    .bss.xTimerTaskHandle  timers.o
    0x2000d30c        -       0x00000004   Zero   RW         2055    .bss.xYieldPending  tasks.o
    0x2000d310        -       0x00001000   Zero   RW         1771    HEAP                startup_stm32f40_41xxx.o
    0x2000e310        -       0x00000400   Zero   RW         1770    STACK               startup_stm32f40_41xxx.o


==============================================================================

Image component sizes


      Code (inc. data)   RO Data    RW Data    ZI Data      Debug   Object Name

       500          0          0          0          9      22889   board.o
      1218          0          0          0         48      24686   can.o
      1234          4          0          0          0      20140   can_calculate.o
      1746         16          4         32        301      29135   chassis_task.o
       100          4          0          0          0      17912   cycle.o
      1074          0          0          0        221      24791   dbus.o
      1050          0          0          0      51224       3122   heap_4.o
        64          0          0          0          0      17835   iwdg.o
       208          0          4          0        846      35103   judgement.o
       546          0          0          2          7      19882   led.o
       190          0          4          0         20      18833   led_task.o
       298          0          0          0          0       2082   list.o
        70          0          6          0          4      17951   main.o
       290          0          0          0          0       2909   misc.o
      2764         24         17         30        277      29464   motor.o
       244          0          0          0          0       4857   my_math.o
      1936         14          0          0          0      25682   pid.o
      1004         16          0          4          5       3265   port.o
      2950          0          0          0         64      13339   queue.o
       172          0         12         10         12      18367   start_task.o
        36          8        392          0       5120        868   startup_stm32f40_41xxx.o
      2624         64          0          0          0      21349   steeringwheel.o
      2358          0          0          0          0       9648   stm32f4xx_can.o
       508          0          0          0          0       5696   stm32f4xx_dma.o
       372          0          0          0          0       4489   stm32f4xx_gpio.o
       104          0          0          0          1       1241   stm32f4xx_it.o
       110          0          0          0          0       1576   stm32f4xx_iwdg.o
       544          0         16          0          0      10685   stm32f4xx_rcc.o
       498          0          0          0          0      19882   stm32f4xx_tim.o
       202          0          0          0          0       7229   stm32f4xx_usart.o
       426          0          0          4          0       3240   system_stm32f4xx.o
      4888          6          5          0        808      21935   tasks.o
       202          0          0          0          8      20546   timer.o
      1728         10         13          0         60       7804   timers.o

    ----------------------------------------------------------------------
     32454        166        508         84      59052     488432   Object Totals
         0          0         32          0          0          0   (incl. Generated)
       196          0          3          2         17          0   (incl. Padding)

    ----------------------------------------------------------------------

      Code (inc. data)   RO Data    RW Data    ZI Data      Debug   Library Member Name

        42          0          0          0          0        380   new.cpp.o
        12          0          0          0          4        148   cxa_handlers.cpp.o
       684         90          0          0          0        208   atan2f.o
       336         56          0          0          0        136   cosf.o
        38          0          0          0          0        116   fpclassifyf.o
        44         12          0          0          0        464   funder.o
       340         24         32          0          0        160   rredf.o
       400         56          0          0          0        212   sinf.o
        32          8          0          0          0         80   cpp_init.o
         0          0          0          0          0          0   entry.o
         0          0          0          0          0          0   entry10a.o
         0          0          0          0          0          0   entry11a.o
         8          4          0          0          0          0   entry2.o
         4          0          0          0          0          0   entry5.o
         0          0          0          0          0          0   entry7b.o
         4          0          0          0          0          0   entry8a.o
         0          0          0          0          0          0   entry8b.o
         8          4          0          0          0          0   entry9a.o
        12          6          0          4          0         68   errno.o
        30          0          0          0          0          0   handlers.o
        36          8          0          0          0         68   init.o
         0          0          0          0          0          0   iusefp.o
        30          0          0          0          0         68   llshl.o
        36          0          0          0          0         68   llsshr.o
        32          0          0          0          0         68   llushr.o
       166         18          0          0          0        156   malloca.o
        64          0          0          0          0         76   memmovea.o
        36          0          0          0          0        108   memseta.o
         0          0          0          8          0          0   mvars.o
        56          0          0          0          0         88   d2f.o
       334          0          0          0          0        148   dadd.o
       186          0          0          0          0        176   depilogue.o
        34          0          0          0          0         76   dflti.o
        40          0          0          0          0         80   dfltl.o
        26          0          0          0          0         76   dfltui.o
        24          0          0          0          0         76   dfltul.o
       228          0          0          0          0         96   dmul.o
        38          0          0          0          0         68   f2d.o
       110          0          0          0          0        168   fepilogue.o

    ----------------------------------------------------------------------
      3478        286         32         12          4       3636   Library Totals
         8          0          0          0          0          0   (incl. Padding)

    ----------------------------------------------------------------------

      Code (inc. data)   RO Data    RW Data    ZI Data      Debug   Library Name

        42          0          0          0          0        380   libcpp_w.l
        12          0          0          0          4        148   libcppabi_w.l
      1842        238         32          0          0       1296   m_wm.l
       498         48          0         12          0        760   mc_w.l
      1076          0          0          0          0       1052   mf_w.l

    ----------------------------------------------------------------------
      3478        286         32         12          4       3636   Library Totals

    ----------------------------------------------------------------------

==============================================================================


      Code (inc. data)   RO Data    RW Data    ZI Data      Debug   

     35932        452        540         96      59056     490056   Grand Totals
     35932        452        540         96      59056     490056   ELF Image Totals
     35932        452        540         96          0          0   ROM Totals

==============================================================================

    Total RO  Size (Code + RO Data)                36472 (  35.62kB)
    Total RW  Size (RW Data + ZI Data)             59152 (  57.77kB)
    Total ROM Size (Code + RO Data + RW Data)      36568 (  35.71kB)

==============================================================================

